

================================================================
== Vivado HLS Report for 'correlation_accel_v1'
================================================================
* Date:           Mon Oct 31 20:38:30 2016

* Version:        2014.4 (Build 1071461 on Tue Nov 18 16:42:57 PM 2014)
* Project:        correlation_accel_v1
* Solution:       solution
* Product family: zynq
* Target device:  xc7z020clg484-1


================================================================
== Performance Estimates
================================================================
+ Timing (ns): 
    * Summary: 
    +---------+-------+----------+------------+
    |  Clock  | Target| Estimated| Uncertainty|
    +---------+-------+----------+------------+
    |default  |   8.50|      9.65|        1.06|
    +---------+-------+----------+------------+

+ Latency (clock cycles): 
    * Summary: 
    +-----+-----+-----+-----+---------+
    |  Latency  |  Interval | Pipeline|
    | min | max | min | max |   Type  |
    +-----+-----+-----+-----+---------+
    |    ?|    ?|    ?|    ?|   none  |
    +-----+-----+-----+-----+---------+

    + Detail: 
        * Instance: 
        N/A

        * Loop: 
        +------------------------------------------------------------------------------+------+-------------+----------+-----------+-----------+----------------+----------+
        |                                                                              |       Latency      | Iteration|  Initiation Interval  |      Trip      |          |
        |                                   Loop Name                                  |  min |     max     |  Latency |  achieved |   target  |      Count     | Pipelined|
        +------------------------------------------------------------------------------+------+-------------+----------+-----------+-----------+----------------+----------+
        |- INIT_WEIGHT_ROM                                                             |  1250|         1250|         5|          -|          -|             250|    no    |
        |- COMP_SUM_OF_WEIGHT                                                          |     0|  17179869160|         8|          -|          -| 0 ~ 2147483645 |    no    |
        |- OUTER_LOOP                                                                  |     ?|            ?|         ?|          -|          -|               ?|    no    |
        | + memcpy.correlation_accel_v1(int, int, float*, float*)::bramA.in_indices    |     0|   1073741824|         3|          1|          1| 0 ~ 1073741823 |    yes   |
        | + INNER_LOOP                                                                 |     ?|            ?|         ?|          -|          -|               ?|    no    |
        |  ++ memcpy.correlation_accel_v1(int, int, float*, float*)::bramB.in_indices  |     0|   1073741824|         3|          1|          1| 0 ~ 1073741823 |    yes   |
        |  ++ ACCUMULATION_LOOP                                                        |     ?|            ?|        44|          1|          1|               ?|    yes   |
        |  ++ LAST_ACCUM_LOOP                                                          |    34|           34|        10|          5|          5|               6|    yes   |
        +------------------------------------------------------------------------------+------+-------------+----------+-----------+-----------+----------------+----------+



================================================================
== Utilization Estimates
================================================================
* Summary: 
+-----------------+---------+-------+--------+-------+
|       Name      | BRAM_18K| DSP48E|   FF   |  LUT  |
+-----------------+---------+-------+--------+-------+
|Expression       |        -|      -|       0|    840|
|FIFO             |        -|      -|       -|      -|
|Instance         |        -|     68|    8213|  12158|
|Memory           |        6|      -|     448|     21|
|Multiplexer      |        -|      -|       -|   2254|
|Register         |        -|      -|    2812|    151|
+-----------------+---------+-------+--------+-------+
|Total            |        6|     68|   11473|  15424|
+-----------------+---------+-------+--------+-------+
|Available        |      280|    220|  106400|  53200|
+-----------------+---------+-------+--------+-------+
|Utilization (%)  |        2|     30|      10|     28|
+-----------------+---------+-------+--------+-------+

+ Detail: 
    * Instance: 
    +----------------------------------------------------------+-------------------------------------------------------+---------+-------+------+------+
    |                         Instance                         |                         Module                        | BRAM_18K| DSP48E|  FF  |  LUT |
    +----------------------------------------------------------+-------------------------------------------------------+---------+-------+------+------+
    |correlation_accel_v1_fadd_32ns_32ns_32_5_full_dsp_U3      |correlation_accel_v1_fadd_32ns_32ns_32_5_full_dsp      |        0|      2|   205|   390|
    |correlation_accel_v1_fadd_32ns_32ns_32_5_full_dsp_U4      |correlation_accel_v1_fadd_32ns_32ns_32_5_full_dsp      |        0|      2|   205|   390|
    |correlation_accel_v1_fadd_32ns_32ns_32_5_full_dsp_U5      |correlation_accel_v1_fadd_32ns_32ns_32_5_full_dsp      |        0|      2|   205|   390|
    |correlation_accel_v1_fadd_32ns_32ns_32_5_full_dsp_U6      |correlation_accel_v1_fadd_32ns_32ns_32_5_full_dsp      |        0|      2|   205|   390|
    |correlation_accel_v1_fadd_32ns_32ns_32_5_full_dsp_U7      |correlation_accel_v1_fadd_32ns_32ns_32_5_full_dsp      |        0|      2|   205|   390|
    |correlation_accel_v1_faddfsub_32ns_32ns_32_5_full_dsp_U1  |correlation_accel_v1_faddfsub_32ns_32ns_32_5_full_dsp  |        0|      2|   205|   390|
    |correlation_accel_v1_faddfsub_32ns_32ns_32_5_full_dsp_U2  |correlation_accel_v1_faddfsub_32ns_32ns_32_5_full_dsp  |        0|      2|   205|   390|
    |correlation_accel_v1_fdiv_32ns_32ns_32_16_U16             |correlation_accel_v1_fdiv_32ns_32ns_32_16              |        0|      0|   761|   994|
    |correlation_accel_v1_fdiv_32ns_32ns_32_16_U17             |correlation_accel_v1_fdiv_32ns_32ns_32_16              |        0|      0|   761|   994|
    |correlation_accel_v1_flog_32ns_32ns_32_13_full_dsp_U21    |correlation_accel_v1_flog_32ns_32ns_32_13_full_dsp     |        0|     13|   485|   614|
    |correlation_accel_v1_flog_32ns_32ns_32_13_full_dsp_U22    |correlation_accel_v1_flog_32ns_32ns_32_13_full_dsp     |        0|     13|   485|   614|
    |correlation_accel_v1_fmul_32ns_32ns_32_4_max_dsp_U8       |correlation_accel_v1_fmul_32ns_32ns_32_4_max_dsp       |        0|      3|   143|   321|
    |correlation_accel_v1_fmul_32ns_32ns_32_4_max_dsp_U9       |correlation_accel_v1_fmul_32ns_32ns_32_4_max_dsp       |        0|      3|   143|   321|
    |correlation_accel_v1_fmul_32ns_32ns_32_4_max_dsp_U10      |correlation_accel_v1_fmul_32ns_32ns_32_4_max_dsp       |        0|      3|   143|   321|
    |correlation_accel_v1_fmul_32ns_32ns_32_4_max_dsp_U11      |correlation_accel_v1_fmul_32ns_32ns_32_4_max_dsp       |        0|      3|   143|   321|
    |correlation_accel_v1_fmul_32ns_32ns_32_4_max_dsp_U12      |correlation_accel_v1_fmul_32ns_32ns_32_4_max_dsp       |        0|      3|   143|   321|
    |correlation_accel_v1_fmul_32ns_32ns_32_4_max_dsp_U13      |correlation_accel_v1_fmul_32ns_32ns_32_4_max_dsp       |        0|      3|   143|   321|
    |correlation_accel_v1_fmul_32ns_32ns_32_4_max_dsp_U14      |correlation_accel_v1_fmul_32ns_32ns_32_4_max_dsp       |        0|      3|   143|   321|
    |correlation_accel_v1_fmul_32ns_32ns_32_4_max_dsp_U15      |correlation_accel_v1_fmul_32ns_32ns_32_4_max_dsp       |        0|      3|   143|   321|
    |correlation_accel_v1_fsqrt_32ns_32ns_32_16_U19            |correlation_accel_v1_fsqrt_32ns_32ns_32_16             |        0|      0|   516|   626|
    |correlation_accel_v1_fsqrt_32ns_32ns_32_16_U20            |correlation_accel_v1_fsqrt_32ns_32ns_32_16             |        0|      0|   516|   626|
    |correlation_accel_v1_gmem32_m_axi_U                       |correlation_accel_v1_gmem32_m_axi                      |        0|      0|   512|   580|
    |correlation_accel_v1_mul_32s_32s_32_6_U23                 |correlation_accel_v1_mul_32s_32s_32_6                  |        0|      4|     0|     0|
    |correlation_accel_v1_sitofp_32s_32_6_U18                  |correlation_accel_v1_sitofp_32s_32_6                   |        0|      0|   340|   554|
    |correlation_accel_v1_urem_31ns_4ns_31_35_U24              |correlation_accel_v1_urem_31ns_4ns_31_35               |        0|      0|  1258|  1258|
    +----------------------------------------------------------+-------------------------------------------------------+---------+-------+------+------+
    |Total                                                     |                                                       |        0|     68|  8213| 12158|
    +----------------------------------------------------------+-------------------------------------------------------+---------+-------+------+------+

    * Memory: 
    +------------------------------+----------------------------------+---------+----+----+------+-----+------+-------------+
    |            Memory            |              Module              | BRAM_18K| FF | LUT| Words| Bits| Banks| W*Bits*Banks|
    +------------------------------+----------------------------------+---------+----+----+------+-----+------+-------------+
    |acc_returnA_U                 |correlation_accel_v1_acc_returnA  |        0|  64|   3|     6|   32|     1|          192|
    |acc_returnB_U                 |correlation_accel_v1_acc_returnA  |        0|  64|   3|     6|   32|     1|          192|
    |acc_weight_returnSquareA_U    |correlation_accel_v1_acc_returnA  |        0|  64|   3|     6|   32|     1|          192|
    |acc_weight_returnA_U          |correlation_accel_v1_acc_returnA  |        0|  64|   3|     6|   32|     1|          192|
    |acc_weight_returnSquareB_U    |correlation_accel_v1_acc_returnA  |        0|  64|   3|     6|   32|     1|          192|
    |acc_weight_returnB_U          |correlation_accel_v1_acc_returnA  |        0|  64|   3|     6|   32|     1|          192|
    |acc_weight_returnA_returnB_U  |correlation_accel_v1_acc_returnA  |        0|  64|   3|     6|   32|     1|          192|
    |bramA_U                       |correlation_accel_v1_bramA        |        2|   0|   0|   252|   32|     1|         8064|
    |bramB_U                       |correlation_accel_v1_bramA        |        2|   0|   0|   252|   32|     1|         8064|
    |weight_rom_U                  |correlation_accel_v1_weight_rom   |        2|   0|   0|   252|   32|     1|         8064|
    +------------------------------+----------------------------------+---------+----+----+------+-----+------+-------------+
    |Total                         |                                  |        6| 448|  21|   798|  320|    10|        25536|
    +------------------------------+----------------------------------+---------+----+----+------+-----+------+-------------+

    * FIFO: 
    N/A

    * Expression: 
    +---------------------------------+----------+-------+---+----+------------+------------+
    |          Variable Name          | Operation| DSP48E| FF| LUT| Bitwidth P0| Bitwidth P1|
    +---------------------------------+----------+-------+---+----+------------+------------+
    |column_index_fu_1435_p2          |     +    |      0|  0|  32|          32|           1|
    |counter_2_fu_1429_p2             |     +    |      0|  0|  16|          32|          32|
    |i_1_fu_1547_p2                   |     +    |      0|  0|   3|           3|           1|
    |i_2_fu_1314_p2                   |     +    |      0|  0|   8|           8|           1|
    |i_3_fu_1334_p2                   |     +    |      0|  0|  31|          31|           1|
    |i_fu_1505_p2                     |     +    |      0|  0|  31|          31|           1|
    |indvar_next1_fu_1485_p2          |     +    |      0|  0|  30|          30|           1|
    |indvar_next_fu_1401_p2           |     +    |      0|  0|  30|          30|           1|
    |indvars_iv_next3_fu_1452_p2      |     +    |      0|  0|  32|          32|           2|
    |indvars_iv_next_fu_1446_p2       |     +    |      0|  0|  32|          32|           1|
    |next_mul_fu_1357_p2              |     +    |      0|  0|  32|          32|          32|
    |out_correlation4_sum_fu_1563_p2  |     +    |      0|  0|  33|          33|          33|
    |row_index_1_fu_1371_p2           |     +    |      0|  0|  31|          31|           1|
    |tmp_11_fu_1381_p2                |     +    |      0|  0|  33|          33|          33|
    |tmp_13_fu_1423_p2                |     +    |      0|  0|  16|          32|          32|
    |tmp_1_fu_1340_p2                 |     +    |      0|  0|  32|          32|           2|
    |tmp_56_fu_1578_p2                |     +    |      0|  0|  32|          32|           1|
    |tmp_63_fu_1465_p2                |     +    |      0|  0|  33|          33|          33|
    |tmp_fu_1345_p2                   |     +    |      0|  0|  32|          32|           2|
    |smax_fu_1417_p3                  |  Select  |      0|  0|  32|           1|          32|
    |ap_sig_bdd_362                   |    and   |      0|  0|   1|           1|           1|
    |ap_sig_bdd_385                   |    and   |      0|  0|   1|           1|           1|
    |exitcond2_fu_1480_p2             |   icmp   |      0|  0|  38|          30|          30|
    |exitcond4_fu_1396_p2             |   icmp   |      0|  0|  38|          30|          30|
    |exitcond_fu_1541_p2              |   icmp   |      0|  0|   3|           3|           3|
    |exitcond_i_fu_1303_p2            |   icmp   |      0|  0|   8|           8|           4|
    |tmp_14_fu_1500_p2                |   icmp   |      0|  0|  40|          32|          32|
    |tmp_4_fu_1366_p2                 |   icmp   |      0|  0|  40|          32|          32|
    |tmp_59_i_fu_1324_p2              |   icmp   |      0|  0|  40|          32|          32|
    |tmp_61_fu_1412_p2                |   icmp   |      0|  0|  40|          32|          32|
    |tmp_8_fu_1441_p2                 |   icmp   |      0|  0|  40|          32|          32|
    +---------------------------------+----------+-------+---+----+------------+------------+
    |Total                            |          |      0|  0| 840|         785|         472|
    +---------------------------------+----------+-------+---+----+------------+------------+

    * Multiplexer: 
    +----------------------------------------+-----+-----------+-----+-----------+
    |                  Name                  | LUT | Input Size| Bits| Total Bits|
    +----------------------------------------+-----+-----------+-----+-----------+
    |acc_returnA_address0                    |    3|          6|    3|         18|
    |acc_returnA_address1                    |    3|          5|    3|         15|
    |acc_returnA_d1                          |   32|          3|   32|         96|
    |acc_returnB_address0                    |    3|          6|    3|         18|
    |acc_returnB_address1                    |    3|          5|    3|         15|
    |acc_returnB_d1                          |   32|          3|   32|         96|
    |acc_weight_returnA_address0             |    3|          6|    3|         18|
    |acc_weight_returnA_address1             |    3|          5|    3|         15|
    |acc_weight_returnA_d1                   |   32|          3|   32|         96|
    |acc_weight_returnA_returnB_address0     |    3|          6|    3|         18|
    |acc_weight_returnA_returnB_address1     |    3|          5|    3|         15|
    |acc_weight_returnA_returnB_d1           |   32|          3|   32|         96|
    |acc_weight_returnB_address0             |    3|          6|    3|         18|
    |acc_weight_returnB_address1             |    3|          5|    3|         15|
    |acc_weight_returnB_d1                   |   32|          3|   32|         96|
    |acc_weight_returnSquareA_address0       |    3|          6|    3|         18|
    |acc_weight_returnSquareA_address1       |    3|          5|    3|         15|
    |acc_weight_returnSquareA_d1             |   32|          3|   32|         96|
    |acc_weight_returnSquareB_address0       |    3|          6|    3|         18|
    |acc_weight_returnSquareB_address1       |    3|          5|    3|         15|
    |acc_weight_returnSquareB_d1             |   32|          3|   32|         96|
    |ap_NS_fsm                               |  376|        147|    1|        147|
    |ap_reg_ppiten_pp0_it2                   |    1|          2|    1|          2|
    |ap_reg_ppiten_pp1_it2                   |    1|          2|    1|          2|
    |ap_reg_ppiten_pp2_it43                  |    1|          2|    1|          2|
    |ap_sig_ioackin_gmem32_ARREADY           |    1|          2|    1|          2|
    |ap_sig_ioackin_gmem32_AWREADY           |    1|          2|    1|          2|
    |ap_sig_ioackin_gmem32_WREADY            |    1|          2|    1|          2|
    |bramA_address0                          |    8|          3|    8|         24|
    |bramB_address0                          |    8|          3|    8|         24|
    |column_index_0_in_reg_884               |   32|          2|   32|         64|
    |counter_1_reg_893                       |   32|          2|   32|         64|
    |counter_reg_849                         |   32|          2|   32|         64|
    |gmem32_ARADDR                           |   32|          3|   32|         96|
    |grp_fu_1024_opcode                      |    2|          3|    2|          6|
    |grp_fu_1024_p0                          |   96|         12|   32|        384|
    |grp_fu_1024_p1                          |   64|         10|   32|        320|
    |grp_fu_1030_opcode                      |    2|          3|    2|          6|
    |grp_fu_1030_p0                          |   32|          7|   32|        224|
    |grp_fu_1030_p1                          |   32|          6|   32|        192|
    |grp_fu_1074_p0                          |   32|          6|   32|        192|
    |grp_fu_1074_p1                          |   32|          7|   32|        224|
    |grp_fu_1080_p0                          |   32|          4|   32|        128|
    |grp_fu_1080_p1                          |   32|          5|   32|        160|
    |grp_fu_1084_p0                          |   32|          4|   32|        128|
    |grp_fu_1084_p1                          |   32|          5|   32|        160|
    |grp_fu_1114_p0                          |   32|          5|   32|        160|
    |grp_fu_1114_p1                          |   32|          5|   32|        160|
    |grp_fu_1118_p0                          |   32|          4|   32|        128|
    |grp_fu_1118_p1                          |   32|          4|   32|        128|
    |i1_i_reg_803                            |   31|          2|   31|         62|
    |i1_phi_fu_920_p4                        |   31|          2|   31|         62|
    |i1_reg_916                              |   31|          2|   31|         62|
    |i2_phi_fu_1016_p4                       |    3|          2|    3|          6|
    |i2_reg_1012                             |    3|          2|    3|          6|
    |i_i_reg_791                             |    8|          2|    8|         16|
    |indvar1_phi_fu_908_p4                   |   30|          2|   30|         60|
    |indvar1_reg_904                         |   30|          2|   30|         60|
    |indvar_phi_fu_876_p4                    |   30|          2|   30|         60|
    |indvar_reg_872                          |   30|          2|   30|         60|
    |indvars_iv2_reg_814                     |   32|          2|   32|         64|
    |indvars_iv_reg_826                      |   32|          2|   32|         64|
    |phi_mul_reg_861                         |   32|          2|   32|         64|
    |reg_1157                                |   32|          2|   32|         64|
    |row_index_reg_838                       |   31|          2|   31|         62|
    |sum_returnA_phi_fu_932_p4               |   32|          2|   32|         64|
    |sum_returnA_reg_928                     |   32|          2|   32|         64|
    |sum_returnB_phi_fu_944_p4               |   32|          2|   32|         64|
    |sum_returnB_reg_940                     |   32|          2|   32|         64|
    |sum_weight_returnA_phi_fu_968_p4        |   32|          2|   32|         64|
    |sum_weight_returnA_reg_964              |   32|          2|   32|         64|
    |sum_weight_returnA_returnB_reg_1000     |   32|          2|   32|         64|
    |sum_weight_returnB_phi_fu_992_p4        |   32|          2|   32|         64|
    |sum_weight_returnB_reg_988              |   32|          2|   32|         64|
    |sum_weight_returnSquareA_phi_fu_956_p4  |   32|          2|   32|         64|
    |sum_weight_returnSquareA_reg_952        |   32|          2|   32|         64|
    |sum_weight_returnSquareB_phi_fu_980_p4  |   32|          2|   32|         64|
    |sum_weight_returnSquareB_reg_976        |   32|          2|   32|         64|
    |tmp_i_reg_779                           |   32|          2|   32|         64|
    |weight_rom_address0                     |    8|          4|    8|         32|
    |weight_rom_address1                     |    8|          4|    8|         32|
    |weight_rom_d0                           |   32|          3|   32|         96|
    |weight_rom_d1                           |   32|          3|   32|         96|
    +----------------------------------------+-----+-----------+-----+-----------+
    |Total                                   | 2254|        434| 1783|       6022|
    +----------------------------------------+-----+-----------+-----+-----------+

    * Register: 
    +-------------------------------------------+-----+----+-----+-----------+
    |                    Name                   |  FF | LUT| Bits| Const Bits|
    +-------------------------------------------+-----+----+-----+-----------+
    |acc_returnA_addr_1_reg_2030                |    3|   0|    3|          0|
    |acc_returnA_addr_3_reg_1771                |    0|   0|    3|          3|
    |acc_returnA_addr_4_reg_1806                |    0|   0|    3|          3|
    |acc_returnA_addr_5_reg_1841                |    0|   0|    3|          3|
    |acc_returnA_addr_6_reg_1701                |    0|   0|    3|          3|
    |acc_returnA_addr_7_reg_1736                |    0|   0|    3|          3|
    |acc_returnA_addr_reg_1666                  |    0|   0|    3|          3|
    |acc_returnB_addr_1_reg_2036                |    3|   0|    3|          0|
    |acc_returnB_addr_3_reg_1776                |    0|   0|    3|          3|
    |acc_returnB_addr_4_reg_1811                |    0|   0|    3|          3|
    |acc_returnB_addr_5_reg_1846                |    0|   0|    3|          3|
    |acc_returnB_addr_6_reg_1706                |    0|   0|    3|          3|
    |acc_returnB_addr_7_reg_1741                |    0|   0|    3|          3|
    |acc_returnB_addr_reg_1671                  |    0|   0|    3|          3|
    |acc_weight_returnA_addr_1_reg_2054         |    3|   0|    3|          0|
    |acc_weight_returnA_addr_3_reg_1786         |    0|   0|    3|          3|
    |acc_weight_returnA_addr_4_reg_1821         |    0|   0|    3|          3|
    |acc_weight_returnA_addr_5_reg_1856         |    0|   0|    3|          3|
    |acc_weight_returnA_addr_6_reg_1716         |    0|   0|    3|          3|
    |acc_weight_returnA_addr_7_reg_1751         |    0|   0|    3|          3|
    |acc_weight_returnA_addr_reg_1681           |    0|   0|    3|          3|
    |acc_weight_returnA_returnB_add_1_reg_1731  |    0|   0|    3|          3|
    |acc_weight_returnA_returnB_add_2_reg_1766  |    0|   0|    3|          3|
    |acc_weight_returnA_returnB_add_3_reg_1801  |    0|   0|    3|          3|
    |acc_weight_returnA_returnB_add_4_reg_1836  |    0|   0|    3|          3|
    |acc_weight_returnA_returnB_add_5_reg_1871  |    0|   0|    3|          3|
    |acc_weight_returnA_returnB_add_6_reg_2076  |    3|   0|    3|          0|
    |acc_weight_returnA_returnB_add_reg_1696    |    0|   0|    3|          3|
    |acc_weight_returnB_addr_1_reg_2065         |    3|   0|    3|          0|
    |acc_weight_returnB_addr_3_reg_1796         |    0|   0|    3|          3|
    |acc_weight_returnB_addr_4_reg_1831         |    0|   0|    3|          3|
    |acc_weight_returnB_addr_5_reg_1866         |    0|   0|    3|          3|
    |acc_weight_returnB_addr_6_reg_1726         |    0|   0|    3|          3|
    |acc_weight_returnB_addr_7_reg_1761         |    0|   0|    3|          3|
    |acc_weight_returnB_addr_reg_1691           |    0|   0|    3|          3|
    |acc_weight_returnSquareA_addr_1_reg_2042   |    3|   0|    3|          0|
    |acc_weight_returnSquareA_addr_3_reg_1781   |    0|   0|    3|          3|
    |acc_weight_returnSquareA_addr_4_reg_1816   |    0|   0|    3|          3|
    |acc_weight_returnSquareA_addr_5_reg_1851   |    0|   0|    3|          3|
    |acc_weight_returnSquareA_addr_6_reg_1711   |    0|   0|    3|          3|
    |acc_weight_returnSquareA_addr_7_reg_1746   |    0|   0|    3|          3|
    |acc_weight_returnSquareA_addr_reg_1676     |    0|   0|    3|          3|
    |acc_weight_returnSquareB_addr_1_reg_2048   |    3|   0|    3|          0|
    |acc_weight_returnSquareB_addr_3_reg_1791   |    0|   0|    3|          3|
    |acc_weight_returnSquareB_addr_4_reg_1826   |    0|   0|    3|          3|
    |acc_weight_returnSquareB_addr_5_reg_1861   |    0|   0|    3|          3|
    |acc_weight_returnSquareB_addr_6_reg_1721   |    0|   0|    3|          3|
    |acc_weight_returnSquareB_addr_7_reg_1756   |    0|   0|    3|          3|
    |acc_weight_returnSquareB_addr_reg_1686     |    0|   0|    3|          3|
    |ap_CS_fsm                                  |  146|   0|  146|          0|
    |ap_reg_ioackin_gmem32_ARREADY              |    1|   0|    1|          0|
    |ap_reg_ioackin_gmem32_AWREADY              |    1|   0|    1|          0|
    |ap_reg_ioackin_gmem32_WREADY               |    1|   0|    1|          0|
    |ap_reg_ppiten_pp0_it0                      |    1|   0|    1|          0|
    |ap_reg_ppiten_pp0_it1                      |    1|   0|    1|          0|
    |ap_reg_ppiten_pp0_it2                      |    1|   0|    1|          0|
    |ap_reg_ppiten_pp1_it0                      |    1|   0|    1|          0|
    |ap_reg_ppiten_pp1_it1                      |    1|   0|    1|          0|
    |ap_reg_ppiten_pp1_it2                      |    1|   0|    1|          0|
    |ap_reg_ppiten_pp2_it0                      |    1|   0|    1|          0|
    |ap_reg_ppiten_pp2_it1                      |    1|   0|    1|          0|
    |ap_reg_ppiten_pp2_it10                     |    1|   0|    1|          0|
    |ap_reg_ppiten_pp2_it11                     |    1|   0|    1|          0|
    |ap_reg_ppiten_pp2_it12                     |    1|   0|    1|          0|
    |ap_reg_ppiten_pp2_it13                     |    1|   0|    1|          0|
    |ap_reg_ppiten_pp2_it14                     |    1|   0|    1|          0|
    |ap_reg_ppiten_pp2_it15                     |    1|   0|    1|          0|
    |ap_reg_ppiten_pp2_it16                     |    1|   0|    1|          0|
    |ap_reg_ppiten_pp2_it17                     |    1|   0|    1|          0|
    |ap_reg_ppiten_pp2_it18                     |    1|   0|    1|          0|
    |ap_reg_ppiten_pp2_it19                     |    1|   0|    1|          0|
    |ap_reg_ppiten_pp2_it2                      |    1|   0|    1|          0|
    |ap_reg_ppiten_pp2_it20                     |    1|   0|    1|          0|
    |ap_reg_ppiten_pp2_it21                     |    1|   0|    1|          0|
    |ap_reg_ppiten_pp2_it22                     |    1|   0|    1|          0|
    |ap_reg_ppiten_pp2_it23                     |    1|   0|    1|          0|
    |ap_reg_ppiten_pp2_it24                     |    1|   0|    1|          0|
    |ap_reg_ppiten_pp2_it25                     |    1|   0|    1|          0|
    |ap_reg_ppiten_pp2_it26                     |    1|   0|    1|          0|
    |ap_reg_ppiten_pp2_it27                     |    1|   0|    1|          0|
    |ap_reg_ppiten_pp2_it28                     |    1|   0|    1|          0|
    |ap_reg_ppiten_pp2_it29                     |    1|   0|    1|          0|
    |ap_reg_ppiten_pp2_it3                      |    1|   0|    1|          0|
    |ap_reg_ppiten_pp2_it30                     |    1|   0|    1|          0|
    |ap_reg_ppiten_pp2_it31                     |    1|   0|    1|          0|
    |ap_reg_ppiten_pp2_it32                     |    1|   0|    1|          0|
    |ap_reg_ppiten_pp2_it33                     |    1|   0|    1|          0|
    |ap_reg_ppiten_pp2_it34                     |    1|   0|    1|          0|
    |ap_reg_ppiten_pp2_it35                     |    1|   0|    1|          0|
    |ap_reg_ppiten_pp2_it36                     |    1|   0|    1|          0|
    |ap_reg_ppiten_pp2_it37                     |    1|   0|    1|          0|
    |ap_reg_ppiten_pp2_it38                     |    1|   0|    1|          0|
    |ap_reg_ppiten_pp2_it39                     |    1|   0|    1|          0|
    |ap_reg_ppiten_pp2_it4                      |    1|   0|    1|          0|
    |ap_reg_ppiten_pp2_it40                     |    1|   0|    1|          0|
    |ap_reg_ppiten_pp2_it41                     |    1|   0|    1|          0|
    |ap_reg_ppiten_pp2_it42                     |    1|   0|    1|          0|
    |ap_reg_ppiten_pp2_it43                     |    1|   0|    1|          0|
    |ap_reg_ppiten_pp2_it5                      |    1|   0|    1|          0|
    |ap_reg_ppiten_pp2_it6                      |    1|   0|    1|          0|
    |ap_reg_ppiten_pp2_it7                      |    1|   0|    1|          0|
    |ap_reg_ppiten_pp2_it8                      |    1|   0|    1|          0|
    |ap_reg_ppiten_pp2_it9                      |    1|   0|    1|          0|
    |ap_reg_ppiten_pp3_it0                      |    1|   0|    1|          0|
    |ap_reg_ppiten_pp3_it1                      |    1|   0|    1|          0|
    |ap_reg_ppstg_exitcond2_reg_1949_pp1_it1    |    1|   0|    1|          0|
    |ap_reg_ppstg_exitcond4_reg_1900_pp0_it1    |    1|   0|    1|          0|
    |ap_reg_ppstg_exitcond_reg_2097_pp3_it1     |    1|   0|    1|          0|
    |ap_reg_ppstg_indvar1_reg_904_pp1_it1       |   30|   0|   30|          0|
    |ap_reg_ppstg_indvar_reg_872_pp0_it1        |   30|   0|   30|          0|
    |bramA_load_1_reg_1997                      |   32|   0|   32|          0|
    |bramA_load_reg_1992                        |   32|   0|   32|          0|
    |bramB_load_1_reg_2007                      |   32|   0|   32|          0|
    |bramB_load_reg_2002                        |   32|   0|   32|          0|
    |column_index_0_in_reg_884                  |   32|   0|   32|          0|
    |column_index_reg_1919                      |   32|   0|   32|          0|
    |counter_1_reg_893                          |   32|   0|   32|          0|
    |counter_2_reg_1914                         |   32|   0|   32|          0|
    |counter_reg_849                            |   32|   0|   32|          0|
    |exitcond2_reg_1949                         |    1|   0|    1|          0|
    |exitcond4_reg_1900                         |    1|   0|    1|          0|
    |exitcond_reg_2097                          |    1|   0|    1|          0|
    |gmem32_addr_1_reg_1943                     |   32|   0|   32|          0|
    |gmem32_addr_2_reg_2180                     |   32|   0|   32|          0|
    |gmem32_addr_reg_1894                       |   32|   0|   32|          0|
    |i1_i_reg_803                               |   31|   0|   31|          0|
    |i1_reg_916                                 |   31|   0|   31|          0|
    |i2_reg_1012                                |    3|   0|    3|          0|
    |i_1_reg_2101                               |    3|   0|    3|          0|
    |i_3_reg_1628                               |   31|   0|   31|          0|
    |i_i_reg_791                                |    8|   0|    8|          0|
    |i_reg_1962                                 |   31|   0|   31|          0|
    |indvar1_reg_904                            |   30|   0|   30|          0|
    |indvar_next1_reg_1953                      |   30|   0|   30|          0|
    |indvar_next_reg_1904                       |   30|   0|   30|          0|
    |indvar_reg_872                             |   30|   0|   30|          0|
    |indvars_iv2_reg_814                        |   32|   0|   32|          0|
    |indvars_iv_reg_826                         |   32|   0|   32|          0|
    |lnReturnA_reg_2012                         |   32|   0|   32|          0|
    |lnReturnB_reg_2021                         |   32|   0|   32|          0|
    |next_mul_reg_1876                          |   32|   0|   32|          0|
    |p_add_i32_shr_reg_1661                     |   30|   0|   32|          2|
    |phi_mul_reg_861                            |   32|   0|   32|          0|
    |reg_1147                                   |   32|   0|   32|          0|
    |reg_1157                                   |   32|   0|   32|          0|
    |reg_1170                                   |   32|   0|   32|          0|
    |reg_1176                                   |   32|   0|   32|          0|
    |reg_1182                                   |   32|   0|   32|          0|
    |reg_1192                                   |   32|   0|   32|          0|
    |reg_1202                                   |   32|   0|   32|          0|
    |reg_1209                                   |   32|   0|   32|          0|
    |reg_1215                                   |   32|   0|   32|          0|
    |reg_1221                                   |   32|   0|   32|          0|
    |reg_1227                                   |   32|   0|   32|          0|
    |reg_1233                                   |   32|   0|   32|          0|
    |reg_1239                                   |   32|   0|   32|          0|
    |reg_1245                                   |   32|   0|   32|          0|
    |reg_1251                                   |   32|   0|   32|          0|
    |reg_1257                                   |   32|   0|   32|          0|
    |reg_1264                                   |   32|   0|   32|          0|
    |reg_1269                                   |   32|   0|   32|          0|
    |row_index_1_reg_1889                       |   31|   0|   31|          0|
    |row_index_cast_reg_1881                    |   31|   0|   32|          1|
    |row_index_reg_838                          |   31|   0|   31|          0|
    |sum_returnA_reg_928                        |   32|   0|   32|          0|
    |sum_returnB_1_reg_2150                     |   32|   0|   32|          0|
    |sum_returnB_reg_940                        |   32|   0|   32|          0|
    |sum_weight_returnA_1_reg_2160              |   32|   0|   32|          0|
    |sum_weight_returnA_reg_964                 |   32|   0|   32|          0|
    |sum_weight_returnA_returnB_reg_1000        |   32|   0|   32|          0|
    |sum_weight_returnB_1_reg_2170              |   32|   0|   32|          0|
    |sum_weight_returnB_reg_988                 |   32|   0|   32|          0|
    |sum_weight_returnSquareA_1_reg_2155        |   32|   0|   32|          0|
    |sum_weight_returnSquareA_reg_952           |   32|   0|   32|          0|
    |sum_weight_returnSquareB_1_reg_2165        |   32|   0|   32|          0|
    |sum_weight_returnSquareB_reg_976           |   32|   0|   32|          0|
    |tmp_10_reg_1938                            |   32|   0|   32|          0|
    |tmp_14_reg_1958                            |    1|   0|    1|          0|
    |tmp_1_reg_1633                             |   32|   0|   32|          0|
    |tmp_24_reg_2082                            |   32|   0|   32|          0|
    |tmp_27_reg_2087                            |   32|   0|   32|          0|
    |tmp_2_reg_1649                             |   32|   0|   32|          0|
    |tmp_31_reg_2060                            |   32|   0|   32|          0|
    |tmp_33_reg_2071                            |   32|   0|   32|          0|
    |tmp_34_reg_2092                            |   32|   0|   32|          0|
    |tmp_50_reg_2190                            |   32|   0|   32|          0|
    |tmp_52_reg_2195                            |   32|   0|   32|          0|
    |tmp_56_reg_2185                            |   32|   0|   32|          0|
    |tmp_57_reg_2106                            |    3|   0|   64|         61|
    |tmp_61_cast_reg_1601                       |   30|   0|   33|          3|
    |tmp_61_reg_1909                            |    1|   0|    1|          0|
    |tmp_62_cast_reg_1606                       |   30|   0|   33|          3|
    |tmp_6_reg_1655                             |   30|   0|   30|          0|
    |tmp_i_reg_779                              |   32|   0|   32|          0|
    |tmp_reg_1644                               |   32|   0|   32|          0|
    |volatilityA_reg_2200                       |   32|   0|   32|          0|
    |volatilityB_reg_2205                       |   32|   0|   32|          0|
    |weight_rom_load_1_reg_1639                 |   32|   0|   32|          0|
    |acc_returnA_addr_1_reg_2030                |    0|   3|    3|          0|
    |acc_returnB_addr_1_reg_2036                |    0|   3|    3|          0|
    |acc_weight_returnA_addr_1_reg_2054         |    0|   3|    3|          0|
    |acc_weight_returnA_returnB_add_6_reg_2076  |    0|   3|    3|          0|
    |acc_weight_returnB_addr_1_reg_2065         |    0|   3|    3|          0|
    |acc_weight_returnSquareA_addr_1_reg_2042   |    0|   3|    3|          0|
    |acc_weight_returnSquareB_addr_1_reg_2048   |    0|   3|    3|          0|
    |lnReturnA_reg_2012                         |    0|  32|   32|          0|
    |lnReturnB_reg_2021                         |    0|  32|   32|          0|
    |reg_1157                                   |    0|  64|   32|          0|
    |tmp_14_reg_1958                            |    0|   2|    1|          0|
    +-------------------------------------------+-----+----+-----+-----------+
    |Total                                      | 2812| 151| 3126|        196|
    +-------------------------------------------+-----+----+-----+-----------+



================================================================
== Interface
================================================================
* Summary: 
+-----------------------+-----+-----+------------+----------------------+--------------+
|       RTL Ports       | Dir | Bits|  Protocol  |     Source Object    |    C Type    |
+-----------------------+-----+-----+------------+----------------------+--------------+
|ap_clk                 |  in |    1| ap_ctrl_hs | correlation_accel_v1 | return value |
|ap_rst_n               |  in |    1| ap_ctrl_hs | correlation_accel_v1 | return value |
|ap_start               |  in |    1| ap_ctrl_hs | correlation_accel_v1 | return value |
|ap_done                | out |    1| ap_ctrl_hs | correlation_accel_v1 | return value |
|ap_idle                | out |    1| ap_ctrl_hs | correlation_accel_v1 | return value |
|ap_ready               | out |    1| ap_ctrl_hs | correlation_accel_v1 | return value |
|ap_return              | out |   32| ap_ctrl_hs | correlation_accel_v1 | return value |
|m_axi_gmem32_AWVALID   | out |    1|    m_axi   |        gmem32        |    pointer   |
|m_axi_gmem32_AWREADY   |  in |    1|    m_axi   |        gmem32        |    pointer   |
|m_axi_gmem32_AWADDR    | out |   32|    m_axi   |        gmem32        |    pointer   |
|m_axi_gmem32_AWID      | out |    1|    m_axi   |        gmem32        |    pointer   |
|m_axi_gmem32_AWLEN     | out |    8|    m_axi   |        gmem32        |    pointer   |
|m_axi_gmem32_AWSIZE    | out |    3|    m_axi   |        gmem32        |    pointer   |
|m_axi_gmem32_AWBURST   | out |    2|    m_axi   |        gmem32        |    pointer   |
|m_axi_gmem32_AWLOCK    | out |    2|    m_axi   |        gmem32        |    pointer   |
|m_axi_gmem32_AWCACHE   | out |    4|    m_axi   |        gmem32        |    pointer   |
|m_axi_gmem32_AWPROT    | out |    3|    m_axi   |        gmem32        |    pointer   |
|m_axi_gmem32_AWQOS     | out |    4|    m_axi   |        gmem32        |    pointer   |
|m_axi_gmem32_AWREGION  | out |    4|    m_axi   |        gmem32        |    pointer   |
|m_axi_gmem32_AWUSER    | out |    1|    m_axi   |        gmem32        |    pointer   |
|m_axi_gmem32_WVALID    | out |    1|    m_axi   |        gmem32        |    pointer   |
|m_axi_gmem32_WREADY    |  in |    1|    m_axi   |        gmem32        |    pointer   |
|m_axi_gmem32_WDATA     | out |   32|    m_axi   |        gmem32        |    pointer   |
|m_axi_gmem32_WSTRB     | out |    4|    m_axi   |        gmem32        |    pointer   |
|m_axi_gmem32_WLAST     | out |    1|    m_axi   |        gmem32        |    pointer   |
|m_axi_gmem32_WID       | out |    1|    m_axi   |        gmem32        |    pointer   |
|m_axi_gmem32_WUSER     | out |    1|    m_axi   |        gmem32        |    pointer   |
|m_axi_gmem32_ARVALID   | out |    1|    m_axi   |        gmem32        |    pointer   |
|m_axi_gmem32_ARREADY   |  in |    1|    m_axi   |        gmem32        |    pointer   |
|m_axi_gmem32_ARADDR    | out |   32|    m_axi   |        gmem32        |    pointer   |
|m_axi_gmem32_ARID      | out |    1|    m_axi   |        gmem32        |    pointer   |
|m_axi_gmem32_ARLEN     | out |    8|    m_axi   |        gmem32        |    pointer   |
|m_axi_gmem32_ARSIZE    | out |    3|    m_axi   |        gmem32        |    pointer   |
|m_axi_gmem32_ARBURST   | out |    2|    m_axi   |        gmem32        |    pointer   |
|m_axi_gmem32_ARLOCK    | out |    2|    m_axi   |        gmem32        |    pointer   |
|m_axi_gmem32_ARCACHE   | out |    4|    m_axi   |        gmem32        |    pointer   |
|m_axi_gmem32_ARPROT    | out |    3|    m_axi   |        gmem32        |    pointer   |
|m_axi_gmem32_ARQOS     | out |    4|    m_axi   |        gmem32        |    pointer   |
|m_axi_gmem32_ARREGION  | out |    4|    m_axi   |        gmem32        |    pointer   |
|m_axi_gmem32_ARUSER    | out |    1|    m_axi   |        gmem32        |    pointer   |
|m_axi_gmem32_RVALID    |  in |    1|    m_axi   |        gmem32        |    pointer   |
|m_axi_gmem32_RREADY    | out |    1|    m_axi   |        gmem32        |    pointer   |
|m_axi_gmem32_RDATA     |  in |   32|    m_axi   |        gmem32        |    pointer   |
|m_axi_gmem32_RLAST     |  in |    1|    m_axi   |        gmem32        |    pointer   |
|m_axi_gmem32_RID       |  in |    1|    m_axi   |        gmem32        |    pointer   |
|m_axi_gmem32_RUSER     |  in |    1|    m_axi   |        gmem32        |    pointer   |
|m_axi_gmem32_RRESP     |  in |    2|    m_axi   |        gmem32        |    pointer   |
|m_axi_gmem32_BVALID    |  in |    1|    m_axi   |        gmem32        |    pointer   |
|m_axi_gmem32_BREADY    | out |    1|    m_axi   |        gmem32        |    pointer   |
|m_axi_gmem32_BRESP     |  in |    2|    m_axi   |        gmem32        |    pointer   |
|m_axi_gmem32_BID       |  in |    1|    m_axi   |        gmem32        |    pointer   |
|m_axi_gmem32_BUSER     |  in |    1|    m_axi   |        gmem32        |    pointer   |
|number_of_days         |  in |   32|   ap_none  |    number_of_days    |    scalar    |
|number_of_indices      |  in |   32|   ap_none  |   number_of_indices  |    scalar    |
|in_indices             |  in |   32|   ap_none  |      in_indices      |    scalar    |
|out_correlation        |  in |   32|   ap_none  |    out_correlation   |    scalar    |
+-----------------------+-----+-----+------------+----------------------+--------------+

