(c) Copyright 2012-2015 Xilinx, Inc. All Rights Reserved.
#-----------------------------------------------------------
# Tool version  : sds++ 2014.4 20150228
# Start time    : Mon Oct 31 04:12:10 PM CET 2016
# Command line  : sds++ -Wall -O3 -I../src -c -fmessage-length=0 -MTsrc/correlation_accel_v1.o -sds-hw correlation_accel_v1 correlation_accel_v1.cpp -sds-end -MMD -MP -MFsrc/correlation_accel_v1.d -MTsrc/correlation_accel_v1.d -o src/correlation_accel_v1.o ../src/correlation_accel_v1.cpp -sds-pf zed
# Log file      : /home/trungnguyen/SDSoC/workspace/correlation_ver1/correlation_ver1_linux/SDRelease/_sds/reports/sds_correlation_accel_v1.log
# Journal file  : /home/trungnguyen/SDSoC/workspace/correlation_ver1/correlation_ver1_linux/SDRelease/_sds/reports/sds_correlation_accel_v1.jou
# Report file   : /home/trungnguyen/SDSoC/workspace/correlation_ver1/correlation_ver1_linux/SDRelease/_sds/reports/sds_correlation_accel_v1.rpt
#-----------------------------------------------------------

High-Level Synthesis
--------------------

  Vivado HLS Report : /home/trungnguyen/SDSoC/workspace/correlation_ver1/correlation_ver1_linux/SDRelease/_sds/vhls/correlation_accel_v1/solution/syn/report/correlation_accel_v1_csynth.rpt



================================================================
== Performance Estimates
================================================================
+ Timing (ns): 
    * Summary: 
    +---------+-------+----------+------------+
    |  Clock  | Target| Estimated| Uncertainty|
    +---------+-------+----------+------------+
    |default  |   5.95|      6.34|        0.74|
    +---------+-------+----------+------------+

+ Latency (clock cycles): 
    * Summary: 
    +-----+-----+-----+-----+---------+
    |  Latency  |  Interval | Pipeline|
    | min | max | min | max |   Type  |
    +-----+-----+-----+-----+---------+
    |    ?|    ?|    ?|    ?|   none  |
    +-----+-----+-----+-----+---------+

    + Detail: 
        * Instance: 
        N/A

        * Loop: 
        +------------------------------------------------------------------------------+------+-------------+----------+-----------+-----------+----------------+----------+
        |                                                                              |       Latency      | Iteration|  Initiation Interval  |      Trip      |          |
        |                                   Loop Name                                  |  min |     max     |  Latency |  achieved |   target  |      Count     | Pipelined|
        +------------------------------------------------------------------------------+------+-------------+----------+-----------+-----------+----------------+----------+
        |- INIT_WEIGHT_ROM                                                             |  1500|         1500|         6|          -|          -|             250|    no    |
        |- COMP_SUM_OF_WEIGHT                                                          |     0|  25769803740|        12|          -|          -| 0 ~ 2147483645 |    no    |
        |- OUTER_LOOP                                                                  |     ?|            ?|         ?|          -|          -|               ?|    no    |
        | + memcpy.correlation_accel_v1(int, int, float*, float*)::bramA.in_indices    |     0|   1073741824|         3|          1|          1| 0 ~ 1073741823 |    yes   |
        | + INNER_LOOP                                                                 |     ?|            ?|         ?|          -|          -|               ?|    no    |
        |  ++ memcpy.correlation_accel_v1(int, int, float*, float*)::bramB.in_indices  |     0|   1073741824|         3|          1|          1| 0 ~ 1073741823 |    yes   |
        |  ++ ACCUMULATION_LOOP                                                        |     ?|            ?|        71|          2|          1|               ?|    yes   |
        |  ++ LAST_ACCUM_LOOP                                                          |    61|           61|        17|          9|          5|               6|    yes   |
        +------------------------------------------------------------------------------+------+-------------+----------+-----------+-----------+----------------+----------+



================================================================
== Utilization Estimates
================================================================
* Summary: 
+-----------------+---------+-------+--------+-------+
|       Name      | BRAM_18K| DSP48E|   FF   |  LUT  |
+-----------------+---------+-------+--------+-------+
|Expression       |        -|      -|       0|    672|
|FIFO             |        -|      -|       -|      -|
|Instance         |        -|     37|    9321|   9396|
|Memory           |        5|      -|     448|     21|
|Multiplexer      |        -|      -|       -|   2702|
|Register         |        -|      -|    2748|     55|
+-----------------+---------+-------+--------+-------+
|Total            |        5|     37|   12517|  12846|
+-----------------+---------+-------+--------+-------+
|Available        |      280|    220|  106400|  53200|
+-----------------+---------+-------+--------+-------+
|Utilization (%)  |        1|     16|      11|     24|
+-----------------+---------+-------+--------+-------+

+ Detail: 
    * Instance: 
    +----------------------------------------------------------+-------------------------------------------------------+---------+-------+------+------+
    |                         Instance                         |                         Module                        | BRAM_18K| DSP48E|  FF  |  LUT |
    +----------------------------------------------------------+-------------------------------------------------------+---------+-------+------+------+
    |correlation_accel_v1_fadd_32ns_32ns_32_9_full_dsp_U3      |correlation_accel_v1_fadd_32ns_32ns_32_9_full_dsp      |        0|      2|   324|   424|
    |correlation_accel_v1_fadd_32ns_32ns_32_9_full_dsp_U4      |correlation_accel_v1_fadd_32ns_32ns_32_9_full_dsp      |        0|      2|   324|   424|
    |correlation_accel_v1_faddfsub_32ns_32ns_32_9_full_dsp_U1  |correlation_accel_v1_faddfsub_32ns_32ns_32_9_full_dsp  |        0|      2|   324|   424|
    |correlation_accel_v1_faddfsub_32ns_32ns_32_9_full_dsp_U2  |correlation_accel_v1_faddfsub_32ns_32ns_32_9_full_dsp  |        0|      2|   324|   424|
    |correlation_accel_v1_fdiv_32ns_32ns_32_30_U9              |correlation_accel_v1_fdiv_32ns_32ns_32_30              |        0|      0|  1436|  1026|
    |correlation_accel_v1_fdiv_32ns_32ns_32_30_U10             |correlation_accel_v1_fdiv_32ns_32ns_32_30              |        0|      0|  1436|  1026|
    |correlation_accel_v1_flog_32ns_32ns_32_18_full_dsp_U14    |correlation_accel_v1_flog_32ns_32ns_32_18_full_dsp     |        0|     13|   677|   629|
    |correlation_accel_v1_fmul_32ns_32ns_32_5_max_dsp_U5       |correlation_accel_v1_fmul_32ns_32ns_32_5_max_dsp       |        0|      3|   151|   325|
    |correlation_accel_v1_fmul_32ns_32ns_32_5_max_dsp_U6       |correlation_accel_v1_fmul_32ns_32ns_32_5_max_dsp       |        0|      3|   151|   325|
    |correlation_accel_v1_fmul_32ns_32ns_32_5_max_dsp_U7       |correlation_accel_v1_fmul_32ns_32ns_32_5_max_dsp       |        0|      3|   151|   325|
    |correlation_accel_v1_fmul_32ns_32ns_32_5_max_dsp_U8       |correlation_accel_v1_fmul_32ns_32ns_32_5_max_dsp       |        0|      3|   151|   325|
    |correlation_accel_v1_fsqrt_32ns_32ns_32_28_U12            |correlation_accel_v1_fsqrt_32ns_32ns_32_28             |        0|      0|   832|   657|
    |correlation_accel_v1_fsqrt_32ns_32ns_32_28_U13            |correlation_accel_v1_fsqrt_32ns_32ns_32_28             |        0|      0|   832|   657|
    |correlation_accel_v1_gmem32_m_axi_U                       |correlation_accel_v1_gmem32_m_axi                      |        0|      0|   512|   580|
    |correlation_accel_v1_mul_32s_32s_32_7_U15                 |correlation_accel_v1_mul_32s_32s_32_7                  |        0|      4|     0|     0|
    |correlation_accel_v1_sitofp_32s_32_8_U11                  |correlation_accel_v1_sitofp_32s_32_8                   |        0|      0|   438|   567|
    |correlation_accel_v1_urem_31ns_4ns_31_35_U16              |correlation_accel_v1_urem_31ns_4ns_31_35               |        0|      0|  1258|  1258|
    +----------------------------------------------------------+-------------------------------------------------------+---------+-------+------+------+
    |Total                                                     |                                                       |        0|     37|  9321|  9396|
    +----------------------------------------------------------+-------------------------------------------------------+---------+-------+------+------+

    * Memory: 
    +------------------------------+----------------------------------+---------+----+----+------+-----+------+-------------+
    |            Memory            |              Module              | BRAM_18K| FF | LUT| Words| Bits| Banks| W*Bits*Banks|
    +------------------------------+----------------------------------+---------+----+----+------+-----+------+-------------+
    |acc_returnA_U                 |correlation_accel_v1_acc_returnA  |        0|  64|   3|     6|   32|     1|          192|
    |acc_weight_returnSquareA_U    |correlation_accel_v1_acc_returnA  |        0|  64|   3|     6|   32|     1|          192|
    |acc_weight_returnB_U          |correlation_accel_v1_acc_returnA  |        0|  64|   3|     6|   32|     1|          192|
    |acc_returnB_U                 |correlation_accel_v1_acc_returnB  |        0|  64|   3|     6|   32|     1|          192|
    |acc_weight_returnA_U          |correlation_accel_v1_acc_returnB  |        0|  64|   3|     6|   32|     1|          192|
    |acc_weight_returnSquareB_U    |correlation_accel_v1_acc_returnB  |        0|  64|   3|     6|   32|     1|          192|
    |acc_weight_returnA_returnB_U  |correlation_accel_v1_acc_returnB  |        0|  64|   3|     6|   32|     1|          192|
    |bramA_U                       |correlation_accel_v1_bramA        |        2|   0|   0|   252|   32|     1|         8064|
    |bramB_U                       |correlation_accel_v1_bramB        |        1|   0|   0|   252|   32|     1|         8064|
    |weight_rom_U                  |correlation_accel_v1_weight_rom   |        2|   0|   0|   252|   32|     1|         8064|
    +------------------------------+----------------------------------+---------+----+----+------+-----+------+-------------+
    |Total                         |                                  |        5| 448|  21|   798|  320|    10|        25536|
    +------------------------------+----------------------------------+---------+----+----+------+-----+------+-------------+

    * FIFO: 
    N/A

    * Expression: 
    +---------------------------------+----------+-------+---+----+------------+------------+
    |          Variable Name          | Operation| DSP48E| FF| LUT| Bitwidth P0| Bitwidth P1|
    +---------------------------------+----------+-------+---+----+------------+------------+
    |column_index_fu_1330_p2          |     +    |      0|  0|  32|          32|           1|
    |i_1_fu_1430_p2                   |     +    |      0|  0|   3|           3|           1|
    |i_2_fu_1232_p2                   |     +    |      0|  0|   8|           8|           1|
    |i_3_fu_1252_p2                   |     +    |      0|  0|  31|          31|           1|
    |i_fu_1390_p2                     |     +    |      0|  0|  31|          31|           1|
    |indvar_next9_fu_1370_p2          |     +    |      0|  0|  30|          30|           1|
    |indvar_next_fu_1319_p2           |     +    |      0|  0|  30|          30|           1|
    |next_mul_fu_1275_p2              |     +    |      0|  0|  32|          32|          32|
    |out_correlation4_sum_fu_1449_p2  |     +    |      0|  0|  33|          33|          33|
    |row_index_1_fu_1289_p2           |     +    |      0|  0|  31|          31|           1|
    |tmp_1_fu_1258_p2                 |     +    |      0|  0|  32|          32|           2|
    |tmp_53_fu_1299_p2                |     +    |      0|  0|  33|          33|          33|
    |tmp_54_fu_1464_p2                |     +    |      0|  0|  32|          32|           1|
    |tmp_61_fu_1350_p2                |     +    |      0|  0|  33|          33|          33|
    |tmp_fu_1263_p2                   |     +    |      0|  0|  32|          32|           2|
    |ap_sig_bdd_435                   |    and   |      0|  0|   1|           1|           1|
    |ap_sig_bdd_458                   |    and   |      0|  0|   1|           1|           1|
    |exitcond2_fu_1314_p2             |   icmp   |      0|  0|  38|          30|          30|
    |exitcond3_fu_1365_p2             |   icmp   |      0|  0|  38|          30|          30|
    |exitcond_fu_1424_p2              |   icmp   |      0|  0|   3|           3|           3|
    |exitcond_i_fu_1221_p2            |   icmp   |      0|  0|   8|           8|           4|
    |tmp_12_fu_1385_p2                |   icmp   |      0|  0|  40|          32|          32|
    |tmp_3_fu_1284_p2                 |   icmp   |      0|  0|  40|          32|          32|
    |tmp_57_i_fu_1242_p2              |   icmp   |      0|  0|  40|          32|          32|
    |tmp_8_fu_1336_p2                 |   icmp   |      0|  0|  40|          32|          32|
    +---------------------------------+----------+-------+---+----+------------+------------+
    |Total                            |          |      0|  0| 672|         624|         341|
    +---------------------------------+----------+-------+---+----+------------+------------+

    * Multiplexer: 
    +----------------------------------------+-----+-----------+-----+-----------+
    |                  Name                  | LUT | Input Size| Bits| Total Bits|
    +----------------------------------------+-----+-----------+-----+-----------+
    |acc_returnA_address0                    |    3|          6|    3|         18|
    |acc_returnA_address1                    |    3|          5|    3|         15|
    |acc_returnA_d1                          |   32|          3|   32|         96|
    |acc_returnB_address0                    |    3|          6|    3|         18|
    |acc_returnB_address1                    |    3|          5|    3|         15|
    |acc_returnB_d0                          |   32|          3|   32|         96|
    |acc_weight_returnA_address0             |    3|          6|    3|         18|
    |acc_weight_returnA_address1             |    3|          5|    3|         15|
    |acc_weight_returnA_d0                   |   32|          3|   32|         96|
    |acc_weight_returnA_returnB_address0     |    3|          6|    3|         18|
    |acc_weight_returnA_returnB_address1     |    3|          5|    3|         15|
    |acc_weight_returnA_returnB_d0           |   32|          3|   32|         96|
    |acc_weight_returnB_address0             |    3|          6|    3|         18|
    |acc_weight_returnB_address1             |    3|          5|    3|         15|
    |acc_weight_returnB_d1                   |   32|          3|   32|         96|
    |acc_weight_returnSquareA_address0       |    3|          6|    3|         18|
    |acc_weight_returnSquareA_address1       |    3|          5|    3|         15|
    |acc_weight_returnSquareA_d1             |   32|          3|   32|         96|
    |acc_weight_returnSquareB_address0       |    3|          6|    3|         18|
    |acc_weight_returnSquareB_address1       |    3|          5|    3|         15|
    |acc_weight_returnSquareB_d0             |   32|          3|   32|         96|
    |ap_NS_fsm                               |  568|        221|    1|        221|
    |ap_reg_ppiten_pp0_it2                   |    1|          2|    1|          2|
    |ap_reg_ppiten_pp1_it2                   |    1|          2|    1|          2|
    |ap_reg_ppiten_pp2_it35                  |    1|          2|    1|          2|
    |ap_sig_ioackin_gmem32_ARREADY           |    1|          2|    1|          2|
    |ap_sig_ioackin_gmem32_AWREADY           |    1|          2|    1|          2|
    |ap_sig_ioackin_gmem32_WREADY            |    1|          2|    1|          2|
    |bramA_address0                          |    8|          3|    8|         24|
    |bramB_address0                          |    8|          4|    8|         32|
    |column_index_0_in_reg_843               |   32|          2|   32|         64|
    |gmem32_ARADDR                           |   32|          3|   32|         96|
    |grp_fu_1002_p0                          |   32|          5|   32|        160|
    |grp_fu_1002_p1                          |   32|          6|   32|        192|
    |grp_fu_1006_p0                          |   32|          5|   32|        160|
    |grp_fu_1006_p1                          |   32|          6|   32|        192|
    |grp_fu_1010_p0                          |   32|          3|   32|         96|
    |grp_fu_1020_p0                          |   32|          6|   32|        192|
    |grp_fu_1020_p1                          |   32|          6|   32|        192|
    |grp_fu_1025_p0                          |   32|          3|   32|         96|
    |grp_fu_1025_p1                          |   32|          3|   32|         96|
    |grp_fu_1043_p1                          |   32|          3|   32|         96|
    |grp_fu_972_opcode                       |    2|          3|    2|          6|
    |grp_fu_972_p0                           |  160|         16|   32|        512|
    |grp_fu_972_p1                           |   96|         14|   32|        448|
    |grp_fu_976_opcode                       |    2|          3|    2|          6|
    |grp_fu_976_p0                           |   32|          5|   32|        160|
    |grp_fu_976_p1                           |   32|          3|   32|         96|
    |grp_fu_980_p0                           |   32|          3|   32|         96|
    |grp_fu_980_p1                           |   32|          3|   32|         96|
    |grp_fu_996_p0                           |   32|          7|   32|        224|
    |grp_fu_996_p1                           |   64|          8|   32|        256|
    |i1_i_reg_798                            |   31|          2|   31|         62|
    |i1_phi_fu_868_p4                        |   31|          2|   31|         62|
    |i1_reg_864                              |   31|          2|   31|         62|
    |i2_phi_fu_964_p4                        |    3|          2|    3|          6|
    |i2_reg_960                              |    3|          2|    3|          6|
    |i_i_reg_786                             |    8|          2|    8|         16|
    |indvar8_phi_fu_856_p4                   |   30|          2|   30|         60|
    |indvar8_reg_852                         |   30|          2|   30|         60|
    |indvar_phi_fu_835_p4                    |   30|          2|   30|         60|
    |indvar_reg_831                          |   30|          2|   30|         60|
    |phi_mul_reg_820                         |   32|          2|   32|         64|
    |reg_1058                                |   32|          2|   32|         64|
    |reg_1107                                |   32|          2|   32|         64|
    |reg_1120                                |   32|          2|   32|         64|
    |reg_1151                                |   32|          2|   32|         64|
    |reg_1158                                |   32|          2|   32|         64|
    |row_index_reg_809                       |   31|          2|   31|         62|
    |sum_returnA_phi_fu_880_p4               |   32|          2|   32|         64|
    |sum_returnA_reg_876                     |   32|          2|   32|         64|
    |sum_returnB_phi_fu_892_p4               |   32|          2|   32|         64|
    |sum_returnB_reg_888                     |   32|          2|   32|         64|
    |sum_weight_returnA_phi_fu_916_p4        |   32|          2|   32|         64|
    |sum_weight_returnA_reg_912              |   32|          2|   32|         64|
    |sum_weight_returnA_returnB_reg_948      |   32|          2|   32|         64|
    |sum_weight_returnB_phi_fu_940_p4        |   32|          2|   32|         64|
    |sum_weight_returnB_reg_936              |   32|          2|   32|         64|
    |sum_weight_returnSquareA_phi_fu_904_p4  |   32|          2|   32|         64|
    |sum_weight_returnSquareA_reg_900        |   32|          2|   32|         64|
    |sum_weight_returnSquareB_phi_fu_928_p4  |   32|          2|   32|         64|
    |sum_weight_returnSquareB_reg_924        |   32|          2|   32|         64|
    |tmp_i_reg_774                           |   32|          2|   32|         64|
    |weight_rom_address0                     |    8|          4|    8|         32|
    |weight_rom_address1                     |    8|          4|    8|         32|
    |weight_rom_d0                           |   32|          3|   32|         96|
    |weight_rom_d1                           |   32|          3|   32|         96|
    +----------------------------------------+-----+-----------+-----+-----------+
    |Total                                   | 2702|        530| 1911|       6776|
    +----------------------------------------+-----+-----------+-----+-----------+

    * Register: 
    +-------------------------------------------+-----+----+-----+-----------+
    |                    Name                   |  FF | LUT| Bits| Const Bits|
    +-------------------------------------------+-----+----+-----+-----------+
    |acc_returnA_addr_1_reg_1883                |    3|   0|    3|          0|
    |acc_returnA_addr_3_reg_1661                |    0|   0|    3|          3|
    |acc_returnA_addr_4_reg_1696                |    0|   0|    3|          3|
    |acc_returnA_addr_5_reg_1731                |    0|   0|    3|          3|
    |acc_returnA_addr_6_reg_1591                |    0|   0|    3|          3|
    |acc_returnA_addr_7_reg_1626                |    0|   0|    3|          3|
    |acc_returnA_addr_reg_1556                  |    0|   0|    3|          3|
    |acc_returnB_addr_1_reg_1889                |    3|   0|    3|          0|
    |acc_returnB_addr_3_reg_1666                |    0|   0|    3|          3|
    |acc_returnB_addr_4_reg_1701                |    0|   0|    3|          3|
    |acc_returnB_addr_5_reg_1736                |    0|   0|    3|          3|
    |acc_returnB_addr_6_reg_1596                |    0|   0|    3|          3|
    |acc_returnB_addr_7_reg_1631                |    0|   0|    3|          3|
    |acc_returnB_addr_reg_1561                  |    0|   0|    3|          3|
    |acc_weight_returnA_addr_1_reg_1907         |    3|   0|    3|          0|
    |acc_weight_returnA_addr_3_reg_1676         |    0|   0|    3|          3|
    |acc_weight_returnA_addr_4_reg_1711         |    0|   0|    3|          3|
    |acc_weight_returnA_addr_5_reg_1746         |    0|   0|    3|          3|
    |acc_weight_returnA_addr_6_reg_1606         |    0|   0|    3|          3|
    |acc_weight_returnA_addr_7_reg_1641         |    0|   0|    3|          3|
    |acc_weight_returnA_addr_reg_1571           |    0|   0|    3|          3|
    |acc_weight_returnA_returnB_add_1_reg_1621  |    0|   0|    3|          3|
    |acc_weight_returnA_returnB_add_2_reg_1656  |    0|   0|    3|          3|
    |acc_weight_returnA_returnB_add_3_reg_1691  |    0|   0|    3|          3|
    |acc_weight_returnA_returnB_add_4_reg_1726  |    0|   0|    3|          3|
    |acc_weight_returnA_returnB_add_5_reg_1761  |    0|   0|    3|          3|
    |acc_weight_returnA_returnB_add_6_reg_1919  |    3|   0|    3|          0|
    |acc_weight_returnA_returnB_add_reg_1586    |    0|   0|    3|          3|
    |acc_weight_returnB_addr_1_reg_1913         |    3|   0|    3|          0|
    |acc_weight_returnB_addr_3_reg_1686         |    0|   0|    3|          3|
    |acc_weight_returnB_addr_4_reg_1721         |    0|   0|    3|          3|
    |acc_weight_returnB_addr_5_reg_1756         |    0|   0|    3|          3|
    |acc_weight_returnB_addr_6_reg_1616         |    0|   0|    3|          3|
    |acc_weight_returnB_addr_7_reg_1651         |    0|   0|    3|          3|
    |acc_weight_returnB_addr_reg_1581           |    0|   0|    3|          3|
    |acc_weight_returnSquareA_addr_1_reg_1895   |    3|   0|    3|          0|
    |acc_weight_returnSquareA_addr_3_reg_1671   |    0|   0|    3|          3|
    |acc_weight_returnSquareA_addr_4_reg_1706   |    0|   0|    3|          3|
    |acc_weight_returnSquareA_addr_5_reg_1741   |    0|   0|    3|          3|
    |acc_weight_returnSquareA_addr_6_reg_1601   |    0|   0|    3|          3|
    |acc_weight_returnSquareA_addr_7_reg_1636   |    0|   0|    3|          3|
    |acc_weight_returnSquareA_addr_reg_1566     |    0|   0|    3|          3|
    |acc_weight_returnSquareB_addr_1_reg_1901   |    3|   0|    3|          0|
    |acc_weight_returnSquareB_addr_3_reg_1681   |    0|   0|    3|          3|
    |acc_weight_returnSquareB_addr_4_reg_1716   |    0|   0|    3|          3|
    |acc_weight_returnSquareB_addr_5_reg_1751   |    0|   0|    3|          3|
    |acc_weight_returnSquareB_addr_6_reg_1611   |    0|   0|    3|          3|
    |acc_weight_returnSquareB_addr_7_reg_1646   |    0|   0|    3|          3|
    |acc_weight_returnSquareB_addr_reg_1576     |    0|   0|    3|          3|
    |ap_CS_fsm                                  |  220|   0|  220|          0|
    |ap_reg_ioackin_gmem32_ARREADY              |    1|   0|    1|          0|
    |ap_reg_ioackin_gmem32_AWREADY              |    1|   0|    1|          0|
    |ap_reg_ioackin_gmem32_WREADY               |    1|   0|    1|          0|
    |ap_reg_ppiten_pp0_it0                      |    1|   0|    1|          0|
    |ap_reg_ppiten_pp0_it1                      |    1|   0|    1|          0|
    |ap_reg_ppiten_pp0_it2                      |    1|   0|    1|          0|
    |ap_reg_ppiten_pp1_it0                      |    1|   0|    1|          0|
    |ap_reg_ppiten_pp1_it1                      |    1|   0|    1|          0|
    |ap_reg_ppiten_pp1_it2                      |    1|   0|    1|          0|
    |ap_reg_ppiten_pp2_it0                      |    1|   0|    1|          0|
    |ap_reg_ppiten_pp2_it1                      |    1|   0|    1|          0|
    |ap_reg_ppiten_pp2_it10                     |    1|   0|    1|          0|
    |ap_reg_ppiten_pp2_it11                     |    1|   0|    1|          0|
    |ap_reg_ppiten_pp2_it12                     |    1|   0|    1|          0|
    |ap_reg_ppiten_pp2_it13                     |    1|   0|    1|          0|
    |ap_reg_ppiten_pp2_it14                     |    1|   0|    1|          0|
    |ap_reg_ppiten_pp2_it15                     |    1|   0|    1|          0|
    |ap_reg_ppiten_pp2_it16                     |    1|   0|    1|          0|
    |ap_reg_ppiten_pp2_it17                     |    1|   0|    1|          0|
    |ap_reg_ppiten_pp2_it18                     |    1|   0|    1|          0|
    |ap_reg_ppiten_pp2_it19                     |    1|   0|    1|          0|
    |ap_reg_ppiten_pp2_it2                      |    1|   0|    1|          0|
    |ap_reg_ppiten_pp2_it20                     |    1|   0|    1|          0|
    |ap_reg_ppiten_pp2_it21                     |    1|   0|    1|          0|
    |ap_reg_ppiten_pp2_it22                     |    1|   0|    1|          0|
    |ap_reg_ppiten_pp2_it23                     |    1|   0|    1|          0|
    |ap_reg_ppiten_pp2_it24                     |    1|   0|    1|          0|
    |ap_reg_ppiten_pp2_it25                     |    1|   0|    1|          0|
    |ap_reg_ppiten_pp2_it26                     |    1|   0|    1|          0|
    |ap_reg_ppiten_pp2_it27                     |    1|   0|    1|          0|
    |ap_reg_ppiten_pp2_it28                     |    1|   0|    1|          0|
    |ap_reg_ppiten_pp2_it29                     |    1|   0|    1|          0|
    |ap_reg_ppiten_pp2_it3                      |    1|   0|    1|          0|
    |ap_reg_ppiten_pp2_it30                     |    1|   0|    1|          0|
    |ap_reg_ppiten_pp2_it31                     |    1|   0|    1|          0|
    |ap_reg_ppiten_pp2_it32                     |    1|   0|    1|          0|
    |ap_reg_ppiten_pp2_it33                     |    1|   0|    1|          0|
    |ap_reg_ppiten_pp2_it34                     |    1|   0|    1|          0|
    |ap_reg_ppiten_pp2_it35                     |    1|   0|    1|          0|
    |ap_reg_ppiten_pp2_it4                      |    1|   0|    1|          0|
    |ap_reg_ppiten_pp2_it5                      |    1|   0|    1|          0|
    |ap_reg_ppiten_pp2_it6                      |    1|   0|    1|          0|
    |ap_reg_ppiten_pp2_it7                      |    1|   0|    1|          0|
    |ap_reg_ppiten_pp2_it8                      |    1|   0|    1|          0|
    |ap_reg_ppiten_pp2_it9                      |    1|   0|    1|          0|
    |ap_reg_ppiten_pp3_it0                      |    1|   0|    1|          0|
    |ap_reg_ppiten_pp3_it1                      |    1|   0|    1|          0|
    |ap_reg_ppstg_exitcond2_reg_1790_pp0_it1    |    1|   0|    1|          0|
    |ap_reg_ppstg_exitcond3_reg_1814_pp1_it1    |    1|   0|    1|          0|
    |ap_reg_ppstg_exitcond_reg_1968_pp3_it1     |    1|   0|    1|          0|
    |ap_reg_ppstg_indvar8_reg_852_pp1_it1       |   30|   0|   30|          0|
    |ap_reg_ppstg_indvar_reg_831_pp0_it1        |   30|   0|   30|          0|
    |bramA_load_1_reg_1858                      |   32|   0|   32|          0|
    |bramA_load_reg_1853                        |   32|   0|   32|          0|
    |bramB_load_1_reg_1878                      |   32|   0|   32|          0|
    |bramB_load_reg_1863                        |   32|   0|   32|          0|
    |column_index_0_in_reg_843                  |   32|   0|   32|          0|
    |column_index_reg_1799                      |   32|   0|   32|          0|
    |counter                                    |   32|   0|   32|          0|
    |exitcond2_reg_1790                         |    1|   0|    1|          0|
    |exitcond3_reg_1814                         |    1|   0|    1|          0|
    |exitcond_reg_1968                          |    1|   0|    1|          0|
    |gmem32_addr_1_reg_1808                     |   32|   0|   32|          0|
    |gmem32_addr_2_reg_2067                     |   32|   0|   32|          0|
    |gmem32_addr_reg_1784                       |   32|   0|   32|          0|
    |i1_i_reg_798                               |   31|   0|   31|          0|
    |i1_reg_864                                 |   31|   0|   31|          0|
    |i2_reg_960                                 |    3|   0|    3|          0|
    |i_1_reg_1972                               |    3|   0|    3|          0|
    |i_3_reg_1518                               |   31|   0|   31|          0|
    |i_i_reg_786                                |    8|   0|    8|          0|
    |i_reg_1827                                 |   31|   0|   31|          0|
    |indvar8_reg_852                            |   30|   0|   30|          0|
    |indvar_next9_reg_1818                      |   30|   0|   30|          0|
    |indvar_next_reg_1794                       |   30|   0|   30|          0|
    |indvar_reg_831                             |   30|   0|   30|          0|
    |lnReturnA_reg_1925                         |   32|   0|   32|          0|
    |lnReturnB_reg_1934                         |   32|   0|   32|          0|
    |next_mul_reg_1766                          |   32|   0|   32|          0|
    |p_add_i32_shr_reg_1551                     |   30|   0|   32|          2|
    |phi_mul_reg_820                            |   32|   0|   32|          0|
    |reg_1048                                   |   32|   0|   32|          0|
    |reg_1058                                   |   32|   0|   32|          0|
    |reg_1069                                   |   32|   0|   32|          0|
    |reg_1079                                   |   32|   0|   32|          0|
    |reg_1085                                   |   32|   0|   32|          0|
    |reg_1095                                   |   32|   0|   32|          0|
    |reg_1101                                   |   32|   0|   32|          0|
    |reg_1107                                   |   32|   0|   32|          0|
    |reg_1114                                   |   32|   0|   32|          0|
    |reg_1120                                   |   32|   0|   32|          0|
    |reg_1127                                   |   32|   0|   32|          0|
    |reg_1133                                   |   32|   0|   32|          0|
    |reg_1139                                   |   32|   0|   32|          0|
    |reg_1145                                   |   32|   0|   32|          0|
    |reg_1151                                   |   32|   0|   32|          0|
    |reg_1158                                   |   32|   0|   32|          0|
    |reg_1165                                   |   32|   0|   32|          0|
    |reg_1173                                   |   32|   0|   32|          0|
    |reg_1179                                   |   32|   0|   32|          0|
    |reg_1188                                   |   32|   0|   32|          0|
    |row_index_1_reg_1779                       |   31|   0|   31|          0|
    |row_index_cast_reg_1771                    |   31|   0|   32|          1|
    |row_index_reg_809                          |   31|   0|   31|          0|
    |sum_returnA_1_reg_2022                     |   32|   0|   32|          0|
    |sum_returnA_reg_876                        |   32|   0|   32|          0|
    |sum_returnB_1_reg_2027                     |   32|   0|   32|          0|
    |sum_returnB_reg_888                        |   32|   0|   32|          0|
    |sum_weight_returnA_1_reg_2037              |   32|   0|   32|          0|
    |sum_weight_returnA_reg_912                 |   32|   0|   32|          0|
    |sum_weight_returnA_returnB_reg_948         |   32|   0|   32|          0|
    |sum_weight_returnB_1_reg_2047              |   32|   0|   32|          0|
    |sum_weight_returnB_reg_936                 |   32|   0|   32|          0|
    |sum_weight_returnSquareA_1_reg_2032        |   32|   0|   32|          0|
    |sum_weight_returnSquareA_reg_900           |   32|   0|   32|          0|
    |sum_weight_returnSquareB_1_reg_2042        |   32|   0|   32|          0|
    |sum_weight_returnSquareB_reg_924           |   32|   0|   32|          0|
    |tmp_12_reg_1823                            |    1|   0|    1|          0|
    |tmp_14_reg_1837                            |   31|   0|   64|         33|
    |tmp_1_reg_1523                             |   32|   0|   32|          0|
    |tmp_22_reg_1953                            |   32|   0|   32|          0|
    |tmp_24_reg_1943                            |   32|   0|   32|          0|
    |tmp_29_reg_1948                            |   32|   0|   32|          0|
    |tmp_2_reg_1539                             |   32|   0|   32|          0|
    |tmp_32_reg_1958                            |   32|   0|   32|          0|
    |tmp_33_reg_1963                            |   32|   0|   32|          0|
    |tmp_55_reg_1977                            |    3|   0|   64|         61|
    |tmp_59_cast_reg_1491                       |   30|   0|   33|          3|
    |tmp_60_cast_reg_1496                       |   30|   0|   33|          3|
    |tmp_6_reg_1545                             |   30|   0|   30|          0|
    |tmp_i_reg_774                              |   32|   0|   32|          0|
    |tmp_reg_1534                               |   32|   0|   32|          0|
    |volatilityA_reg_2057                       |   32|   0|   32|          0|
    |volatilityB_reg_2062                       |   32|   0|   32|          0|
    |weight_rom_load_1_reg_1529                 |   32|   0|   32|          0|
    |acc_returnA_addr_1_reg_1883                |    0|   3|    3|          0|
    |acc_returnB_addr_1_reg_1889                |    0|   3|    3|          0|
    |acc_weight_returnA_addr_1_reg_1907         |    0|   3|    3|          0|
    |acc_weight_returnA_returnB_add_6_reg_1919  |    0|   3|    3|          0|
    |acc_weight_returnB_addr_1_reg_1913         |    0|   3|    3|          0|
    |acc_weight_returnSquareA_addr_1_reg_1895   |    0|   3|    3|          0|
    |acc_weight_returnSquareB_addr_1_reg_1901   |    0|   3|    3|          0|
    |reg_1058                                   |    0|  32|   32|          0|
    |tmp_12_reg_1823                            |    0|   2|    1|          0|
    +-------------------------------------------+-----+----+-----+-----------+
    |Total                                      | 2748|  55| 3031|        229|
    +-------------------------------------------+-----+----+-----+-----------+



================================================================
== Interface
================================================================
* Summary: 
+-----------------------+-----+-----+------------+----------------------+--------------+
|       RTL Ports       | Dir | Bits|  Protocol  |     Source Object    |    C Type    |
+-----------------------+-----+-----+------------+----------------------+--------------+
|ap_clk                 |  in |    1| ap_ctrl_hs | correlation_accel_v1 | return value |
|ap_rst_n               |  in |    1| ap_ctrl_hs | correlation_accel_v1 | return value |
|ap_start               |  in |    1| ap_ctrl_hs | correlation_accel_v1 | return value |
|ap_done                | out |    1| ap_ctrl_hs | correlation_accel_v1 | return value |
|ap_idle                | out |    1| ap_ctrl_hs | correlation_accel_v1 | return value |
|ap_ready               | out |    1| ap_ctrl_hs | correlation_accel_v1 | return value |
|ap_return              | out |   32| ap_ctrl_hs | correlation_accel_v1 | return value |
|m_axi_gmem32_AWVALID   | out |    1|    m_axi   |        gmem32        |    pointer   |
|m_axi_gmem32_AWREADY   |  in |    1|    m_axi   |        gmem32        |    pointer   |
|m_axi_gmem32_AWADDR    | out |   32|    m_axi   |        gmem32        |    pointer   |
|m_axi_gmem32_AWID      | out |    1|    m_axi   |        gmem32        |    pointer   |
|m_axi_gmem32_AWLEN     | out |    8|    m_axi   |        gmem32        |    pointer   |
|m_axi_gmem32_AWSIZE    | out |    3|    m_axi   |        gmem32        |    pointer   |
|m_axi_gmem32_AWBURST   | out |    2|    m_axi   |        gmem32        |    pointer   |
|m_axi_gmem32_AWLOCK    | out |    2|    m_axi   |        gmem32        |    pointer   |
|m_axi_gmem32_AWCACHE   | out |    4|    m_axi   |        gmem32        |    pointer   |
|m_axi_gmem32_AWPROT    | out |    3|    m_axi   |        gmem32        |    pointer   |
|m_axi_gmem32_AWQOS     | out |    4|    m_axi   |        gmem32        |    pointer   |
|m_axi_gmem32_AWREGION  | out |    4|    m_axi   |        gmem32        |    pointer   |
|m_axi_gmem32_AWUSER    | out |    1|    m_axi   |        gmem32        |    pointer   |
|m_axi_gmem32_WVALID    | out |    1|    m_axi   |        gmem32        |    pointer   |
|m_axi_gmem32_WREADY    |  in |    1|    m_axi   |        gmem32        |    pointer   |
|m_axi_gmem32_WDATA     | out |   32|    m_axi   |        gmem32        |    pointer   |
|m_axi_gmem32_WSTRB     | out |    4|    m_axi   |        gmem32        |    pointer   |
|m_axi_gmem32_WLAST     | out |    1|    m_axi   |        gmem32        |    pointer   |
|m_axi_gmem32_WID       | out |    1|    m_axi   |        gmem32        |    pointer   |
|m_axi_gmem32_WUSER     | out |    1|    m_axi   |        gmem32        |    pointer   |
|m_axi_gmem32_ARVALID   | out |    1|    m_axi   |        gmem32        |    pointer   |
|m_axi_gmem32_ARREADY   |  in |    1|    m_axi   |        gmem32        |    pointer   |
|m_axi_gmem32_ARADDR    | out |   32|    m_axi   |        gmem32        |    pointer   |
|m_axi_gmem32_ARID      | out |    1|    m_axi   |        gmem32        |    pointer   |
|m_axi_gmem32_ARLEN     | out |    8|    m_axi   |        gmem32        |    pointer   |
|m_axi_gmem32_ARSIZE    | out |    3|    m_axi   |        gmem32        |    pointer   |
|m_axi_gmem32_ARBURST   | out |    2|    m_axi   |        gmem32        |    pointer   |
|m_axi_gmem32_ARLOCK    | out |    2|    m_axi   |        gmem32        |    pointer   |
|m_axi_gmem32_ARCACHE   | out |    4|    m_axi   |        gmem32        |    pointer   |
|m_axi_gmem32_ARPROT    | out |    3|    m_axi   |        gmem32        |    pointer   |
|m_axi_gmem32_ARQOS     | out |    4|    m_axi   |        gmem32        |    pointer   |
|m_axi_gmem32_ARREGION  | out |    4|    m_axi   |        gmem32        |    pointer   |
|m_axi_gmem32_ARUSER    | out |    1|    m_axi   |        gmem32        |    pointer   |
|m_axi_gmem32_RVALID    |  in |    1|    m_axi   |        gmem32        |    pointer   |
|m_axi_gmem32_RREADY    | out |    1|    m_axi   |        gmem32        |    pointer   |
|m_axi_gmem32_RDATA     |  in |   32|    m_axi   |        gmem32        |    pointer   |
|m_axi_gmem32_RLAST     |  in |    1|    m_axi   |        gmem32        |    pointer   |
|m_axi_gmem32_RID       |  in |    1|    m_axi   |        gmem32        |    pointer   |
|m_axi_gmem32_RUSER     |  in |    1|    m_axi   |        gmem32        |    pointer   |
|m_axi_gmem32_RRESP     |  in |    2|    m_axi   |        gmem32        |    pointer   |
|m_axi_gmem32_BVALID    |  in |    1|    m_axi   |        gmem32        |    pointer   |
|m_axi_gmem32_BREADY    | out |    1|    m_axi   |        gmem32        |    pointer   |
|m_axi_gmem32_BRESP     |  in |    2|    m_axi   |        gmem32        |    pointer   |
|m_axi_gmem32_BID       |  in |    1|    m_axi   |        gmem32        |    pointer   |
|m_axi_gmem32_BUSER     |  in |    1|    m_axi   |        gmem32        |    pointer   |
|number_of_days         |  in |   32|   ap_none  |    number_of_days    |    scalar    |
|number_of_indices      |  in |   32|   ap_none  |   number_of_indices  |    scalar    |
|in_indices             |  in |   32|   ap_none  |      in_indices      |    scalar    |
|out_correlation        |  in |   32|   ap_none  |    out_correlation   |    scalar    |
+-----------------------+-----+-----+------------+----------------------+--------------+

