(c) Copyright 2012-2015 Xilinx, Inc. All Rights Reserved.
#-----------------------------------------------------------
# Tool version  : sds++ 2014.4 20150228
# Start time    : Mon Jan 30 01:43:14 PM CET 2017
# Command line  : sds++ -Wall -O3 -I../src -c -fmessage-length=0 -MTsrc/correlation_accel_v3.o -sds-hw correlation_accel_v3 correlation_accel_v3.cpp -clkid 2 -sds-end -MMD -MP -MFsrc/correlation_accel_v3.d -MTsrc/correlation_accel_v3.d -o src/correlation_accel_v3.o ../src/correlation_accel_v3.cpp -sds-pf zed
# Log file      : /home/trungnguyen/SDSoC/workspace/correlation_ver2_axis/correlation_axis_ver3/SDRelease/_sds/reports/sds_correlation_accel_v3.log
# Journal file  : /home/trungnguyen/SDSoC/workspace/correlation_ver2_axis/correlation_axis_ver3/SDRelease/_sds/reports/sds_correlation_accel_v3.jou
# Report file   : /home/trungnguyen/SDSoC/workspace/correlation_ver2_axis/correlation_axis_ver3/SDRelease/_sds/reports/sds_correlation_accel_v3.rpt
#-----------------------------------------------------------

High-Level Synthesis
--------------------

  Vivado HLS Report : /home/trungnguyen/SDSoC/workspace/correlation_ver2_axis/correlation_axis_ver3/SDRelease/_sds/vhls/correlation_accel_v3/solution/syn/report/correlation_accel_v3_csynth.rpt



================================================================
== Performance Estimates
================================================================
+ Timing (ns): 
    * Summary: 
    +---------+-------+----------+------------+
    |  Clock  | Target| Estimated| Uncertainty|
    +---------+-------+----------+------------+
    |default  |   8.50|      9.65|        1.06|
    +---------+-------+----------+------------+

+ Latency (clock cycles): 
    * Summary: 
    +-----+-----+-----+-----+----------+
    |  Latency  |  Interval | Pipeline |
    | min | max | min | max |   Type   |
    +-----+-----+-----+-----+----------+
    |    ?|    ?|    ?|    ?| dataflow |
    +-----+-----+-----+-----+----------+

    + Detail: 
        * Instance: 
        +------------------------------------------+-------------------------------+-----+--------------+-----+--------------+---------+
        |                                          |                               |       Latency      |      Interval      | Pipeline|
        |                 Instance                 |             Module            | min |      max     | min |      max     |   Type  |
        +------------------------------------------+-------------------------------+-----+--------------+-----+--------------+---------+
        |grp_correlation_accel_v3_frontEnd_fu_203  |correlation_accel_v3_frontEnd  |    ?|             ?|    ?|             ?|   none  |
        |grp_correlation_accel_v3_backEnd_fu_239   |correlation_accel_v3_backEnd   |    7|  186831077209|    7|  186831077209|   none  |
        +------------------------------------------+-------------------------------+-----+--------------+-----+--------------+---------+

        * Loop: 
        N/A



================================================================
== Utilization Estimates
================================================================
* Summary: 
+-----------------+---------+-------+--------+-------+
|       Name      | BRAM_18K| DSP48E|   FF   |  LUT  |
+-----------------+---------+-------+--------+-------+
|Expression       |        -|      -|       -|      -|
|FIFO             |        0|      -|      50|    440|
|Instance         |        3|     49|   11905|  16427|
|Memory           |        -|      -|       -|      -|
|Multiplexer      |        -|      -|       -|      -|
|Register         |        -|      -|       4|      -|
+-----------------+---------+-------+--------+-------+
|Total            |        3|     49|   11959|  16867|
+-----------------+---------+-------+--------+-------+
|Available        |      280|    220|  106400|  53200|
+-----------------+---------+-------+--------+-------+
|Utilization (%)  |        1|     22|      11|     31|
+-----------------+---------+-------+--------+-------+

+ Detail: 
    * Instance: 
    +----------------------------------+-------------------------------+---------+-------+------+-------+
    |             Instance             |             Module            | BRAM_18K| DSP48E|  FF  |  LUT  |
    +----------------------------------+-------------------------------+---------+-------+------+-------+
    |correlation_accel_v3_backEnd_U0   |correlation_accel_v3_backEnd   |        0|     13|  4660|   6337|
    |correlation_accel_v3_frontEnd_U0  |correlation_accel_v3_frontEnd  |        3|     36|  7245|  10090|
    +----------------------------------+-------------------------------+---------+-------+------+-------+
    |Total                             |                               |        3|     49| 11905|  16427|
    +----------------------------------+-------------------------------+---------+-------+------+-------+

    * Memory: 
    N/A

    * FIFO: 
    +--------------------------------+---------+---+----+------+-----+---------+
    |              Name              | BRAM_18K| FF| LUT| Depth| Bits| Size:D*B|
    +--------------------------------+---------+---+----+------+-----+---------+
    |number_of_days15_channel_U      |        0|  5|  44|     1|   32|       32|
    |number_of_indices14_channel_U   |        0|  5|  44|     1|   32|       32|
    |sum_returnA_V_U                 |        0|  5|  44|     2|   32|       64|
    |sum_return_V_U                  |        0|  5|  44|     2|   32|       64|
    |sum_weight_V_U                  |        0|  5|  44|     2|   32|       64|
    |sum_weight_returnA_V_U          |        0|  5|  44|     2|   32|       64|
    |sum_weight_returnA_returnB_V_U  |        0|  5|  44|     2|   32|       64|
    |sum_weight_returnSquareA_V_U    |        0|  5|  44|     2|   32|       64|
    |sum_weight_returnSquare_V_U     |        0|  5|  44|     2|   32|       64|
    |sum_weight_return_V_U           |        0|  5|  44|     2|   32|       64|
    +--------------------------------+---------+---+----+------+-----+---------+
    |Total                           |        0| 50| 440|    18|  320|      576|
    +--------------------------------+---------+---+----+------+-----+---------+

    * Expression: 
    N/A

    * Multiplexer: 
    N/A

    * Register: 
    +--------------------------------------------------+---+----+-----+-----------+
    |                       Name                       | FF| LUT| Bits| Const Bits|
    +--------------------------------------------------+---+----+-----+-----------+
    |ap_CS                                             |  1|   0|    1|          0|
    |ap_reg_procdone_correlation_accel_v3_backEnd_U0   |  1|   0|    1|          0|
    |ap_reg_procdone_correlation_accel_v3_frontEnd_U0  |  1|   0|    1|          0|
    |correlation_accel_v3_backEnd_U0_ap_start          |  1|   0|    1|          0|
    +--------------------------------------------------+---+----+-----+-----------+
    |Total                                             |  4|   0|    4|          0|
    +--------------------------------------------------+---+----+-----+-----------+



================================================================
== Interface
================================================================
* Summary: 
+------------------------+-----+-----+------------+------------------------+--------------+
|        RTL Ports       | Dir | Bits|  Protocol  |      Source Object     |    C Type    |
+------------------------+-----+-----+------------+------------------------+--------------+
|number_of_days          |  in |   32|   ap_none  |     number_of_days     |    scalar    |
|number_of_indices       |  in |   32|   ap_none  |    number_of_indices   |    scalar    |
|in_indices_TDATA        |  in |   32|    axis    |    in_indices_data_V   |    pointer   |
|in_indices_TKEEP        |  in |    4|    axis    |    in_indices_keep_V   |    pointer   |
|in_indices_TSTRB        |  in |    4|    axis    |    in_indices_strb_V   |    pointer   |
|in_indices_TUSER        |  in |    1|    axis    |    in_indices_user_V   |    pointer   |
|in_indices_TLAST        |  in |    1|    axis    |    in_indices_last_V   |    pointer   |
|in_indices_TID          |  in |    1|    axis    |     in_indices_id_V    |    pointer   |
|in_indices_TDEST        |  in |    1|    axis    |    in_indices_dest_V   |    pointer   |
|in_indices_TVALID       |  in |    1|    axis    |    in_indices_dest_V   |    pointer   |
|in_indices_TREADY       | out |    1|    axis    |    in_indices_dest_V   |    pointer   |
|out_correlation_TDATA   | out |   32|    axis    | out_correlation_data_V |    pointer   |
|out_correlation_TKEEP   | out |    4|    axis    | out_correlation_keep_V |    pointer   |
|out_correlation_TSTRB   | out |    4|    axis    | out_correlation_strb_V |    pointer   |
|out_correlation_TUSER   | out |    1|    axis    | out_correlation_user_V |    pointer   |
|out_correlation_TLAST   | out |    1|    axis    | out_correlation_last_V |    pointer   |
|out_correlation_TID     | out |    1|    axis    |  out_correlation_id_V  |    pointer   |
|out_correlation_TDEST   | out |    1|    axis    | out_correlation_dest_V |    pointer   |
|out_correlation_TVALID  | out |    1|    axis    | out_correlation_dest_V |    pointer   |
|out_correlation_TREADY  |  in |    1|    axis    | out_correlation_dest_V |    pointer   |
|ap_clk                  |  in |    1| ap_ctrl_hs |  correlation_accel_v3  | return value |
|ap_rst_n                |  in |    1| ap_ctrl_hs |  correlation_accel_v3  | return value |
|ap_done                 | out |    1| ap_ctrl_hs |  correlation_accel_v3  | return value |
|ap_start                |  in |    1| ap_ctrl_hs |  correlation_accel_v3  | return value |
|ap_idle                 | out |    1| ap_ctrl_hs |  correlation_accel_v3  | return value |
|ap_ready                | out |    1| ap_ctrl_hs |  correlation_accel_v3  | return value |
+------------------------+-----+-----+------------+------------------------+--------------+

