

================================================================
== Vivado HLS Report for 'correlation_accel_v3_frontEnd'
================================================================
* Date:           Mon Jan 30 13:44:03 2017

* Version:        2014.4 (Build 1071461 on Tue Nov 18 16:42:57 PM 2014)
* Project:        correlation_accel_v3
* Solution:       solution
* Product family: zynq
* Target device:  xc7z020clg484-1


================================================================
== Performance Estimates
================================================================
+ Timing (ns): 
    * Summary: 
    +---------+-------+----------+------------+
    |  Clock  | Target| Estimated| Uncertainty|
    +---------+-------+----------+------------+
    |default  |   8.50|      9.65|        1.06|
    +---------+-------+----------+------------+

+ Latency (clock cycles): 
    * Summary: 
    +-----+-----+-----+-----+---------+
    |  Latency  |  Interval | Pipeline|
    | min | max | min | max |   Type  |
    +-----+-----+-----+-----+---------+
    |    ?|    ?|    ?|    ?|   none  |
    +-----+-----+-----+-----+---------+

    + Detail: 
        * Instance: 
        N/A

        * Loop: 
        +-------------------------------------+------+-------------+----------+-----------+-----------+----------------+----------+
        |                                     |       Latency      | Iteration|  Initiation Interval  |      Trip      |          |
        |              Loop Name              |  min |     max     |  Latency |  achieved |   target  |      Count     | Pipelined|
        +-------------------------------------+------+-------------+----------+-----------+-----------+----------------+----------+
        |- INIT_WEIGHT_ROM                    |  1250|         1250|         5|          -|          -|             250|    no    |
        |- COMP_SUM_OF_WEIGHT                 |     0|  17179869160|         8|          -|          -| 0 ~ 2147483645 |    no    |
        |- ACCUMULATION_LOOP_FIRST_INDEX      |     ?|            ?|        43|          1|          1|               ?|    yes   |
        |- LAST_ACCUM_LOOP_FIRST_INDEX        |    33|           33|         9|          5|          5|               6|    yes   |
        |- Loop 5                             |     ?|            ?|         ?|          -|          -| 0 ~ 2147483646 |    no    |
        | + ACCUMULATION_LOOP_FLOATING_INDEX  |     ?|            ?|        43|          1|          1|               ?|    yes   |
        | + LAST_ACCUM_LOOP                   |    34|           34|        10|          5|          5|               6|    yes   |
        +-------------------------------------+------+-------------+----------+-----------+-----------+----------------+----------+



================================================================
== Utilization Estimates
================================================================
* Summary: 
+-----------------+---------+-------+--------+-------+
|       Name      | BRAM_18K| DSP48E|   FF   |  LUT  |
+-----------------+---------+-------+--------+-------+
|Expression       |        -|      -|       0|    556|
|FIFO             |        -|      -|       -|      -|
|Instance         |        -|     36|    5441|   7433|
|Memory           |        3|      -|     256|     12|
|Multiplexer      |        -|      -|       -|   1906|
|Register         |        -|      -|    1548|    183|
+-----------------+---------+-------+--------+-------+
|Total            |        3|     36|    7245|  10090|
+-----------------+---------+-------+--------+-------+
|Available        |      280|    220|  106400|  53200|
+-----------------+---------+-------+--------+-------+
|Utilization (%)  |        1|     16|       6|     18|
+-----------------+---------+-------+--------+-------+

+ Detail: 
    * Instance: 
    +--------------------------------------------------------+----------------------------------------------------+---------+-------+------+------+
    |                        Instance                        |                       Module                       | BRAM_18K| DSP48E|  FF  |  LUT |
    +--------------------------------------------------------+----------------------------------------------------+---------+-------+------+------+
    |correlation_accel_v3_fadd_32ns_32ns_32_5_full_dsp_U1    |correlation_accel_v3_fadd_32ns_32ns_32_5_full_dsp   |        0|      2|   205|   390|
    |correlation_accel_v3_fadd_32ns_32ns_32_5_full_dsp_U2    |correlation_accel_v3_fadd_32ns_32ns_32_5_full_dsp   |        0|      2|   205|   390|
    |correlation_accel_v3_fadd_32ns_32ns_32_5_full_dsp_U3    |correlation_accel_v3_fadd_32ns_32ns_32_5_full_dsp   |        0|      2|   205|   390|
    |correlation_accel_v3_fadd_32ns_32ns_32_5_full_dsp_U4    |correlation_accel_v3_fadd_32ns_32ns_32_5_full_dsp   |        0|      2|   205|   390|
    |correlation_accel_v3_fdiv_32ns_32ns_32_16_U10           |correlation_accel_v3_fdiv_32ns_32ns_32_16           |        0|      0|   761|   994|
    |correlation_accel_v3_flog_32ns_32ns_32_13_full_dsp_U11  |correlation_accel_v3_flog_32ns_32ns_32_13_full_dsp  |        0|     13|   485|   614|
    |correlation_accel_v3_fmul_32ns_32ns_32_4_max_dsp_U5     |correlation_accel_v3_fmul_32ns_32ns_32_4_max_dsp    |        0|      3|   143|   321|
    |correlation_accel_v3_fmul_32ns_32ns_32_4_max_dsp_U6     |correlation_accel_v3_fmul_32ns_32ns_32_4_max_dsp    |        0|      3|   143|   321|
    |correlation_accel_v3_fmul_32ns_32ns_32_4_max_dsp_U7     |correlation_accel_v3_fmul_32ns_32ns_32_4_max_dsp    |        0|      3|   143|   321|
    |correlation_accel_v3_fmul_32ns_32ns_32_4_max_dsp_U8     |correlation_accel_v3_fmul_32ns_32ns_32_4_max_dsp    |        0|      3|   143|   321|
    |correlation_accel_v3_fmul_32ns_32ns_32_4_max_dsp_U9     |correlation_accel_v3_fmul_32ns_32ns_32_4_max_dsp    |        0|      3|   143|   321|
    |correlation_accel_v3_urem_32ns_4ns_32_36_U12            |correlation_accel_v3_urem_32ns_4ns_32_36            |        0|      0|  1330|  1330|
    |correlation_accel_v3_urem_32ns_4ns_32_36_U13            |correlation_accel_v3_urem_32ns_4ns_32_36            |        0|      0|  1330|  1330|
    +--------------------------------------------------------+----------------------------------------------------+---------+-------+------+------+
    |Total                                                   |                                                    |        0|     36|  5441|  7433|
    +--------------------------------------------------------+----------------------------------------------------+---------+-------+------+------+

    * Memory: 
    +------------------------------+----------------------------------------------------------+---------+----+----+------+-----+------+-------------+
    |            Memory            |                          Module                          | BRAM_18K| FF | LUT| Words| Bits| Banks| W*Bits*Banks|
    +------------------------------+----------------------------------------------------------+---------+----+----+------+-----+------+-------------+
    |acc_return_U                  |correlation_accel_v3_frontEnd_acc_return                  |        0|  64|   3|     6|   32|     1|          192|
    |acc_weight_returnSquare_U     |correlation_accel_v3_frontEnd_acc_return                  |        0|  64|   3|     6|   32|     1|          192|
    |acc_weight_return_U           |correlation_accel_v3_frontEnd_acc_return                  |        0|  64|   3|     6|   32|     1|          192|
    |acc_weight_returnA_returnB_U  |correlation_accel_v3_frontEnd_acc_weight_returnA_returnB  |        0|  64|   3|     6|   32|     1|          192|
    |lnReturnA_U                   |correlation_accel_v3_frontEnd_lnReturnA                   |        1|   0|   0|   252|   32|     1|         8064|
    |weight_rom_U                  |correlation_accel_v3_frontEnd_weight_rom                  |        2|   0|   0|   252|   32|     1|         8064|
    +------------------------------+----------------------------------------------------------+---------+----+----+------+-----+------+-------------+
    |Total                         |                                                          |        3| 256|  12|   528|  192|     6|        16896|
    +------------------------------+----------------------------------------------------------+---------+----+----+------+-----+------+-------------+

    * FIFO: 
    N/A

    * Expression: 
    +--------------------------------------+----------+-------+---+----+------------+------------+
    |             Variable Name            | Operation| DSP48E| FF| LUT| Bitwidth P0| Bitwidth P1|
    +--------------------------------------+----------+-------+---+----+------------+------------+
    |column_index_fu_1376_p2               |     +    |      0|  0|  31|          31|           1|
    |i_1_fu_1178_p2                        |     +    |      0|  0|  31|          31|           1|
    |i_2_fu_1260_p2                        |     +    |      0|  0|   3|           3|           1|
    |i_3_fu_1231_p2                        |     +    |      0|  0|  32|          32|           1|
    |i_4_fu_1365_p2                        |     +    |      0|  0|   3|           3|           1|
    |i_5_fu_1330_p2                        |     +    |      0|  0|  32|          32|           1|
    |i_fu_1158_p2                          |     +    |      0|  0|   8|           8|           1|
    |tmp_1_i_fu_1188_p2                    |     +    |      0|  0|  32|          32|           2|
    |tmp_24_i_fu_1237_p2                   |     +    |      0|  0|  31|          31|           2|
    |tmp_64_i_fu_1341_p2                   |     +    |      0|  0|  31|          31|           2|
    |tmp_30_i_shift_reg_load_i_fu_1307_p3  |  Select  |      0|  0|  32|           1|          32|
    |tmp_5_i_tmp_4_i_fu_1208_p3            |  Select  |      0|  0|  32|           1|          32|
    |ap_sig_bdd_154                        |    and   |      0|  0|   1|           1|           1|
    |ap_sig_bdd_300                        |    and   |      0|  0|   1|           1|           1|
    |exitcond2_i_fu_1254_p2                |   icmp   |      0|  0|   3|           3|           3|
    |exitcond_i_fu_1359_p2                 |   icmp   |      0|  0|   3|           3|           3|
    |exitcond_i_i_fu_1147_p2               |   icmp   |      0|  0|   8|           8|           4|
    |tmp_26_i_fu_1280_p2                   |   icmp   |      0|  0|  40|          32|          32|
    |tmp_31_i_fu_1289_p2                   |   icmp   |      0|  0|  40|          32|          32|
    |tmp_32_i_fu_1301_p2                   |   icmp   |      0|  0|  40|          32|           1|
    |tmp_69_i_i_fu_1168_p2                 |   icmp   |      0|  0|  40|          32|          32|
    |tmp_6_i_fu_1193_p2                    |   icmp   |      0|  0|  40|          32|          32|
    |tmp_7_i_fu_1202_p2                    |   icmp   |      0|  0|  40|          32|           1|
    |ap_sig_bdd_1292                       |    or    |      0|  0|   1|           1|           1|
    |ap_sig_bdd_805                        |    or    |      0|  0|   1|           1|           1|
    +--------------------------------------+----------+-------+---+----+------------+------------+
    |Total                                 |          |      0|  0| 556|         446|         221|
    +--------------------------------------+----------+-------+---+----+------------+------------+

    * Multiplexer: 
    +-------------------------------------+----+-----------+-----+-----------+
    |                 Name                | LUT| Input Size| Bits| Total Bits|
    +-------------------------------------+----+-----------+-----+-----------+
    |acc_return_address0                  |   6|         10|    3|         30|
    |acc_return_address1                  |   6|         10|    3|         30|
    |acc_return_d0                        |  32|          3|   32|         96|
    |acc_return_d1                        |  32|          3|   32|         96|
    |acc_weight_returnA_returnB_address0  |   3|          6|    3|         18|
    |acc_weight_returnA_returnB_address1  |   3|          5|    3|         15|
    |acc_weight_returnA_returnB_d1        |  32|          3|   32|         96|
    |acc_weight_returnSquare_address0     |   6|         10|    3|         30|
    |acc_weight_returnSquare_address1     |   6|         10|    3|         30|
    |acc_weight_returnSquare_d0           |  32|          3|   32|         96|
    |acc_weight_returnSquare_d1           |  32|          3|   32|         96|
    |acc_weight_return_address0           |   6|         10|    3|         30|
    |acc_weight_return_address1           |   6|         10|    3|         30|
    |acc_weight_return_d0                 |  32|          3|   32|         96|
    |acc_weight_return_d1                 |  32|          3|   32|         96|
    |ap_NS_fsm                            |  60|         34|    1|         34|
    |ap_reg_ppiten_pp0_it42               |   1|          2|    1|          2|
    |ap_reg_ppiten_pp2_it42               |   1|          2|    1|          2|
    |column_index_i_reg_853               |  31|          2|   31|         62|
    |grp_fu_1009_p0                       |  32|          3|   32|         96|
    |grp_fu_1009_p1                       |  32|          3|   32|         96|
    |grp_fu_950_p0                        |  64|         11|   32|        352|
    |grp_fu_950_p1                        |  64|          8|   32|        256|
    |grp_fu_956_p0                        |  32|          3|   32|         96|
    |grp_fu_956_p1                        |  32|          3|   32|         96|
    |grp_fu_962_p0                        |  32|          3|   32|         96|
    |grp_fu_962_p1                        |  32|          3|   32|         96|
    |grp_fu_987_p0                        |  32|          3|   32|         96|
    |grp_fu_987_p1                        |  32|          3|   32|         96|
    |grp_fu_993_p0                        |  32|          3|   32|         96|
    |grp_fu_993_p1                        |  32|          3|   32|         96|
    |grp_fu_997_p0                        |  32|          3|   32|         96|
    |grp_fu_997_p1                        |  32|          3|   32|         96|
    |i1_i_i_reg_759                       |  31|          2|   31|         62|
    |i1_i_phi_fu_795_p4                   |  32|          2|   32|         64|
    |i1_i_reg_791                         |  32|          2|   32|         64|
    |i2_i_phi_fu_846_p4                   |   3|          2|    3|          6|
    |i2_i_reg_842                         |   3|          2|    3|          6|
    |i4_i_phi_fu_878_p4                   |  32|          2|   32|         64|
    |i4_i_reg_874                         |  32|          2|   32|         64|
    |i8_i_phi_fu_942_p4                   |   3|          2|    3|          6|
    |i8_i_reg_938                         |   3|          2|    3|          6|
    |i_i_i_reg_747                        |   8|          2|    8|         16|
    |lnReturnA_address0                   |   8|          3|    8|         24|
    |reg_1056                             |  32|          2|   32|         64|
    |reg_1063                             |  32|          2|   32|         64|
    |reg_1102                             |  32|          2|   32|         64|
    |reg_1109                             |  32|          2|   32|         64|
    |reg_1122                             |  32|          2|   32|         64|
    |shift_reg_load1_i_fu_224             |  32|          2|   32|         64|
    |tmp_1_phi_fu_821_p4                  |  32|          2|   32|         64|
    |tmp_1_reg_816                        |  32|          2|   32|         64|
    |tmp_2_phi_fu_834_p4                  |  32|          2|   32|         64|
    |tmp_2_reg_829                        |  32|          2|   32|         64|
    |tmp_30_i_phi_fu_868_p4               |  32|          2|   32|         64|
    |tmp_30_i_reg_865                     |  32|          2|   32|         64|
    |tmp_3_phi_fu_930_p4                  |  32|          2|   32|         64|
    |tmp_3_reg_925                        |  32|          2|   32|         64|
    |tmp_4_i_phi_fu_774_p4                |  32|          2|   32|         64|
    |tmp_5_i_phi_fu_785_p4                |  32|          2|   32|         64|
    |tmp_5_i_reg_782                      |  32|          2|   32|         64|
    |tmp_5_phi_fu_917_p4                  |  32|          2|   32|         64|
    |tmp_5_reg_912                        |  32|          2|   32|         64|
    |tmp_7_phi_fu_904_p4                  |  32|          2|   32|         64|
    |tmp_7_reg_899                        |  32|          2|   32|         64|
    |tmp_8_reg_886                        |  32|          2|   32|         64|
    |tmp_9_reg_803                        |  32|          2|   32|         64|
    |tmp_i_i_reg_735                      |  32|          2|   32|         64|
    |weight_rom_address0                  |   8|          4|    8|         32|
    |weight_rom_address1                  |   8|          5|    8|         40|
    |weight_rom_d0                        |  32|          3|   32|         96|
    |weight_rom_d1                        |  32|          3|   32|         96|
    +-------------------------------------+----+-----------+-----+-----------+
    |Total                                |1906|        273| 1765|       4927|
    +-------------------------------------+----+-----------+-----+-----------+

    * Register: 
    +-------------------------------------------+----+----+-----+-----------+
    |                    Name                   | FF | LUT| Bits| Const Bits|
    +-------------------------------------------+----+----+-----+-----------+
    |acc_return_addr_1_reg_1459                 |   0|   0|    3|          3|
    |acc_return_addr_2_reg_1474                 |   0|   0|    3|          3|
    |acc_return_addr_3_reg_1489                 |   0|   0|    3|          3|
    |acc_return_addr_4_reg_1504                 |   0|   0|    3|          3|
    |acc_return_addr_5_reg_1519                 |   0|   0|    3|          3|
    |acc_return_addr_7_reg_1576                 |   3|   0|    3|          0|
    |acc_return_addr_9_reg_1709                 |   3|   0|    3|          0|
    |acc_return_addr_reg_1444                   |   0|   0|    3|          3|
    |acc_weight_returnA_returnB_add_1_reg_1636  |   0|   0|    3|          3|
    |acc_weight_returnA_returnB_add_2_reg_1641  |   0|   0|    3|          3|
    |acc_weight_returnA_returnB_add_3_reg_1646  |   0|   0|    3|          3|
    |acc_weight_returnA_returnB_add_4_reg_1651  |   0|   0|    3|          3|
    |acc_weight_returnA_returnB_add_5_reg_1656  |   0|   0|    3|          3|
    |acc_weight_returnA_returnB_add_6_reg_1727  |   3|   0|    3|          0|
    |acc_weight_returnA_returnB_add_reg_1631    |   0|   0|    3|          3|
    |acc_weight_returnSquare_addr_1_reg_1464    |   0|   0|    3|          3|
    |acc_weight_returnSquare_addr_2_reg_1479    |   0|   0|    3|          3|
    |acc_weight_returnSquare_addr_3_reg_1494    |   0|   0|    3|          3|
    |acc_weight_returnSquare_addr_4_reg_1509    |   0|   0|    3|          3|
    |acc_weight_returnSquare_addr_5_reg_1524    |   0|   0|    3|          3|
    |acc_weight_returnSquare_addr_7_reg_1582    |   3|   0|    3|          0|
    |acc_weight_returnSquare_addr_9_reg_1715    |   3|   0|    3|          0|
    |acc_weight_returnSquare_addr_reg_1449      |   0|   0|    3|          3|
    |acc_weight_return_addr_1_reg_1469          |   0|   0|    3|          3|
    |acc_weight_return_addr_2_reg_1484          |   0|   0|    3|          3|
    |acc_weight_return_addr_3_reg_1499          |   0|   0|    3|          3|
    |acc_weight_return_addr_4_reg_1514          |   0|   0|    3|          3|
    |acc_weight_return_addr_5_reg_1529          |   0|   0|    3|          3|
    |acc_weight_return_addr_7_reg_1588          |   3|   0|    3|          0|
    |acc_weight_return_addr_9_reg_1721          |   3|   0|    3|          0|
    |acc_weight_return_addr_reg_1454            |   0|   0|    3|          3|
    |ap_CS_fsm                                  |  33|   0|   33|          0|
    |ap_done_reg                                |   1|   0|    1|          0|
    |ap_reg_ppiten_pp0_it0                      |   1|   0|    1|          0|
    |ap_reg_ppiten_pp0_it1                      |   1|   0|    1|          0|
    |ap_reg_ppiten_pp0_it10                     |   1|   0|    1|          0|
    |ap_reg_ppiten_pp0_it11                     |   1|   0|    1|          0|
    |ap_reg_ppiten_pp0_it12                     |   1|   0|    1|          0|
    |ap_reg_ppiten_pp0_it13                     |   1|   0|    1|          0|
    |ap_reg_ppiten_pp0_it14                     |   1|   0|    1|          0|
    |ap_reg_ppiten_pp0_it15                     |   1|   0|    1|          0|
    |ap_reg_ppiten_pp0_it16                     |   1|   0|    1|          0|
    |ap_reg_ppiten_pp0_it17                     |   1|   0|    1|          0|
    |ap_reg_ppiten_pp0_it18                     |   1|   0|    1|          0|
    |ap_reg_ppiten_pp0_it19                     |   1|   0|    1|          0|
    |ap_reg_ppiten_pp0_it2                      |   1|   0|    1|          0|
    |ap_reg_ppiten_pp0_it20                     |   1|   0|    1|          0|
    |ap_reg_ppiten_pp0_it21                     |   1|   0|    1|          0|
    |ap_reg_ppiten_pp0_it22                     |   1|   0|    1|          0|
    |ap_reg_ppiten_pp0_it23                     |   1|   0|    1|          0|
    |ap_reg_ppiten_pp0_it24                     |   1|   0|    1|          0|
    |ap_reg_ppiten_pp0_it25                     |   1|   0|    1|          0|
    |ap_reg_ppiten_pp0_it26                     |   1|   0|    1|          0|
    |ap_reg_ppiten_pp0_it27                     |   1|   0|    1|          0|
    |ap_reg_ppiten_pp0_it28                     |   1|   0|    1|          0|
    |ap_reg_ppiten_pp0_it29                     |   1|   0|    1|          0|
    |ap_reg_ppiten_pp0_it3                      |   1|   0|    1|          0|
    |ap_reg_ppiten_pp0_it30                     |   1|   0|    1|          0|
    |ap_reg_ppiten_pp0_it31                     |   1|   0|    1|          0|
    |ap_reg_ppiten_pp0_it32                     |   1|   0|    1|          0|
    |ap_reg_ppiten_pp0_it33                     |   1|   0|    1|          0|
    |ap_reg_ppiten_pp0_it34                     |   1|   0|    1|          0|
    |ap_reg_ppiten_pp0_it35                     |   1|   0|    1|          0|
    |ap_reg_ppiten_pp0_it36                     |   1|   0|    1|          0|
    |ap_reg_ppiten_pp0_it37                     |   1|   0|    1|          0|
    |ap_reg_ppiten_pp0_it38                     |   1|   0|    1|          0|
    |ap_reg_ppiten_pp0_it39                     |   1|   0|    1|          0|
    |ap_reg_ppiten_pp0_it4                      |   1|   0|    1|          0|
    |ap_reg_ppiten_pp0_it40                     |   1|   0|    1|          0|
    |ap_reg_ppiten_pp0_it41                     |   1|   0|    1|          0|
    |ap_reg_ppiten_pp0_it42                     |   1|   0|    1|          0|
    |ap_reg_ppiten_pp0_it5                      |   1|   0|    1|          0|
    |ap_reg_ppiten_pp0_it6                      |   1|   0|    1|          0|
    |ap_reg_ppiten_pp0_it7                      |   1|   0|    1|          0|
    |ap_reg_ppiten_pp0_it8                      |   1|   0|    1|          0|
    |ap_reg_ppiten_pp0_it9                      |   1|   0|    1|          0|
    |ap_reg_ppiten_pp1_it0                      |   1|   0|    1|          0|
    |ap_reg_ppiten_pp1_it1                      |   1|   0|    1|          0|
    |ap_reg_ppiten_pp2_it0                      |   1|   0|    1|          0|
    |ap_reg_ppiten_pp2_it1                      |   1|   0|    1|          0|
    |ap_reg_ppiten_pp2_it10                     |   1|   0|    1|          0|
    |ap_reg_ppiten_pp2_it11                     |   1|   0|    1|          0|
    |ap_reg_ppiten_pp2_it12                     |   1|   0|    1|          0|
    |ap_reg_ppiten_pp2_it13                     |   1|   0|    1|          0|
    |ap_reg_ppiten_pp2_it14                     |   1|   0|    1|          0|
    |ap_reg_ppiten_pp2_it15                     |   1|   0|    1|          0|
    |ap_reg_ppiten_pp2_it16                     |   1|   0|    1|          0|
    |ap_reg_ppiten_pp2_it17                     |   1|   0|    1|          0|
    |ap_reg_ppiten_pp2_it18                     |   1|   0|    1|          0|
    |ap_reg_ppiten_pp2_it19                     |   1|   0|    1|          0|
    |ap_reg_ppiten_pp2_it2                      |   1|   0|    1|          0|
    |ap_reg_ppiten_pp2_it20                     |   1|   0|    1|          0|
    |ap_reg_ppiten_pp2_it21                     |   1|   0|    1|          0|
    |ap_reg_ppiten_pp2_it22                     |   1|   0|    1|          0|
    |ap_reg_ppiten_pp2_it23                     |   1|   0|    1|          0|
    |ap_reg_ppiten_pp2_it24                     |   1|   0|    1|          0|
    |ap_reg_ppiten_pp2_it25                     |   1|   0|    1|          0|
    |ap_reg_ppiten_pp2_it26                     |   1|   0|    1|          0|
    |ap_reg_ppiten_pp2_it27                     |   1|   0|    1|          0|
    |ap_reg_ppiten_pp2_it28                     |   1|   0|    1|          0|
    |ap_reg_ppiten_pp2_it29                     |   1|   0|    1|          0|
    |ap_reg_ppiten_pp2_it3                      |   1|   0|    1|          0|
    |ap_reg_ppiten_pp2_it30                     |   1|   0|    1|          0|
    |ap_reg_ppiten_pp2_it31                     |   1|   0|    1|          0|
    |ap_reg_ppiten_pp2_it32                     |   1|   0|    1|          0|
    |ap_reg_ppiten_pp2_it33                     |   1|   0|    1|          0|
    |ap_reg_ppiten_pp2_it34                     |   1|   0|    1|          0|
    |ap_reg_ppiten_pp2_it35                     |   1|   0|    1|          0|
    |ap_reg_ppiten_pp2_it36                     |   1|   0|    1|          0|
    |ap_reg_ppiten_pp2_it37                     |   1|   0|    1|          0|
    |ap_reg_ppiten_pp2_it38                     |   1|   0|    1|          0|
    |ap_reg_ppiten_pp2_it39                     |   1|   0|    1|          0|
    |ap_reg_ppiten_pp2_it4                      |   1|   0|    1|          0|
    |ap_reg_ppiten_pp2_it40                     |   1|   0|    1|          0|
    |ap_reg_ppiten_pp2_it41                     |   1|   0|    1|          0|
    |ap_reg_ppiten_pp2_it42                     |   1|   0|    1|          0|
    |ap_reg_ppiten_pp2_it5                      |   1|   0|    1|          0|
    |ap_reg_ppiten_pp2_it6                      |   1|   0|    1|          0|
    |ap_reg_ppiten_pp2_it7                      |   1|   0|    1|          0|
    |ap_reg_ppiten_pp2_it8                      |   1|   0|    1|          0|
    |ap_reg_ppiten_pp2_it9                      |   1|   0|    1|          0|
    |ap_reg_ppiten_pp3_it0                      |   1|   0|    1|          0|
    |ap_reg_ppiten_pp3_it1                      |   1|   0|    1|          0|
    |ap_reg_ppstg_exitcond2_i_reg_1594_pp1_it1  |   1|   0|    1|          0|
    |ap_reg_ppstg_exitcond_i_reg_1743_pp3_it1   |   1|   0|    1|          0|
    |column_index_i_reg_853                     |  31|   0|   31|          0|
    |exitcond2_i_reg_1594                       |   1|   0|    1|          0|
    |exitcond_i_reg_1743                        |   1|   0|    1|          0|
    |i1_i_i_reg_759                             |  31|   0|   31|          0|
    |i1_i_reg_791                               |  32|   0|   32|          0|
    |i2_i_reg_842                               |   3|   0|    3|          0|
    |i4_i_reg_874                               |  32|   0|   32|          0|
    |i8_i_reg_938                               |   3|   0|    3|          0|
    |i_1_reg_1439                               |  31|   0|   31|          0|
    |i_2_reg_1598                               |   3|   0|    3|          0|
    |i_3_reg_1571                               |  32|   0|   32|          0|
    |i_4_reg_1747                               |   3|   0|    3|          0|
    |i_5_reg_1694                               |  32|   0|   32|          0|
    |i_i_i_reg_747                              |   8|   0|    8|          0|
    |lnReturnA_load_reg_1704                    |  32|   0|   32|          0|
    |reg_1048                                   |  32|   0|   32|          0|
    |reg_1056                                   |  32|   0|   32|          0|
    |reg_1063                                   |  32|   0|   32|          0|
    |reg_1073                                   |  32|   0|   32|          0|
    |reg_1080                                   |  32|   0|   32|          0|
    |reg_1085                                   |  32|   0|   32|          0|
    |reg_1096                                   |  32|   0|   32|          0|
    |reg_1102                                   |  32|   0|   32|          0|
    |reg_1109                                   |  32|   0|   32|          0|
    |reg_1116                                   |  32|   0|   32|          0|
    |reg_1122                                   |  32|   0|   32|          0|
    |reg_1129                                   |  32|   0|   32|          0|
    |reg_1135                                   |  32|   0|   32|          0|
    |reg_1141                                   |  32|   0|   32|          0|
    |shift_reg_load1_i_fu_224                   |  32|   0|   32|          0|
    |tmp_11_i_reg_1603                          |   3|   0|   64|         61|
    |tmp_14_i_reg_1560                          |  32|   0|   32|          0|
    |tmp_1_i_reg_1539                           |  32|   0|   32|          0|
    |tmp_1_reg_816                              |  32|   0|   32|          0|
    |tmp_2_reg_829                              |  32|   0|   32|          0|
    |tmp_30_i_reg_865                           |  32|   0|   32|          0|
    |tmp_30_i_shift_reg_load_i_reg_1678         |  32|   0|   32|          0|
    |tmp_31_i_reg_1669                          |   1|   0|    1|          0|
    |tmp_3_reg_925                              |  32|   0|   32|          0|
    |tmp_4_i_reg_770                            |  32|   0|   32|          0|
    |tmp_4_reg_1673                             |  31|   0|   31|          0|
    |tmp_54_i_reg_1684                          |  32|   0|   32|          0|
    |tmp_5_i_reg_782                            |  32|   0|   32|          0|
    |tmp_5_i_tmp_4_i_reg_1554                   |  32|   0|   32|          0|
    |tmp_5_reg_912                              |  32|   0|   32|          0|
    |tmp_60_i_reg_1733                          |  32|   0|   32|          0|
    |tmp_67_i_reg_1738                          |  32|   0|   32|          0|
    |tmp_6_i_reg_1545                           |   1|   0|    1|          0|
    |tmp_7_reg_899                              |  32|   0|   32|          0|
    |tmp_8_reg_886                              |  32|   0|   32|          0|
    |tmp_9_reg_803                              |  32|   0|   32|          0|
    |tmp_i_22_reg_1752                          |   3|   0|   64|         61|
    |tmp_i_i_reg_735                            |  32|   0|   32|          0|
    |tmp_reg_1549                               |  31|   0|   31|          0|
    |acc_return_addr_7_reg_1576                 |   0|   3|    3|          0|
    |acc_return_addr_9_reg_1709                 |   0|   3|    3|          0|
    |acc_weight_returnA_returnB_add_6_reg_1727  |   0|   3|    3|          0|
    |acc_weight_returnSquare_addr_7_reg_1582    |   0|   3|    3|          0|
    |acc_weight_returnSquare_addr_9_reg_1715    |   0|   3|    3|          0|
    |acc_weight_return_addr_7_reg_1588          |   0|   3|    3|          0|
    |acc_weight_return_addr_9_reg_1721          |   0|   3|    3|          0|
    |reg_1063                                   |   0|  64|   32|          0|
    |reg_1085                                   |   0|  32|   32|          0|
    |tmp_31_i_reg_1669                          |   0|   2|    1|          0|
    |tmp_4_reg_1673                             |   0|  31|   31|          0|
    |tmp_6_i_reg_1545                           |   0|   2|    1|          0|
    |tmp_reg_1549                               |   0|  31|   31|          0|
    +-------------------------------------------+----+----+-----+-----------+
    |Total                                      |1548| 183| 1891|        194|
    +-------------------------------------------+----+----+-----+-----------+



================================================================
== Interface
================================================================
* Summary: 
+---------------------------------------+-----+-----+------------+--------------------------------+--------------+
|               RTL Ports               | Dir | Bits|  Protocol  |          Source Object         |    C Type    |
+---------------------------------------+-----+-----+------------+--------------------------------+--------------+
|ap_clk                                 |  in |    1| ap_ctrl_hs |  correlation_accel_v3_frontEnd | return value |
|ap_rst                                 |  in |    1| ap_ctrl_hs |  correlation_accel_v3_frontEnd | return value |
|ap_start                               |  in |    1| ap_ctrl_hs |  correlation_accel_v3_frontEnd | return value |
|ap_done                                | out |    1| ap_ctrl_hs |  correlation_accel_v3_frontEnd | return value |
|ap_continue                            |  in |    1| ap_ctrl_hs |  correlation_accel_v3_frontEnd | return value |
|ap_idle                                | out |    1| ap_ctrl_hs |  correlation_accel_v3_frontEnd | return value |
|ap_ready                               | out |    1| ap_ctrl_hs |  correlation_accel_v3_frontEnd | return value |
|NUMBER_OF_DAYS                         |  in |   32|   ap_none  |         NUMBER_OF_DAYS         |    scalar    |
|NUMBER_OF_INDICES                      |  in |   32|   ap_none  |        NUMBER_OF_INDICES       |    scalar    |
|in_indices_TDATA                       |  in |   32|    axis    |        in_indices_data_V       |    pointer   |
|in_indices_TVALID                      |  in |    1|    axis    |        in_indices_dest_V       |    pointer   |
|in_indices_TREADY                      | out |    1|    axis    |        in_indices_dest_V       |    pointer   |
|in_indices_TDEST                       |  in |    1|    axis    |        in_indices_dest_V       |    pointer   |
|in_indices_TKEEP                       |  in |    4|    axis    |        in_indices_keep_V       |    pointer   |
|in_indices_TSTRB                       |  in |    4|    axis    |        in_indices_strb_V       |    pointer   |
|in_indices_TUSER                       |  in |    1|    axis    |        in_indices_user_V       |    pointer   |
|in_indices_TLAST                       |  in |    1|    axis    |        in_indices_last_V       |    pointer   |
|in_indices_TID                         |  in |    1|    axis    |         in_indices_id_V        |    pointer   |
|sum_weight_out_V_din                   | out |   32|   ap_fifo  |        sum_weight_out_V        |    pointer   |
|sum_weight_out_V_full_n                |  in |    1|   ap_fifo  |        sum_weight_out_V        |    pointer   |
|sum_weight_out_V_write                 | out |    1|   ap_fifo  |        sum_weight_out_V        |    pointer   |
|sum_return_out_V_din                   | out |   32|   ap_fifo  |        sum_return_out_V        |    pointer   |
|sum_return_out_V_full_n                |  in |    1|   ap_fifo  |        sum_return_out_V        |    pointer   |
|sum_return_out_V_write                 | out |    1|   ap_fifo  |        sum_return_out_V        |    pointer   |
|sum_weight_returnSquare_out_V_din      | out |   32|   ap_fifo  |  sum_weight_returnSquare_out_V |    pointer   |
|sum_weight_returnSquare_out_V_full_n   |  in |    1|   ap_fifo  |  sum_weight_returnSquare_out_V |    pointer   |
|sum_weight_returnSquare_out_V_write    | out |    1|   ap_fifo  |  sum_weight_returnSquare_out_V |    pointer   |
|sum_weight_return_out_V_din            | out |   32|   ap_fifo  |     sum_weight_return_out_V    |    pointer   |
|sum_weight_return_out_V_full_n         |  in |    1|   ap_fifo  |     sum_weight_return_out_V    |    pointer   |
|sum_weight_return_out_V_write          | out |    1|   ap_fifo  |     sum_weight_return_out_V    |    pointer   |
|sum_weight_returnA_returnB_out_din     | out |   32|   ap_fifo  | sum_weight_returnA_returnB_out |    pointer   |
|sum_weight_returnA_returnB_out_full_n  |  in |    1|   ap_fifo  | sum_weight_returnA_returnB_out |    pointer   |
|sum_weight_returnA_returnB_out_write   | out |    1|   ap_fifo  | sum_weight_returnA_returnB_out |    pointer   |
|sum_returnA_out_V_din                  | out |   32|   ap_fifo  |        sum_returnA_out_V       |    pointer   |
|sum_returnA_out_V_full_n               |  in |    1|   ap_fifo  |        sum_returnA_out_V       |    pointer   |
|sum_returnA_out_V_write                | out |    1|   ap_fifo  |        sum_returnA_out_V       |    pointer   |
|sum_weight_returnSquareA_out_V_din     | out |   32|   ap_fifo  | sum_weight_returnSquareA_out_V |    pointer   |
|sum_weight_returnSquareA_out_V_full_n  |  in |    1|   ap_fifo  | sum_weight_returnSquareA_out_V |    pointer   |
|sum_weight_returnSquareA_out_V_write   | out |    1|   ap_fifo  | sum_weight_returnSquareA_out_V |    pointer   |
|sum_weight_returnA_out_V_din           | out |   32|   ap_fifo  |    sum_weight_returnA_out_V    |    pointer   |
|sum_weight_returnA_out_V_full_n        |  in |    1|   ap_fifo  |    sum_weight_returnA_out_V    |    pointer   |
|sum_weight_returnA_out_V_write         | out |    1|   ap_fifo  |    sum_weight_returnA_out_V    |    pointer   |
|NUMBER_OF_INDICES_out_din              | out |   32|   ap_fifo  |      NUMBER_OF_INDICES_out     |    pointer   |
|NUMBER_OF_INDICES_out_full_n           |  in |    1|   ap_fifo  |      NUMBER_OF_INDICES_out     |    pointer   |
|NUMBER_OF_INDICES_out_write            | out |    1|   ap_fifo  |      NUMBER_OF_INDICES_out     |    pointer   |
|NUMBER_OF_DAYS_out_din                 | out |   32|   ap_fifo  |       NUMBER_OF_DAYS_out       |    pointer   |
|NUMBER_OF_DAYS_out_full_n              |  in |    1|   ap_fifo  |       NUMBER_OF_DAYS_out       |    pointer   |
|NUMBER_OF_DAYS_out_write               | out |    1|   ap_fifo  |       NUMBER_OF_DAYS_out       |    pointer   |
+---------------------------------------+-----+-----+------------+--------------------------------+--------------+

