

================================================================
== Vivado HLS Report for 'correlation_accel_v3_backEnd'
================================================================
* Date:           Tue Jan 24 22:48:19 2017

* Version:        2014.4 (Build 1071461 on Tue Nov 18 16:42:57 PM 2014)
* Project:        correlation_accel_v3
* Solution:       solution
* Product family: zynq
* Target device:  xc7z020clg484-1


================================================================
== Performance Estimates
================================================================
+ Timing (ns): 
    * Summary: 
    +---------+-------+----------+------------+
    |  Clock  | Target| Estimated| Uncertainty|
    +---------+-------+----------+------------+
    |default  |   8.50|      7.26|        1.06|
    +---------+-------+----------+------------+

+ Latency (clock cycles): 
    * Summary: 
    +-----+------------+-----+------------+---------+
    |      Latency     |     Interval     | Pipeline|
    | min |     max    | min |     max    |   Type  |
    +-----+------------+-----+------------+---------+
    |    8|  2147483740|    8|  2147483740|   none  |
    +-----+------------+-----+------------+---------+

    + Detail: 
        * Instance: 
        N/A

        * Loop: 
        +----------+-----+------------+----------+-----------+-----------+----------------+----------+
        |          |      Latency     | Iteration|  Initiation Interval  |      Trip      |          |
        | Loop Name| min |     max    |  Latency |  achieved |   target  |      Count     | Pipelined|
        +----------+-----+------------+----------+-----------+-----------+----------------+----------+
        |- Loop 1  |    0|  2147483732|        88|          1|          1| 0 ~ 2147483646 |    yes   |
        +----------+-----+------------+----------+-----------+-----------+----------------+----------+



================================================================
== Utilization Estimates
================================================================
* Summary: 
+-----------------+---------+-------+--------+-------+
|       Name      | BRAM_18K| DSP48E|   FF   |  LUT  |
+-----------------+---------+-------+--------+-------+
|Expression       |        -|      -|       0|    177|
|FIFO             |        -|      -|       -|      -|
|Instance         |        -|     44|    8803|  13710|
|Memory           |        -|      -|       -|      -|
|Multiplexer      |        -|      -|       -|     37|
|Register         |        -|      -|    1284|    390|
+-----------------+---------+-------+--------+-------+
|Total            |        0|     44|   10087|  14314|
+-----------------+---------+-------+--------+-------+
|Available        |      280|    220|  106400|  53200|
+-----------------+---------+-------+--------+-------+
|Utilization (%)  |        0|     20|       9|     26|
+-----------------+---------+-------+--------+-------+

+ Detail: 
    * Instance: 
    +-------------------------------------------------------+---------------------------------------------------+---------+-------+-----+-----+
    |                        Instance                       |                       Module                      | BRAM_18K| DSP48E|  FF | LUT |
    +-------------------------------------------------------+---------------------------------------------------+---------+-------+-----+-----+
    |correlation_accel_v3_fadd_32ns_32ns_32_5_full_dsp_U41  |correlation_accel_v3_fadd_32ns_32ns_32_5_full_dsp  |        0|      2|  205|  390|
    |correlation_accel_v3_fadd_32ns_32ns_32_5_full_dsp_U42  |correlation_accel_v3_fadd_32ns_32ns_32_5_full_dsp  |        0|      2|  205|  390|
    |correlation_accel_v3_fadd_32ns_32ns_32_5_full_dsp_U43  |correlation_accel_v3_fadd_32ns_32ns_32_5_full_dsp  |        0|      2|  205|  390|
    |correlation_accel_v3_fdiv_32ns_32ns_32_16_U54          |correlation_accel_v3_fdiv_32ns_32ns_32_16          |        0|      0|  761|  994|
    |correlation_accel_v3_fdiv_32ns_32ns_32_16_U55          |correlation_accel_v3_fdiv_32ns_32ns_32_16          |        0|      0|  761|  994|
    |correlation_accel_v3_fdiv_32ns_32ns_32_16_U56          |correlation_accel_v3_fdiv_32ns_32ns_32_16          |        0|      0|  761|  994|
    |correlation_accel_v3_fdiv_32ns_32ns_32_16_U57          |correlation_accel_v3_fdiv_32ns_32ns_32_16          |        0|      0|  761|  994|
    |correlation_accel_v3_fdiv_32ns_32ns_32_16_U58          |correlation_accel_v3_fdiv_32ns_32ns_32_16          |        0|      0|  761|  994|
    |correlation_accel_v3_fdiv_32ns_32ns_32_16_U59          |correlation_accel_v3_fdiv_32ns_32ns_32_16          |        0|      0|  761|  994|
    |correlation_accel_v3_fmul_32ns_32ns_32_4_max_dsp_U44   |correlation_accel_v3_fmul_32ns_32ns_32_4_max_dsp   |        0|      3|  143|  321|
    |correlation_accel_v3_fmul_32ns_32ns_32_4_max_dsp_U45   |correlation_accel_v3_fmul_32ns_32ns_32_4_max_dsp   |        0|      3|  143|  321|
    |correlation_accel_v3_fmul_32ns_32ns_32_4_max_dsp_U46   |correlation_accel_v3_fmul_32ns_32ns_32_4_max_dsp   |        0|      3|  143|  321|
    |correlation_accel_v3_fmul_32ns_32ns_32_4_max_dsp_U47   |correlation_accel_v3_fmul_32ns_32ns_32_4_max_dsp   |        0|      3|  143|  321|
    |correlation_accel_v3_fmul_32ns_32ns_32_4_max_dsp_U48   |correlation_accel_v3_fmul_32ns_32ns_32_4_max_dsp   |        0|      3|  143|  321|
    |correlation_accel_v3_fmul_32ns_32ns_32_4_max_dsp_U49   |correlation_accel_v3_fmul_32ns_32ns_32_4_max_dsp   |        0|      3|  143|  321|
    |correlation_accel_v3_fmul_32ns_32ns_32_4_max_dsp_U50   |correlation_accel_v3_fmul_32ns_32ns_32_4_max_dsp   |        0|      3|  143|  321|
    |correlation_accel_v3_fmul_32ns_32ns_32_4_max_dsp_U51   |correlation_accel_v3_fmul_32ns_32ns_32_4_max_dsp   |        0|      3|  143|  321|
    |correlation_accel_v3_fmul_32ns_32ns_32_4_max_dsp_U52   |correlation_accel_v3_fmul_32ns_32ns_32_4_max_dsp   |        0|      3|  143|  321|
    |correlation_accel_v3_fmul_32ns_32ns_32_4_max_dsp_U53   |correlation_accel_v3_fmul_32ns_32ns_32_4_max_dsp   |        0|      3|  143|  321|
    |correlation_accel_v3_fsqrt_32ns_32ns_32_16_U61         |correlation_accel_v3_fsqrt_32ns_32ns_32_16         |        0|      0|  516|  626|
    |correlation_accel_v3_fsqrt_32ns_32ns_32_16_U62         |correlation_accel_v3_fsqrt_32ns_32ns_32_16         |        0|      0|  516|  626|
    |correlation_accel_v3_fsub_32ns_32ns_32_5_full_dsp_U37  |correlation_accel_v3_fsub_32ns_32ns_32_5_full_dsp  |        0|      2|  205|  390|
    |correlation_accel_v3_fsub_32ns_32ns_32_5_full_dsp_U38  |correlation_accel_v3_fsub_32ns_32ns_32_5_full_dsp  |        0|      2|  205|  390|
    |correlation_accel_v3_fsub_32ns_32ns_32_5_full_dsp_U39  |correlation_accel_v3_fsub_32ns_32ns_32_5_full_dsp  |        0|      2|  205|  390|
    |correlation_accel_v3_fsub_32ns_32ns_32_5_full_dsp_U40  |correlation_accel_v3_fsub_32ns_32ns_32_5_full_dsp  |        0|      2|  205|  390|
    |correlation_accel_v3_sitofp_32ns_32_6_U60              |correlation_accel_v3_sitofp_32ns_32_6              |        0|      0|  340|  554|
    +-------------------------------------------------------+---------------------------------------------------+---------+-------+-----+-----+
    |Total                                                  |                                                   |        0|     44| 8803|13710|
    +-------------------------------------------------------+---------------------------------------------------+---------+-------+-----+-----+

    * Memory: 
    N/A

    * FIFO: 
    N/A

    * Expression: 
    +------------------------+----------+-------+---+----+------------+------------+
    |      Variable Name     | Operation| DSP48E| FF| LUT| Bitwidth P0| Bitwidth P1|
    +------------------------+----------+-------+---+----+------------+------------+
    |column_index_fu_376_p2  |     +    |      0|  0|  31|          31|           1|
    |tmp_1_i_fu_357_p2       |     +    |      0|  0|  32|          32|           2|
    |tmp_i_fu_351_p2         |     +    |      0|  0|  32|          32|           2|
    |tmp_2_i_fu_366_p2       |   icmp   |      0|  0|  40|          32|          32|
    |tmp_33_i_fu_371_p2      |   icmp   |      0|  0|  40|          32|          32|
    |ap_sig_bdd_148          |    or    |      0|  0|   1|           1|           1|
    |ap_sig_bdd_95           |    or    |      0|  0|   1|           1|           1|
    +------------------------+----------+-------+---+----+------------+------------+
    |Total                   |          |      0|  0| 177|         161|          71|
    +------------------------+----------+-------+---+----+------------+------------+

    * Multiplexer: 
    +---------------------------------------+----+-----------+-----+-----------+
    |                  Name                 | LUT| Input Size| Bits| Total Bits|
    +---------------------------------------+----+-----------+-----+-----------+
    |ap_NS_fsm                              |   4|         10|    1|         10|
    |ap_reg_ppiten_pp0_it87                 |   1|          2|    1|          2|
    |ap_sig_ioackin_out_correlation_TREADY  |   1|          2|    1|          2|
    |column_index_i_reg_232                 |  31|          2|   31|         62|
    +---------------------------------------+----+-----------+-----+-----------+
    |Total                                  |  37|         16|   34|         76|
    +---------------------------------------+----+-----------+-----+-----------+

    * Register: 
    +---------------------------------------+----+----+-----+-----------+
    |                  Name                 | FF | LUT| Bits| Const Bits|
    +---------------------------------------+----+----+-----+-----------+
    |NUMBER_OF_INDICES_read_reg_387         |  32|   0|   32|          0|
    |ap_CS_fsm                              |   9|   0|    9|          0|
    |ap_done_reg                            |   1|   0|    1|          0|
    |ap_reg_ioackin_out_correlation_TREADY  |   1|   0|    1|          0|
    |ap_reg_ppiten_pp0_it0                  |   1|   0|    1|          0|
    |ap_reg_ppiten_pp0_it1                  |   1|   0|    1|          0|
    |ap_reg_ppiten_pp0_it10                 |   1|   0|    1|          0|
    |ap_reg_ppiten_pp0_it11                 |   1|   0|    1|          0|
    |ap_reg_ppiten_pp0_it12                 |   1|   0|    1|          0|
    |ap_reg_ppiten_pp0_it13                 |   1|   0|    1|          0|
    |ap_reg_ppiten_pp0_it14                 |   1|   0|    1|          0|
    |ap_reg_ppiten_pp0_it15                 |   1|   0|    1|          0|
    |ap_reg_ppiten_pp0_it16                 |   1|   0|    1|          0|
    |ap_reg_ppiten_pp0_it17                 |   1|   0|    1|          0|
    |ap_reg_ppiten_pp0_it18                 |   1|   0|    1|          0|
    |ap_reg_ppiten_pp0_it19                 |   1|   0|    1|          0|
    |ap_reg_ppiten_pp0_it2                  |   1|   0|    1|          0|
    |ap_reg_ppiten_pp0_it20                 |   1|   0|    1|          0|
    |ap_reg_ppiten_pp0_it21                 |   1|   0|    1|          0|
    |ap_reg_ppiten_pp0_it22                 |   1|   0|    1|          0|
    |ap_reg_ppiten_pp0_it23                 |   1|   0|    1|          0|
    |ap_reg_ppiten_pp0_it24                 |   1|   0|    1|          0|
    |ap_reg_ppiten_pp0_it25                 |   1|   0|    1|          0|
    |ap_reg_ppiten_pp0_it26                 |   1|   0|    1|          0|
    |ap_reg_ppiten_pp0_it27                 |   1|   0|    1|          0|
    |ap_reg_ppiten_pp0_it28                 |   1|   0|    1|          0|
    |ap_reg_ppiten_pp0_it29                 |   1|   0|    1|          0|
    |ap_reg_ppiten_pp0_it3                  |   1|   0|    1|          0|
    |ap_reg_ppiten_pp0_it30                 |   1|   0|    1|          0|
    |ap_reg_ppiten_pp0_it31                 |   1|   0|    1|          0|
    |ap_reg_ppiten_pp0_it32                 |   1|   0|    1|          0|
    |ap_reg_ppiten_pp0_it33                 |   1|   0|    1|          0|
    |ap_reg_ppiten_pp0_it34                 |   1|   0|    1|          0|
    |ap_reg_ppiten_pp0_it35                 |   1|   0|    1|          0|
    |ap_reg_ppiten_pp0_it36                 |   1|   0|    1|          0|
    |ap_reg_ppiten_pp0_it37                 |   1|   0|    1|          0|
    |ap_reg_ppiten_pp0_it38                 |   1|   0|    1|          0|
    |ap_reg_ppiten_pp0_it39                 |   1|   0|    1|          0|
    |ap_reg_ppiten_pp0_it4                  |   1|   0|    1|          0|
    |ap_reg_ppiten_pp0_it40                 |   1|   0|    1|          0|
    |ap_reg_ppiten_pp0_it41                 |   1|   0|    1|          0|
    |ap_reg_ppiten_pp0_it42                 |   1|   0|    1|          0|
    |ap_reg_ppiten_pp0_it43                 |   1|   0|    1|          0|
    |ap_reg_ppiten_pp0_it44                 |   1|   0|    1|          0|
    |ap_reg_ppiten_pp0_it45                 |   1|   0|    1|          0|
    |ap_reg_ppiten_pp0_it46                 |   1|   0|    1|          0|
    |ap_reg_ppiten_pp0_it47                 |   1|   0|    1|          0|
    |ap_reg_ppiten_pp0_it48                 |   1|   0|    1|          0|
    |ap_reg_ppiten_pp0_it49                 |   1|   0|    1|          0|
    |ap_reg_ppiten_pp0_it5                  |   1|   0|    1|          0|
    |ap_reg_ppiten_pp0_it50                 |   1|   0|    1|          0|
    |ap_reg_ppiten_pp0_it51                 |   1|   0|    1|          0|
    |ap_reg_ppiten_pp0_it52                 |   1|   0|    1|          0|
    |ap_reg_ppiten_pp0_it53                 |   1|   0|    1|          0|
    |ap_reg_ppiten_pp0_it54                 |   1|   0|    1|          0|
    |ap_reg_ppiten_pp0_it55                 |   1|   0|    1|          0|
    |ap_reg_ppiten_pp0_it56                 |   1|   0|    1|          0|
    |ap_reg_ppiten_pp0_it57                 |   1|   0|    1|          0|
    |ap_reg_ppiten_pp0_it58                 |   1|   0|    1|          0|
    |ap_reg_ppiten_pp0_it59                 |   1|   0|    1|          0|
    |ap_reg_ppiten_pp0_it6                  |   1|   0|    1|          0|
    |ap_reg_ppiten_pp0_it60                 |   1|   0|    1|          0|
    |ap_reg_ppiten_pp0_it61                 |   1|   0|    1|          0|
    |ap_reg_ppiten_pp0_it62                 |   1|   0|    1|          0|
    |ap_reg_ppiten_pp0_it63                 |   1|   0|    1|          0|
    |ap_reg_ppiten_pp0_it64                 |   1|   0|    1|          0|
    |ap_reg_ppiten_pp0_it65                 |   1|   0|    1|          0|
    |ap_reg_ppiten_pp0_it66                 |   1|   0|    1|          0|
    |ap_reg_ppiten_pp0_it67                 |   1|   0|    1|          0|
    |ap_reg_ppiten_pp0_it68                 |   1|   0|    1|          0|
    |ap_reg_ppiten_pp0_it69                 |   1|   0|    1|          0|
    |ap_reg_ppiten_pp0_it7                  |   1|   0|    1|          0|
    |ap_reg_ppiten_pp0_it70                 |   1|   0|    1|          0|
    |ap_reg_ppiten_pp0_it71                 |   1|   0|    1|          0|
    |ap_reg_ppiten_pp0_it72                 |   1|   0|    1|          0|
    |ap_reg_ppiten_pp0_it73                 |   1|   0|    1|          0|
    |ap_reg_ppiten_pp0_it74                 |   1|   0|    1|          0|
    |ap_reg_ppiten_pp0_it75                 |   1|   0|    1|          0|
    |ap_reg_ppiten_pp0_it76                 |   1|   0|    1|          0|
    |ap_reg_ppiten_pp0_it77                 |   1|   0|    1|          0|
    |ap_reg_ppiten_pp0_it78                 |   1|   0|    1|          0|
    |ap_reg_ppiten_pp0_it79                 |   1|   0|    1|          0|
    |ap_reg_ppiten_pp0_it8                  |   1|   0|    1|          0|
    |ap_reg_ppiten_pp0_it80                 |   1|   0|    1|          0|
    |ap_reg_ppiten_pp0_it81                 |   1|   0|    1|          0|
    |ap_reg_ppiten_pp0_it82                 |   1|   0|    1|          0|
    |ap_reg_ppiten_pp0_it83                 |   1|   0|    1|          0|
    |ap_reg_ppiten_pp0_it84                 |   1|   0|    1|          0|
    |ap_reg_ppiten_pp0_it85                 |   1|   0|    1|          0|
    |ap_reg_ppiten_pp0_it86                 |   1|   0|    1|          0|
    |ap_reg_ppiten_pp0_it87                 |   1|   0|    1|          0|
    |ap_reg_ppiten_pp0_it9                  |   1|   0|    1|          0|
    |column_index_i_reg_232                 |  31|   0|   31|          0|
    |covariance_reg_575                     |  32|   0|   32|          0|
    |meanReturnA_reg_467                    |  32|   0|   32|          0|
    |meanReturnB_reg_476                    |  32|   0|   32|          0|
    |tmp_10_reg_430                         |  32|   0|   32|          0|
    |tmp_11_reg_435                         |  32|   0|   32|          0|
    |tmp_12_i_reg_485                       |  32|   0|   32|          0|
    |tmp_12_reg_440                         |  32|   0|   32|          0|
    |tmp_13_i_reg_500                       |  32|   0|   32|          0|
    |tmp_13_reg_446                         |  32|   0|   32|          0|
    |tmp_14_i_reg_520                       |  32|   0|   32|          0|
    |tmp_14_reg_451                         |  32|   0|   32|          0|
    |tmp_15_i_reg_535                       |  32|   0|   32|          0|
    |tmp_15_reg_456                         |  32|   0|   32|          0|
    |tmp_16_i_reg_540                       |  32|   0|   32|          0|
    |tmp_16_reg_461                         |  32|   0|   32|          0|
    |tmp_17_i_reg_565                       |  32|   0|   32|          0|
    |tmp_18_i_reg_490                       |  32|   0|   32|          0|
    |tmp_19_i_reg_505                       |  32|   0|   32|          0|
    |tmp_1_i_reg_404                        |  32|   0|   32|          0|
    |tmp_20_i_reg_525                       |  32|   0|   32|          0|
    |tmp_21_i_reg_545                       |  32|   0|   32|          0|
    |tmp_22_i_reg_550                       |  32|   0|   32|          0|
    |tmp_23_i_reg_570                       |  32|   0|   32|          0|
    |tmp_24_i_reg_495                       |  32|   0|   32|          0|
    |tmp_25_i_reg_510                       |  32|   0|   32|          0|
    |tmp_26_i_reg_515                       |  32|   0|   32|          0|
    |tmp_27_i_reg_530                       |  32|   0|   32|          0|
    |tmp_28_i_reg_560                       |  32|   0|   32|          0|
    |tmp_29_i_reg_555                       |  32|   0|   32|          0|
    |tmp_2_i_reg_409                        |   1|   0|    1|          0|
    |tmp_30_i_reg_590                       |  32|   0|   32|          0|
    |tmp_33_i_reg_413                       |   1|   0|    1|          0|
    |tmp_i_24_reg_398                       |  32|   0|   32|          0|
    |tmp_i_reg_393                          |  32|   0|   32|          0|
    |tmp_reg_423                            |  32|   0|   32|          0|
    |volatilityA_reg_580                    |  32|   0|   32|          0|
    |volatilityB_reg_585                    |  32|   0|   32|          0|
    |covariance_reg_575                     |   0|  64|   32|          0|
    |meanReturnA_reg_467                    |   0|  32|   32|          0|
    |meanReturnB_reg_476                    |   0|  32|   32|          0|
    |tmp_11_reg_435                         |   0|  32|   32|          0|
    |tmp_12_reg_440                         |   0|  32|   32|          0|
    |tmp_13_reg_446                         |   0|  32|   32|          0|
    |tmp_15_reg_456                         |   0|  32|   32|          0|
    |tmp_16_reg_461                         |   0|  32|   32|          0|
    |tmp_29_i_reg_555                       |   0|  32|   32|          0|
    |tmp_2_i_reg_409                        |   0|   3|    1|          0|
    |tmp_33_i_reg_413                       |   0|   3|    1|          0|
    |tmp_reg_423                            |   0|  64|   32|          0|
    +---------------------------------------+----+----+-----+-----------+
    |Total                                  |1284| 390| 1606|          0|
    +---------------------------------------+----+----+-----+-----------+



================================================================
== Interface
================================================================
* Summary: 
+-----------------------------------------+-----+-----+------------+---------------------------------+--------------+
|                RTL Ports                | Dir | Bits|  Protocol  |          Source Object          |    C Type    |
+-----------------------------------------+-----+-----+------------+---------------------------------+--------------+
|ap_clk                                   |  in |    1| ap_ctrl_hs |   correlation_accel_v3_backEnd  | return value |
|ap_rst                                   |  in |    1| ap_ctrl_hs |   correlation_accel_v3_backEnd  | return value |
|ap_start                                 |  in |    1| ap_ctrl_hs |   correlation_accel_v3_backEnd  | return value |
|ap_done                                  | out |    1| ap_ctrl_hs |   correlation_accel_v3_backEnd  | return value |
|ap_continue                              |  in |    1| ap_ctrl_hs |   correlation_accel_v3_backEnd  | return value |
|ap_idle                                  | out |    1| ap_ctrl_hs |   correlation_accel_v3_backEnd  | return value |
|ap_ready                                 | out |    1| ap_ctrl_hs |   correlation_accel_v3_backEnd  | return value |
|NUMBER_OF_DAYS_dout                      |  in |   32|   ap_fifo  |          NUMBER_OF_DAYS         |    pointer   |
|NUMBER_OF_DAYS_empty_n                   |  in |    1|   ap_fifo  |          NUMBER_OF_DAYS         |    pointer   |
|NUMBER_OF_DAYS_read                      | out |    1|   ap_fifo  |          NUMBER_OF_DAYS         |    pointer   |
|NUMBER_OF_INDICES_dout                   |  in |   32|   ap_fifo  |        NUMBER_OF_INDICES        |    pointer   |
|NUMBER_OF_INDICES_empty_n                |  in |    1|   ap_fifo  |        NUMBER_OF_INDICES        |    pointer   |
|NUMBER_OF_INDICES_read                   | out |    1|   ap_fifo  |        NUMBER_OF_INDICES        |    pointer   |
|sum_weight_in_V_dout                     |  in |   32|   ap_fifo  |         sum_weight_in_V         |    pointer   |
|sum_weight_in_V_empty_n                  |  in |    1|   ap_fifo  |         sum_weight_in_V         |    pointer   |
|sum_weight_in_V_read                     | out |    1|   ap_fifo  |         sum_weight_in_V         |    pointer   |
|sum_return_in_V_dout                     |  in |   32|   ap_fifo  |         sum_return_in_V         |    pointer   |
|sum_return_in_V_empty_n                  |  in |    1|   ap_fifo  |         sum_return_in_V         |    pointer   |
|sum_return_in_V_read                     | out |    1|   ap_fifo  |         sum_return_in_V         |    pointer   |
|sum_weight_returnSquare_in_V_dout        |  in |   32|   ap_fifo  |   sum_weight_returnSquare_in_V  |    pointer   |
|sum_weight_returnSquare_in_V_empty_n     |  in |    1|   ap_fifo  |   sum_weight_returnSquare_in_V  |    pointer   |
|sum_weight_returnSquare_in_V_read        | out |    1|   ap_fifo  |   sum_weight_returnSquare_in_V  |    pointer   |
|sum_weight_return_in_V_dout              |  in |   32|   ap_fifo  |      sum_weight_return_in_V     |    pointer   |
|sum_weight_return_in_V_empty_n           |  in |    1|   ap_fifo  |      sum_weight_return_in_V     |    pointer   |
|sum_weight_return_in_V_read              | out |    1|   ap_fifo  |      sum_weight_return_in_V     |    pointer   |
|sum_weight_returnA_returnB_in_s_dout     |  in |   32|   ap_fifo  | sum_weight_returnA_returnB_in_s |    pointer   |
|sum_weight_returnA_returnB_in_s_empty_n  |  in |    1|   ap_fifo  | sum_weight_returnA_returnB_in_s |    pointer   |
|sum_weight_returnA_returnB_in_s_read     | out |    1|   ap_fifo  | sum_weight_returnA_returnB_in_s |    pointer   |
|sum_returnA_in_V_dout                    |  in |   32|   ap_fifo  |         sum_returnA_in_V        |    pointer   |
|sum_returnA_in_V_empty_n                 |  in |    1|   ap_fifo  |         sum_returnA_in_V        |    pointer   |
|sum_returnA_in_V_read                    | out |    1|   ap_fifo  |         sum_returnA_in_V        |    pointer   |
|sum_weight_returnSquareA_in_V_dout       |  in |   32|   ap_fifo  |  sum_weight_returnSquareA_in_V  |    pointer   |
|sum_weight_returnSquareA_in_V_empty_n    |  in |    1|   ap_fifo  |  sum_weight_returnSquareA_in_V  |    pointer   |
|sum_weight_returnSquareA_in_V_read       | out |    1|   ap_fifo  |  sum_weight_returnSquareA_in_V  |    pointer   |
|sum_weight_returnA_in_V_dout             |  in |   32|   ap_fifo  |     sum_weight_returnA_in_V     |    pointer   |
|sum_weight_returnA_in_V_empty_n          |  in |    1|   ap_fifo  |     sum_weight_returnA_in_V     |    pointer   |
|sum_weight_returnA_in_V_read             | out |    1|   ap_fifo  |     sum_weight_returnA_in_V     |    pointer   |
|out_correlation_TDATA                    | out |   32|    axis    |      out_correlation_data_V     |    pointer   |
|out_correlation_TVALID                   | out |    1|    axis    |      out_correlation_dest_V     |    pointer   |
|out_correlation_TREADY                   |  in |    1|    axis    |      out_correlation_dest_V     |    pointer   |
|out_correlation_TDEST                    | out |    1|    axis    |      out_correlation_dest_V     |    pointer   |
|out_correlation_TKEEP                    | out |    4|    axis    |      out_correlation_keep_V     |    pointer   |
|out_correlation_TSTRB                    | out |    4|    axis    |      out_correlation_strb_V     |    pointer   |
|out_correlation_TUSER                    | out |    1|    axis    |      out_correlation_user_V     |    pointer   |
|out_correlation_TLAST                    | out |    1|    axis    |      out_correlation_last_V     |    pointer   |
|out_correlation_TID                      | out |    1|    axis    |       out_correlation_id_V      |    pointer   |
+-----------------------------------------+-----+-----+------------+---------------------------------+--------------+

