

================================================================
== Vivado HLS Report for 'correlation_accel_v3_backEnd'
================================================================
* Date:           Mon Jan 30 13:44:03 2017

* Version:        2014.4 (Build 1071461 on Tue Nov 18 16:42:57 PM 2014)
* Project:        correlation_accel_v3
* Solution:       solution
* Product family: zynq
* Target device:  xc7z020clg484-1


================================================================
== Performance Estimates
================================================================
+ Timing (ns): 
    * Summary: 
    +---------+-------+----------+------------+
    |  Clock  | Target| Estimated| Uncertainty|
    +---------+-------+----------+------------+
    |default  |   8.50|      7.26|        1.06|
    +---------+-------+----------+------------+

+ Latency (clock cycles): 
    * Summary: 
    +-----+--------------+-----+--------------+---------+
    |       Latency      |      Interval      | Pipeline|
    | min |      max     | min |      max     |   Type  |
    +-----+--------------+-----+--------------+---------+
    |    7|  186831077209|    7|  186831077209|   none  |
    +-----+--------------+-----+--------------+---------+

    + Detail: 
        * Instance: 
        N/A

        * Loop: 
        +----------+-----+--------------+----------+-----------+-----------+----------------+----------+
        |          |       Latency      | Iteration|  Initiation Interval  |      Trip      |          |
        | Loop Name| min |      max     |  Latency |  achieved |   target  |      Count     | Pipelined|
        +----------+-----+--------------+----------+-----------+-----------+----------------+----------+
        |- Loop 1  |    0|  186831077202|        87|          -|          -| 0 ~ 2147483646 |    no    |
        +----------+-----+--------------+----------+-----------+-----------+----------------+----------+



================================================================
== Utilization Estimates
================================================================
* Summary: 
+-----------------+---------+-------+--------+-------+
|       Name      | BRAM_18K| DSP48E|   FF   |  LUT  |
+-----------------+---------+-------+--------+-------+
|Expression       |        -|      -|       0|    177|
|FIFO             |        -|      -|       -|      -|
|Instance         |        -|     13|    3733|   5537|
|Memory           |        -|      -|       -|      -|
|Multiplexer      |        -|      -|       -|    623|
|Register         |        -|      -|     927|      -|
+-----------------+---------+-------+--------+-------+
|Total            |        0|     13|    4660|   6337|
+-----------------+---------+-------+--------+-------+
|Available        |      280|    220|  106400|  53200|
+-----------------+---------+-------+--------+-------+
|Utilization (%)  |        0|      5|       4|     11|
+-----------------+---------+-------+--------+-------+

+ Detail: 
    * Instance: 
    +-----------------------------------------------------------+-------------------------------------------------------+---------+-------+-----+-----+
    |                          Instance                         |                         Module                        | BRAM_18K| DSP48E|  FF | LUT |
    +-----------------------------------------------------------+-------------------------------------------------------+---------+-------+-----+-----+
    |correlation_accel_v3_faddfsub_32ns_32ns_32_5_full_dsp_U37  |correlation_accel_v3_faddfsub_32ns_32ns_32_5_full_dsp  |        0|      2|  205|  390|
    |correlation_accel_v3_faddfsub_32ns_32ns_32_5_full_dsp_U38  |correlation_accel_v3_faddfsub_32ns_32ns_32_5_full_dsp  |        0|      2|  205|  390|
    |correlation_accel_v3_fdiv_32ns_32ns_32_16_U42              |correlation_accel_v3_fdiv_32ns_32ns_32_16              |        0|      0|  761|  994|
    |correlation_accel_v3_fdiv_32ns_32ns_32_16_U43              |correlation_accel_v3_fdiv_32ns_32ns_32_16              |        0|      0|  761|  994|
    |correlation_accel_v3_fmul_32ns_32ns_32_4_max_dsp_U39       |correlation_accel_v3_fmul_32ns_32ns_32_4_max_dsp       |        0|      3|  143|  321|
    |correlation_accel_v3_fmul_32ns_32ns_32_4_max_dsp_U40       |correlation_accel_v3_fmul_32ns_32ns_32_4_max_dsp       |        0|      3|  143|  321|
    |correlation_accel_v3_fmul_32ns_32ns_32_4_max_dsp_U41       |correlation_accel_v3_fmul_32ns_32ns_32_4_max_dsp       |        0|      3|  143|  321|
    |correlation_accel_v3_fsqrt_32ns_32ns_32_16_U45             |correlation_accel_v3_fsqrt_32ns_32ns_32_16             |        0|      0|  516|  626|
    |correlation_accel_v3_fsqrt_32ns_32ns_32_16_U46             |correlation_accel_v3_fsqrt_32ns_32ns_32_16             |        0|      0|  516|  626|
    |correlation_accel_v3_sitofp_32ns_32_6_U44                  |correlation_accel_v3_sitofp_32ns_32_6                  |        0|      0|  340|  554|
    +-----------------------------------------------------------+-------------------------------------------------------+---------+-------+-----+-----+
    |Total                                                      |                                                       |        0|     13| 3733| 5537|
    +-----------------------------------------------------------+-------------------------------------------------------+---------+-------+-----+-----+

    * Memory: 
    N/A

    * FIFO: 
    N/A

    * Expression: 
    +------------------------+----------+-------+---+----+------------+------------+
    |      Variable Name     | Operation| DSP48E| FF| LUT| Bitwidth P0| Bitwidth P1|
    +------------------------+----------+-------+---+----+------------+------------+
    |column_index_fu_355_p2  |     +    |      0|  0|  31|          31|           1|
    |tmp_1_i_fu_336_p2       |     +    |      0|  0|  32|          32|           2|
    |tmp_i_fu_330_p2         |     +    |      0|  0|  32|          32|           2|
    |tmp_2_i_fu_345_p2       |   icmp   |      0|  0|  40|          32|          32|
    |tmp_32_i_fu_350_p2      |   icmp   |      0|  0|  40|          32|          32|
    |ap_sig_bdd_272          |    or    |      0|  0|   1|           1|           1|
    |ap_sig_bdd_324          |    or    |      0|  0|   1|           1|           1|
    +------------------------+----------+-------+---+----+------------+------------+
    |Total                   |          |      0|  0| 177|         161|          71|
    +------------------------+----------+-------+---+----+------------+------------+

    * Multiplexer: 
    +---------------------------------------+-----+-----------+-----+-----------+
    |                  Name                 | LUT | Input Size| Bits| Total Bits|
    +---------------------------------------+-----+-----------+-----+-----------+
    |ap_NS_fsm                              |  203|         95|    1|         95|
    |ap_sig_ioackin_out_correlation_TREADY  |    1|          2|    1|          2|
    |column_index_i_reg_222                 |   31|          2|   31|         62|
    |grp_fu_234_opcode                      |    2|          3|    2|          6|
    |grp_fu_234_p0                          |   32|          6|   32|        192|
    |grp_fu_234_p1                          |   32|          4|   32|        128|
    |grp_fu_238_opcode                      |    2|          3|    2|          6|
    |grp_fu_238_p0                          |   32|          3|   32|         96|
    |grp_fu_242_p0                          |   32|          5|   32|        160|
    |grp_fu_242_p1                          |   32|          5|   32|        160|
    |grp_fu_247_p0                          |   32|          3|   32|         96|
    |grp_fu_247_p1                          |   32|          4|   32|        128|
    |grp_fu_252_p1                          |   32|          3|   32|         96|
    |grp_fu_256_p0                          |   32|          4|   32|        128|
    |grp_fu_256_p1                          |   32|          4|   32|        128|
    |grp_fu_260_p0                          |   32|          3|   32|         96|
    |grp_fu_260_p1                          |   32|          3|   32|         96|
    +---------------------------------------+-----+-----------+-----+-----------+
    |Total                                  |  623|        152|  421|       1675|
    +---------------------------------------+-----+-----------+-----+-----------+

    * Register: 
    +---------------------------------------+----+----+-----+-----------+
    |                  Name                 | FF | LUT| Bits| Const Bits|
    +---------------------------------------+----+----+-----+-----------+
    |NUMBER_OF_INDICES_read_reg_366         |  32|   0|   32|          0|
    |ap_CS_fsm                              |  94|   0|   94|          0|
    |ap_done_reg                            |   1|   0|    1|          0|
    |ap_reg_ioackin_out_correlation_TREADY  |   1|   0|    1|          0|
    |column_index_i_reg_222                 |  31|   0|   31|          0|
    |column_index_reg_438                   |  31|   0|   31|          0|
    |reg_277                                |  32|   0|   32|          0|
    |reg_285                                |  32|   0|   32|          0|
    |reg_294                                |  32|   0|   32|          0|
    |reg_301                                |  32|   0|   32|          0|
    |reg_307                                |  32|   0|   32|          0|
    |reg_312                                |  32|   0|   32|          0|
    |reg_319                                |  32|   0|   32|          0|
    |reg_324                                |  32|   0|   32|          0|
    |tmp_10_reg_397                         |  32|   0|   32|          0|
    |tmp_11_reg_402                         |  32|   0|   32|          0|
    |tmp_12_reg_407                         |  32|   0|   32|          0|
    |tmp_13_reg_413                         |  32|   0|   32|          0|
    |tmp_14_reg_418                         |  32|   0|   32|          0|
    |tmp_15_reg_423                         |  32|   0|   32|          0|
    |tmp_16_reg_428                         |  32|   0|   32|          0|
    |tmp_1_i_reg_383                        |  32|   0|   32|          0|
    |tmp_25_i_reg_443                       |  32|   0|   32|          0|
    |tmp_27_i_reg_448                       |  32|   0|   32|          0|
    |tmp_32_i_reg_433                       |   1|   0|    1|          0|
    |tmp_i_24_reg_377                       |  32|   0|   32|          0|
    |tmp_i_reg_372                          |  32|   0|   32|          0|
    |tmp_reg_391                            |  32|   0|   32|          0|
    |volatilityA_reg_453                    |  32|   0|   32|          0|
    |volatilityB_reg_458                    |  32|   0|   32|          0|
    +---------------------------------------+----+----+-----+-----------+
    |Total                                  | 927|   0|  927|          0|
    +---------------------------------------+----+----+-----+-----------+



================================================================
== Interface
================================================================
* Summary: 
+-----------------------------------------+-----+-----+------------+---------------------------------+--------------+
|                RTL Ports                | Dir | Bits|  Protocol  |          Source Object          |    C Type    |
+-----------------------------------------+-----+-----+------------+---------------------------------+--------------+
|ap_clk                                   |  in |    1| ap_ctrl_hs |   correlation_accel_v3_backEnd  | return value |
|ap_rst                                   |  in |    1| ap_ctrl_hs |   correlation_accel_v3_backEnd  | return value |
|ap_start                                 |  in |    1| ap_ctrl_hs |   correlation_accel_v3_backEnd  | return value |
|ap_done                                  | out |    1| ap_ctrl_hs |   correlation_accel_v3_backEnd  | return value |
|ap_continue                              |  in |    1| ap_ctrl_hs |   correlation_accel_v3_backEnd  | return value |
|ap_idle                                  | out |    1| ap_ctrl_hs |   correlation_accel_v3_backEnd  | return value |
|ap_ready                                 | out |    1| ap_ctrl_hs |   correlation_accel_v3_backEnd  | return value |
|NUMBER_OF_DAYS_dout                      |  in |   32|   ap_fifo  |          NUMBER_OF_DAYS         |    pointer   |
|NUMBER_OF_DAYS_empty_n                   |  in |    1|   ap_fifo  |          NUMBER_OF_DAYS         |    pointer   |
|NUMBER_OF_DAYS_read                      | out |    1|   ap_fifo  |          NUMBER_OF_DAYS         |    pointer   |
|NUMBER_OF_INDICES_dout                   |  in |   32|   ap_fifo  |        NUMBER_OF_INDICES        |    pointer   |
|NUMBER_OF_INDICES_empty_n                |  in |    1|   ap_fifo  |        NUMBER_OF_INDICES        |    pointer   |
|NUMBER_OF_INDICES_read                   | out |    1|   ap_fifo  |        NUMBER_OF_INDICES        |    pointer   |
|sum_weight_in_V_dout                     |  in |   32|   ap_fifo  |         sum_weight_in_V         |    pointer   |
|sum_weight_in_V_empty_n                  |  in |    1|   ap_fifo  |         sum_weight_in_V         |    pointer   |
|sum_weight_in_V_read                     | out |    1|   ap_fifo  |         sum_weight_in_V         |    pointer   |
|sum_return_in_V_dout                     |  in |   32|   ap_fifo  |         sum_return_in_V         |    pointer   |
|sum_return_in_V_empty_n                  |  in |    1|   ap_fifo  |         sum_return_in_V         |    pointer   |
|sum_return_in_V_read                     | out |    1|   ap_fifo  |         sum_return_in_V         |    pointer   |
|sum_weight_returnSquare_in_V_dout        |  in |   32|   ap_fifo  |   sum_weight_returnSquare_in_V  |    pointer   |
|sum_weight_returnSquare_in_V_empty_n     |  in |    1|   ap_fifo  |   sum_weight_returnSquare_in_V  |    pointer   |
|sum_weight_returnSquare_in_V_read        | out |    1|   ap_fifo  |   sum_weight_returnSquare_in_V  |    pointer   |
|sum_weight_return_in_V_dout              |  in |   32|   ap_fifo  |      sum_weight_return_in_V     |    pointer   |
|sum_weight_return_in_V_empty_n           |  in |    1|   ap_fifo  |      sum_weight_return_in_V     |    pointer   |
|sum_weight_return_in_V_read              | out |    1|   ap_fifo  |      sum_weight_return_in_V     |    pointer   |
|sum_weight_returnA_returnB_in_s_dout     |  in |   32|   ap_fifo  | sum_weight_returnA_returnB_in_s |    pointer   |
|sum_weight_returnA_returnB_in_s_empty_n  |  in |    1|   ap_fifo  | sum_weight_returnA_returnB_in_s |    pointer   |
|sum_weight_returnA_returnB_in_s_read     | out |    1|   ap_fifo  | sum_weight_returnA_returnB_in_s |    pointer   |
|sum_returnA_in_V_dout                    |  in |   32|   ap_fifo  |         sum_returnA_in_V        |    pointer   |
|sum_returnA_in_V_empty_n                 |  in |    1|   ap_fifo  |         sum_returnA_in_V        |    pointer   |
|sum_returnA_in_V_read                    | out |    1|   ap_fifo  |         sum_returnA_in_V        |    pointer   |
|sum_weight_returnSquareA_in_V_dout       |  in |   32|   ap_fifo  |  sum_weight_returnSquareA_in_V  |    pointer   |
|sum_weight_returnSquareA_in_V_empty_n    |  in |    1|   ap_fifo  |  sum_weight_returnSquareA_in_V  |    pointer   |
|sum_weight_returnSquareA_in_V_read       | out |    1|   ap_fifo  |  sum_weight_returnSquareA_in_V  |    pointer   |
|sum_weight_returnA_in_V_dout             |  in |   32|   ap_fifo  |     sum_weight_returnA_in_V     |    pointer   |
|sum_weight_returnA_in_V_empty_n          |  in |    1|   ap_fifo  |     sum_weight_returnA_in_V     |    pointer   |
|sum_weight_returnA_in_V_read             | out |    1|   ap_fifo  |     sum_weight_returnA_in_V     |    pointer   |
|out_correlation_TDATA                    | out |   32|    axis    |      out_correlation_data_V     |    pointer   |
|out_correlation_TVALID                   | out |    1|    axis    |      out_correlation_dest_V     |    pointer   |
|out_correlation_TREADY                   |  in |    1|    axis    |      out_correlation_dest_V     |    pointer   |
|out_correlation_TDEST                    | out |    1|    axis    |      out_correlation_dest_V     |    pointer   |
|out_correlation_TKEEP                    | out |    4|    axis    |      out_correlation_keep_V     |    pointer   |
|out_correlation_TSTRB                    | out |    4|    axis    |      out_correlation_strb_V     |    pointer   |
|out_correlation_TUSER                    | out |    1|    axis    |      out_correlation_user_V     |    pointer   |
|out_correlation_TLAST                    | out |    1|    axis    |      out_correlation_last_V     |    pointer   |
|out_correlation_TID                      | out |    1|    axis    |       out_correlation_id_V      |    pointer   |
+-----------------------------------------+-----+-----+------------+---------------------------------+--------------+

