(c) Copyright 2012-2015 Xilinx, Inc. All Rights Reserved.
#-----------------------------------------------------------
# Tool version  : sds++ 2015.4 SW Build on Dec 14 2015 23:02:57
# Start time    : Fri Jan 01 05:51:05 -0800 2016
# Command line  : sds++ -o lab3a.elf ./src/SDSoC_lab_design_main.o ./src/edge_detect.o ./src/rgb_2_gray.o ./src/sharpen.o -dmclkid 1 -target-os standalone -sds-pf zed
# Log file      : C:/xup/SDSoC/labs/lab3a/SDDebug/_sds/reports/sds.log
# Journal file  : C:/xup/SDSoC/labs/lab3a/SDDebug/_sds/reports/sds.jou
# Report file   : C:/xup/SDSoC/labs/lab3a/SDDebug/_sds/reports/sds.rpt
#-----------------------------------------------------------

# INFO: [SDSoC 0-0] Analyzing object files
arm-xilinx-eabi-objcopy -O binary --set-section-flags .xdinfo=alloc --only-section=.xdinfo C:/xup/SDSoC/labs/lab3a/SDDebug/src/SDSoC_lab_design_main.o C:/xup/SDSoC/labs/lab3a/SDDebug/_sds/.data/xdinfo.xml
arm-xilinx-eabi-objcopy -O binary --set-section-flags .xddata=alloc --only-section=.xddata C:/xup/SDSoC/labs/lab3a/SDDebug/src/SDSoC_lab_design_main.o C:/xup/SDSoC/labs/lab3a/SDDebug/_sds/.data/xddata.xml
arm-xilinx-eabi-objcopy -O binary --set-section-flags .xdinfo=alloc --only-section=.xdinfo C:/xup/SDSoC/labs/lab3a/SDDebug/src/edge_detect.o C:/xup/SDSoC/labs/lab3a/SDDebug/_sds/.data/xdinfo.xml
arm-xilinx-eabi-objcopy -O binary --set-section-flags .xddata=alloc --only-section=.xddata C:/xup/SDSoC/labs/lab3a/SDDebug/src/edge_detect.o C:/xup/SDSoC/labs/lab3a/SDDebug/_sds/.data/sobel_filter.xml
arm-xilinx-eabi-objcopy -O binary --set-section-flags .xdpp=alloc --only-section=.xdpp C:/xup/SDSoC/labs/lab3a/SDDebug/src/edge_detect.o C:/xup/SDSoC/labs/lab3a/SDDebug/_sds/.pp/edge_detect.i
arm-xilinx-eabi-objcopy -O binary --set-section-flags .xdfcnmap=alloc --only-section=.xdfcnmap C:/xup/SDSoC/labs/lab3a/SDDebug/src/edge_detect.o C:/xup/SDSoC/labs/lab3a/SDDebug/_sds/.cdb/sobel_filter.fcnmap.xml
arm-xilinx-eabi-objcopy -O binary --set-section-flags .xdhlscore=alloc --only-section=.xdhlscore C:/xup/SDSoC/labs/lab3a/SDDebug/src/edge_detect.o C:/xup/SDSoC/labs/lab3a/SDDebug/_sds/iprepo/repo/xilinx_com_hls_sobel_filter_1_0/xilinx_com_hls_sobel_filter_1_0.zip
unzip -u -o C:/xup/SDSoC/labs/lab3a/SDDebug/_sds/iprepo/repo/xilinx_com_hls_sobel_filter_1_0/xilinx_com_hls_sobel_filter_1_0.zip -d C:/xup/SDSoC/labs/lab3a/SDDebug/_sds/iprepo/repo/xilinx_com_hls_sobel_filter_1_0
arm-xilinx-eabi-objcopy -O binary --set-section-flags .xdif=alloc --only-section=.xdif C:/xup/SDSoC/labs/lab3a/SDDebug/src/edge_detect.o C:/xup/SDSoC/labs/lab3a/SDDebug/_sds/.cdb/sobel_filter_if.xml
arm-xilinx-eabi-objcopy -O binary --set-section-flags .xdinfo=alloc --only-section=.xdinfo C:/xup/SDSoC/labs/lab3a/SDDebug/src/rgb_2_gray.o C:/xup/SDSoC/labs/lab3a/SDDebug/_sds/.data/xdinfo.xml
arm-xilinx-eabi-objcopy -O binary --set-section-flags .xddata=alloc --only-section=.xddata C:/xup/SDSoC/labs/lab3a/SDDebug/src/rgb_2_gray.o C:/xup/SDSoC/labs/lab3a/SDDebug/_sds/.data/xddata.xml
arm-xilinx-eabi-objcopy -O binary --set-section-flags .xdinfo=alloc --only-section=.xdinfo C:/xup/SDSoC/labs/lab3a/SDDebug/src/sharpen.o C:/xup/SDSoC/labs/lab3a/SDDebug/_sds/.data/xdinfo.xml
arm-xilinx-eabi-objcopy -O binary --set-section-flags .xddata=alloc --only-section=.xddata C:/xup/SDSoC/labs/lab3a/SDDebug/src/sharpen.o C:/xup/SDSoC/labs/lab3a/SDDebug/_sds/.data/sharpen_filter.xml
arm-xilinx-eabi-objcopy -O binary --set-section-flags .xdpp=alloc --only-section=.xdpp C:/xup/SDSoC/labs/lab3a/SDDebug/src/sharpen.o C:/xup/SDSoC/labs/lab3a/SDDebug/_sds/.pp/sharpen.i
arm-xilinx-eabi-objcopy -O binary --set-section-flags .xdfcnmap=alloc --only-section=.xdfcnmap C:/xup/SDSoC/labs/lab3a/SDDebug/src/sharpen.o C:/xup/SDSoC/labs/lab3a/SDDebug/_sds/.cdb/sharpen_filter.fcnmap.xml
arm-xilinx-eabi-objcopy -O binary --set-section-flags .xdhlscore=alloc --only-section=.xdhlscore C:/xup/SDSoC/labs/lab3a/SDDebug/src/sharpen.o C:/xup/SDSoC/labs/lab3a/SDDebug/_sds/iprepo/repo/xilinx_com_hls_sharpen_filter_1_0/xilinx_com_hls_sharpen_filter_1_0.zip
unzip -u -o C:/xup/SDSoC/labs/lab3a/SDDebug/_sds/iprepo/repo/xilinx_com_hls_sharpen_filter_1_0/xilinx_com_hls_sharpen_filter_1_0.zip -d C:/xup/SDSoC/labs/lab3a/SDDebug/_sds/iprepo/repo/xilinx_com_hls_sharpen_filter_1_0
arm-xilinx-eabi-objcopy -O binary --set-section-flags .xdif=alloc --only-section=.xdif C:/xup/SDSoC/labs/lab3a/SDDebug/src/sharpen.o C:/xup/SDSoC/labs/lab3a/SDDebug/_sds/.cdb/sharpen_filter_if.xml
build_xd_ip_db  -sds-pf C:/Xilinx/SDSoC/2015.4/platforms/zed/zed_hw.pfm  -ip C:/xup/SDSoC/labs/lab3a/SDDebug/_sds/iprepo/repo/xilinx_com_hls_sharpen_filter_1_0 -ip C:/xup/SDSoC/labs/lab3a/SDDebug/_sds/iprepo/repo/xilinx_com_hls_sobel_filter_1_0  -o C:/xup/SDSoC/labs/lab3a/SDDebug/_sds/.cdb/xd_ip_db.xml  
# INFO: [SDSoC 0-0] Generating data motion network
llvm-link -o C:/xup/SDSoC/labs/lab3a/SDDebug/_sds/.llvm/sds_all.o C:/xup/SDSoC/labs/lab3a/SDDebug/_sds/.llvm/./src/SDSoC_lab_design_main.s C:/xup/SDSoC/labs/lab3a/SDDebug/_sds/.llvm/./src/edge_detect.s C:/xup/SDSoC/labs/lab3a/SDDebug/_sds/.llvm/./src/rgb_2_gray.s C:/xup/SDSoC/labs/lab3a/SDDebug/_sds/.llvm/./src/sharpen.s
cd C:/xup/SDSoC/labs/lab3a/SDDebug/_sds/.llvm
cd C:/xup/SDSoC/labs/lab3a/SDDebug/_sds/.llvm
XidanePass  --platform zed  --dmclkid 1  --repo C:/xup/SDSoC/labs/lab3a/SDDebug/_sds/.cdb/xd_ip_db.xml  --dmdb C:/Xilinx/SDSoC/2015.4/data/DM.db   -os standalone 
cd C:/xup/SDSoC/labs/lab3a/SDDebug
xsltproc  -o C:/xup/SDSoC/labs/lab3a/SDDebug/_sds/p0/ipi/apsys_acc_info.xml  --stringparam P_XD_IP_REPOS C:/xup/SDSoC/labs/lab3a/SDDebug/_sds/.cdb/xd_ip_db.xml  C:/Xilinx/SDSoC/2015.4/scripts/xsd/genAdapterPackagedIpInfo.xsl 
      C:/xup/SDSoC/labs/lab3a/SDDebug/_sds/.llvm/apsys_0.xml
cd C:/xup/SDSoC/labs/lab3a/SDDebug
# INFO: [SDSoC 0-0] Creating block diagram (BD), address map, port information and device registration for partition 0 (this may take a few minutes)
system_linker -cf-input C:/xup/SDSoC/labs/lab3a/SDDebug/_sds/.llvm/apsys_0.xml -cf-output-dir _sds/p0 -ip-db C:/xup/SDSoC/labs/lab3a/SDDebug/_sds/.cdb/xd_ip_db.xml -ip-repo C:/xup/SDSoC/labs/lab3a/SDDebug/_sds/iprepo/repo -sds-pf C:/Xilinx/SDSoC/2015.4/platforms/zed:standalone -software-only   -target-os standalone -sdsoc
# INFO: [SDSoC 0-0] Rewrite caller functions
cd C:/xup/SDSoC/labs/lab3a/SDDebug/_sds/swstubs
arm-xilinx-eabi-objcopy -O binary --set-section-flags .xdinfo=alloc --only-section=.xdinfo C:/xup/SDSoC/labs/lab3a/SDDebug/src/SDSoC_lab_design_main.o C:/xup/SDSoC/labs/lab3a/SDDebug/_sds/.data/xdinfo.xml
arm-xilinx-eabi-objcopy -O binary --set-section-flags .xddata=alloc --only-section=.xddata C:/xup/SDSoC/labs/lab3a/SDDebug/src/SDSoC_lab_design_main.o C:/xup/SDSoC/labs/lab3a/SDDebug/_sds/.data/xddata.xml
arm-xilinx-eabi-objcopy -O binary --set-section-flags .xdsdata=alloc --only-section=.xdsdata C:/xup/SDSoC/labs/lab3a/SDDebug/src/SDSoC_lab_design_main.o C:/xup/SDSoC/labs/lab3a/SDDebug/_sds/.data/SDSoC_lab_design_main.o.xml
caller_rewrite  -rewrite C:/xup/SDSoC/labs/lab3a/SDDebug/_sds/.llvm/caller0.cfrewrite  -o C:/xup/SDSoC/labs/lab3a/SDDebug/_sds/swstubs/SDSoC_lab_design_main.c  C:/xup/SDSoC/labs/lab3a/SDDebug/_sds/swstubs/unix_SDSoC_lab_design_main.c  --  -c  -target arm-xilinx-eabi -mcpu=cortex-a9 -mfpu=vfp -O0 -g -w    -I C:/Xilinx/SDSoC/2015.4/arm-xilinx-eabi/include  -I C:/Xilinx/SDSoC/2015.4/Vivado_HLS/2015.4/include   -IC:/Xilinx/SDSoC/2015.4/SDK/2015.4/gnu/arm/nt/lib/gcc/arm-xilinx-eabi/4.9.2/include  -IC:/Xilinx/SDSoC/2015.4/SDK/2015.4/gnu/arm/nt/lib/gcc/arm-xilinx-eabi/4.9.2/include-fixed  -IC:/Xilinx/SDSoC/2015.4/SDK/2015.4/gnu/arm/nt/arm-xilinx-eabi/include  -IC:/xup/SDSoC/labs/lab3a/src -IC:/xup/SDSoC/labs/lab3a/src -DTIME_SHARPEN -DTIME_EDGE_DETECT -Wall -O0 -g -fmessage-length=0 -MMD -MP -D __SDSCC__
# INFO: [SDSoC 0-0] Compile caller rewrite file C:/xup/SDSoC/labs/lab3a/SDDebug/_sds/swstubs/SDSoC_lab_design_main.c
arm-xilinx-eabi-gcc  -c C:/xup/SDSoC/labs/lab3a/SDDebug/_sds/swstubs/SDSoC_lab_design_main.c  -IC:/xup/SDSoC/labs/lab3a/src -IC:/xup/SDSoC/labs/lab3a/src -DTIME_SHARPEN -DTIME_EDGE_DETECT -Wall -O0 -g -fmessage-length=0 -MMD -MP -D __SDSCC__    -I C:/Xilinx/SDSoC/2015.4/arm-xilinx-eabi/include  -I C:/Xilinx/SDSoC/2015.4/Vivado_HLS/2015.4/include  -o C:/xup/SDSoC/labs/lab3a/SDDebug/_sds/swstubs/SDSoC_lab_design_main.o
cd C:/xup/SDSoC/labs/lab3a/SDDebug
# INFO: [SDSoC 0-0] Prepare hardware access API functions
cd C:/xup/SDSoC/labs/lab3a/SDDebug
# INFO: [SDSoC 0-0] Create accelerator stub functions
cd C:/xup/SDSoC/labs/lab3a/SDDebug/_sds/swstubs
stub_gen  -func sobel_filter  -stub C:/xup/SDSoC/labs/lab3a/SDDebug/_sds/.llvm/sobel_filter.cfrewrite  -o C:/xup/SDSoC/labs/lab3a/SDDebug/_sds/swstubs/edge_detect.c  C:/xup/SDSoC/labs/lab3a/SDDebug/_sds/swstubs/unix_edge_detect.c  --  -c  -target arm-xilinx-eabi -mcpu=cortex-a9 -mfpu=vfp -O0 -g -w    -I C:/Xilinx/SDSoC/2015.4/arm-xilinx-eabi/include  -I C:/Xilinx/SDSoC/2015.4/Vivado_HLS/2015.4/include   -IC:/Xilinx/SDSoC/2015.4/SDK/2015.4/gnu/arm/nt/lib/gcc/arm-xilinx-eabi/4.9.2/include  -IC:/Xilinx/SDSoC/2015.4/SDK/2015.4/gnu/arm/nt/lib/gcc/arm-xilinx-eabi/4.9.2/include-fixed  -IC:/Xilinx/SDSoC/2015.4/SDK/2015.4/gnu/arm/nt/arm-xilinx-eabi/include  -IC:/xup/SDSoC/labs/lab3a/src -IC:/xup/SDSoC/labs/lab3a/src -DTIME_SHARPEN -DTIME_EDGE_DETECT -Wall -O0 -g -fmessage-length=0 -MMD -MP -D __SDSCC__
stub_gen  -func sharpen_filter  -stub C:/xup/SDSoC/labs/lab3a/SDDebug/_sds/.llvm/sharpen_filter.cfrewrite  -o C:/xup/SDSoC/labs/lab3a/SDDebug/_sds/swstubs/sharpen.c  C:/xup/SDSoC/labs/lab3a/SDDebug/_sds/swstubs/unix_sharpen.c  --  -c  -target arm-xilinx-eabi -mcpu=cortex-a9 -mfpu=vfp -O0 -g -w    -I C:/Xilinx/SDSoC/2015.4/arm-xilinx-eabi/include  -I C:/Xilinx/SDSoC/2015.4/Vivado_HLS/2015.4/include   -IC:/Xilinx/SDSoC/2015.4/SDK/2015.4/gnu/arm/nt/lib/gcc/arm-xilinx-eabi/4.9.2/include  -IC:/Xilinx/SDSoC/2015.4/SDK/2015.4/gnu/arm/nt/lib/gcc/arm-xilinx-eabi/4.9.2/include-fixed  -IC:/Xilinx/SDSoC/2015.4/SDK/2015.4/gnu/arm/nt/arm-xilinx-eabi/include  -IC:/xup/SDSoC/labs/lab3a/src -IC:/xup/SDSoC/labs/lab3a/src -DTIME_SHARPEN -DTIME_EDGE_DETECT -Wall -O0 -g -fmessage-length=0 -MMD -MP -D __SDSCC__
cd C:/xup/SDSoC/labs/lab3a/SDDebug
cd C:/xup/SDSoC/labs/lab3a/SDDebug/_sds/swstubs
# INFO: [SDSoC 0-0] Compile hardware access API functions
arm-xilinx-eabi-gcc   -I C:/Xilinx/SDSoC/2015.4/arm-xilinx-eabi/include  -I C:/Xilinx/SDSoC/2015.4/Vivado_HLS/2015.4/include  -c  C:/xup/SDSoC/labs/lab3a/SDDebug/_sds/swstubs/devreg.c
arm-xilinx-eabi-gcc   -I C:/Xilinx/SDSoC/2015.4/arm-xilinx-eabi/include  -I C:/Xilinx/SDSoC/2015.4/Vivado_HLS/2015.4/include   -c  C:/xup/SDSoC/labs/lab3a/SDDebug/_sds/swstubs/portinfo.c
arm-xilinx-eabi-g++   -I C:/Xilinx/SDSoC/2015.4/arm-xilinx-eabi/include  -I C:/Xilinx/SDSoC/2015.4/Vivado_HLS/2015.4/include  -c  C:/xup/SDSoC/labs/lab3a/SDDebug/_sds/swstubs/cf_stub.c
arm-xilinx-eabi-ar crs C:/xup/SDSoC/labs/lab3a/SDDebug/_sds/swstubs/libxlnk_stub.a C:/xup/SDSoC/labs/lab3a/SDDebug/_sds/swstubs/devreg.o C:/xup/SDSoC/labs/lab3a/SDDebug/_sds/swstubs/portinfo.o C:/xup/SDSoC/labs/lab3a/SDDebug/_sds/swstubs/cf_stub.o
cd C:/xup/SDSoC/labs/lab3a/SDDebug/_sds/swstubs
# INFO: [SDSoC 0-0] Compile accelerator stub functions
arm-xilinx-eabi-gcc -c edge_detect.c   -I C:/Xilinx/SDSoC/2015.4/arm-xilinx-eabi/include  -I C:/Xilinx/SDSoC/2015.4/Vivado_HLS/2015.4/include -IC:/xup/SDSoC/labs/lab3a/src -IC:/xup/SDSoC/labs/lab3a/src -DTIME_SHARPEN -DTIME_EDGE_DETECT -Wall -O0 -g -fmessage-length=0 -MMD -MP -D __SDSCC__  -o edge_detect.o
arm-xilinx-eabi-gcc -c sharpen.c   -I C:/Xilinx/SDSoC/2015.4/arm-xilinx-eabi/include  -I C:/Xilinx/SDSoC/2015.4/Vivado_HLS/2015.4/include -IC:/xup/SDSoC/labs/lab3a/src -IC:/xup/SDSoC/labs/lab3a/src -DTIME_SHARPEN -DTIME_EDGE_DETECT -Wall -O0 -g -fmessage-length=0 -MMD -MP -D __SDSCC__  -o sharpen.o
cd C:/xup/SDSoC/labs/lab3a/SDDebug
cd C:/xup/SDSoC/labs/lab3a/SDDebug/_sds/swstubs
arm-xilinx-eabi-ar crs C:/xup/SDSoC/labs/lab3a/SDDebug/_sds/swstubs/liblab3a.a C:/xup/SDSoC/labs/lab3a/SDDebug/_sds/swstubs/devreg.o C:/xup/SDSoC/labs/lab3a/SDDebug/_sds/swstubs/portinfo.o C:/xup/SDSoC/labs/lab3a/SDDebug/_sds/swstubs/cf_stub.o C:/xup/SDSoC/labs/lab3a/SDDebug/_sds/swstubs/edge_detect.o C:/xup/SDSoC/labs/lab3a/SDDebug/_sds/swstubs/sharpen.o
cd C:/xup/SDSoC/labs/lab3a/SDDebug
cd C:/xup/SDSoC/labs/lab3a/SDDebug/_sds/swstubs/standalone_bsp
hsi -mode batch -notrace -quiet -source C:/xup/SDSoC/labs/lab3a/SDDebug/_sds/swstubs/standalone_bsp/create_bsp.tcl
# INFO: [SDSoC 0-0] Create board support package library
hsi -mode batch -notrace -quiet -source C:/xup/SDSoC/labs/lab3a/SDDebug/_sds/swstubs/standalone_bsp/create_bsp_post.tcl
cd C:/xup/SDSoC/labs/lab3a/SDDebug
# INFO: [SDSoC 0-0] Link application ELF file
arm-xilinx-eabi-g++ -Wl,-T -Wl,C:/Xilinx/SDSoC/2015.4/platforms/zed/arm-xilinx-eabi/lscript.ld  C:/xup/SDSoC/labs/lab3a/SDDebug/src/rgb_2_gray.o C:/xup/SDSoC/labs/lab3a/SDDebug/_sds/swstubs/SDSoC_lab_design_main.o C:/xup/SDSoC/labs/lab3a/SDDebug/_sds/swstubs/edge_detect.o C:/xup/SDSoC/labs/lab3a/SDDebug/_sds/swstubs/sharpen.o   -L C:/xup/SDSoC/labs/lab3a/SDDebug/_sds/swstubs/standalone_bsp/ps7_cortexa9_0/lib  -L C:/Xilinx/SDSoC/2015.4/platforms/zed/arm-xilinx-eabi/lib -L C:/Xilinx/SDSoC/2015.4/arm-xilinx-eabi/lib -LC:/xup/SDSoC/labs/lab3a/SDDebug/_sds/swstubs -Wl,--start-group -lxilffs -lgcc -lc -lstdc++ -Wl,--end-group -Wl,--start-group   -lxilffs -lxil -lgcc -lc  -lsds_lib -lxlnk_stub -lgcc -lc -Wl,--end-group -o C:/xup/SDSoC/labs/lab3a/SDDebug/_sds/swstubs/lab3a.elf
arm-xilinx-eabi-objcopy -R .xdinfo -R .xddata -R .xdasm -R .xdfcnmap -R .xdhlscore -R .xdif -R .xdparams -R .xdcore -R .xdsdata -R .xdpp C:/xup/SDSoC/labs/lab3a/SDDebug/_sds/swstubs/lab3a.elf
cd C:/xup/SDSoC/labs/lab3a/SDDebug
# INFO: [SDSoC 0-0] Enable generation of hardware programming files
# INFO: [SDSoC 0-0] Enable generation of boot files
# INFO: [SDSoC 0-0] Calling system_linker for partition 0
system_linker -cf-input C:/xup/SDSoC/labs/lab3a/SDDebug/_sds/.llvm/apsys_0.xml -cf-output-dir _sds/p0 -ip-db C:/xup/SDSoC/labs/lab3a/SDDebug/_sds/.cdb/xd_ip_db.xml -ip-repo C:/xup/SDSoC/labs/lab3a/SDDebug/_sds/iprepo/repo -sds-pf C:/Xilinx/SDSoC/2015.4/platforms/zed:standalone -bitstream -bit-name lab3a.elf.bit -boot-files   -target-os standalone -mdev-no-swgen -mdev-no-xsd -sdsoc -sd-output-dir _sds/p0/sd_card -bit-binary -elf C:/xup/SDSoC/labs/lab3a/SDDebug/_sds/swstubs/lab3a.elf
# All user specified timing constraints are met.
# sds++ completed at Fri Jan 01 06:29:17 -0800 2016
