(c) Copyright 2012-2015 Xilinx, Inc. All Rights Reserved.
#-----------------------------------------------------------
# Tool version  : sdscc 2015.4 SW Build on Dec 14 2015 23:02:57
# Start time    : Fri Jan 01 05:50:37 -0800 2016
# Command line  : sdscc -DTIME_SHARPEN -DTIME_EDGE_DETECT -Wall -O0 -g -I../src -c -fmessage-length=0 -MTsrc/sharpen.o -MMD -MP -MFsrc/sharpen.d -MTsrc/sharpen.d -o src/sharpen.o ../src/sharpen.c -sds-hw sharpen_filter sharpen.c -clkid 1 -sds-end -sds-hw sobel_filter edge_detect.c -clkid 1 -sds-end -target-os standalone -sds-pf zed
# Log file      : C:/xup/SDSoC/labs/lab3a/SDDebug/_sds/reports/sds_sharpen.log
# Journal file  : C:/xup/SDSoC/labs/lab3a/SDDebug/_sds/reports/sds_sharpen.jou
# Report file   : C:/xup/SDSoC/labs/lab3a/SDDebug/_sds/reports/sds_sharpen.rpt
#-----------------------------------------------------------

# INFO: [SDSoC 0-0] Create data motion intermediate representation
clang_wrapper -target arm-xilinx-eabi -mcpu=cortex-a9 -mfpu=vfp -O0 -g     -I C:/Xilinx/SDSoC/2015.4/arm-xilinx-eabi/include  -I C:/Xilinx/SDSoC/2015.4/Vivado_HLS/2015.4/include   -IC:/Xilinx/SDSoC/2015.4/SDK/2015.4/gnu/arm/nt/lib/gcc/arm-xilinx-eabi/4.9.2/include  -IC:/Xilinx/SDSoC/2015.4/SDK/2015.4/gnu/arm/nt/lib/gcc/arm-xilinx-eabi/4.9.2/include-fixed  -IC:/Xilinx/SDSoC/2015.4/SDK/2015.4/gnu/arm/nt/arm-xilinx-eabi/include -I../src -DTIME_SHARPEN -DTIME_EDGE_DETECT -Wall -g -fmessage-length=0 -MMD -MP -D __SDSCC__ -emit-llvm -S C:/xup/SDSoC/labs/lab3a/src/sharpen.c -o C:/xup/SDSoC/labs/lab3a/SDDebug/_sds/.llvm/src/sharpen.s
# INFO: [SDSoC 0-0] Performing accelerator source linting for sharpen_filter
sdslint -func sharpen_filter C:/xup/SDSoC/labs/lab3a/src/sharpen.c -- -c -target arm-xilinx-eabi -mcpu=cortex-a9 -mfpu=vfp -O0 -g -w    -I C:/Xilinx/SDSoC/2015.4/arm-xilinx-eabi/include  -I C:/Xilinx/SDSoC/2015.4/Vivado_HLS/2015.4/include   -IC:/Xilinx/SDSoC/2015.4/SDK/2015.4/gnu/arm/nt/lib/gcc/arm-xilinx-eabi/4.9.2/include  -IC:/Xilinx/SDSoC/2015.4/SDK/2015.4/gnu/arm/nt/lib/gcc/arm-xilinx-eabi/4.9.2/include-fixed  -IC:/Xilinx/SDSoC/2015.4/SDK/2015.4/gnu/arm/nt/arm-xilinx-eabi/include -I../src -DTIME_SHARPEN -DTIME_EDGE_DETECT -Wall -g -fmessage-length=0 -MMD -MP -D __SDSCC__
arm-xilinx-eabi-gcc -c C:/xup/SDSoC/labs/lab3a/SDDebug/_sds/swstubs/sharpen.cpp -o C:/xup/SDSoC/labs/lab3a/SDDebug/_sds/swstubs/sharpen.o
arm-xilinx-eabi-objcopy --add-section .xdinfo=C:/xup/SDSoC/labs/lab3a/SDDebug/_sds/swstubs/sharpen.o.xml C:/xup/SDSoC/labs/lab3a/SDDebug/_sds/swstubs/sharpen.o
# INFO: [SDSoC 0-0] Performing pragma generation
clang_wrapper -E -target arm-xilinx-eabi -mcpu=cortex-a9 -mfpu=vfp -O0 -g -w    -I C:/Xilinx/SDSoC/2015.4/arm-xilinx-eabi/include  -I C:/Xilinx/SDSoC/2015.4/Vivado_HLS/2015.4/include   -IC:/Xilinx/SDSoC/2015.4/SDK/2015.4/gnu/arm/nt/lib/gcc/arm-xilinx-eabi/4.9.2/include  -IC:/Xilinx/SDSoC/2015.4/SDK/2015.4/gnu/arm/nt/lib/gcc/arm-xilinx-eabi/4.9.2/include-fixed  -IC:/Xilinx/SDSoC/2015.4/SDK/2015.4/gnu/arm/nt/arm-xilinx-eabi/include -IC:/xup/SDSoC/labs/lab3a/src -DTIME_SHARPEN -DTIME_EDGE_DETECT -Wall -g -fmessage-length=0 -MMD -MP -D __SDSCC__ -I C:/Xilinx/SDSoC/2015.4/arm-xilinx-eabi/include -IC:/xup/SDSoC/labs/lab3a/src -D __SDSVHLS__ C:/xup/SDSoC/labs/lab3a/src/sharpen.c -o C:/xup/SDSoC/labs/lab3a/SDDebug/_sds/vhls/sharpen_pp.c
pragma_gen  -func sharpen_filter   -tcl C:/xup/SDSoC/labs/lab3a/SDDebug/_sds/vhls/sharpen_filter.tcl  C:/xup/SDSoC/labs/lab3a/SDDebug/_sds/vhls/sharpen_pp.c  --  -c  -target arm-xilinx-eabi -mcpu=cortex-a9 -mfpu=vfp -O0 -g -w    -I C:/Xilinx/SDSoC/2015.4/arm-xilinx-eabi/include  -I C:/Xilinx/SDSoC/2015.4/Vivado_HLS/2015.4/include   -IC:/Xilinx/SDSoC/2015.4/SDK/2015.4/gnu/arm/nt/lib/gcc/arm-xilinx-eabi/4.9.2/include  -IC:/Xilinx/SDSoC/2015.4/SDK/2015.4/gnu/arm/nt/lib/gcc/arm-xilinx-eabi/4.9.2/include-fixed  -IC:/Xilinx/SDSoC/2015.4/SDK/2015.4/gnu/arm/nt/arm-xilinx-eabi/include  -D __SDSVHLS__ -IC:/xup/SDSoC/labs/lab3a/src -DTIME_SHARPEN -DTIME_EDGE_DETECT -Wall -O0 -g -fmessage-length=0 -MMD -MP -D __SDSCC__  -I C:/Xilinx/SDSoC/2015.4/arm-xilinx-eabi/include -IC:/xup/SDSoC/labs/lab3a/src
# INFO: [SDSoC 0-0] Moving function sharpen_filter to Programmable Logic
cd C:/xup/SDSoC/labs/lab3a/SDDebug/_sds/vhls
C:/Xilinx/SDSoC/2015.4/Vivado_HLS/2015.4/bin/vivado_hls C:/xup/SDSoC/labs/lab3a/SDDebug/_sds/vhls/sharpen_filter_run.tcl
cd C:/xup/SDSoC/labs/lab3a/SDDebug
cd C:/xup/SDSoC/labs/lab3a/SDDebug/_sds/vhls/sharpen_filter/solution/impl/ip
xsltproc --output component.xml  C:/Xilinx/SDSoC/2015.4/scripts/xsd/xdFixAximmAddrSpaceProperty.xsl  component.xml
zip -u xilinx_com_hls_sharpen_filter_1_0.zip component.xml
cd C:/xup/SDSoC/labs/lab3a/SDDebug/_sds/vhls
sed -i -e {s/xilinx\.com\/xidane/xilinx\.com\/xd/g} C:/xup/SDSoC/labs/lab3a/SDDebug/_sds/vhls/sharpen_filter/solution/impl/ip/auxiliary.xml
cd C:/xup/SDSoC/labs/lab3a/SDDebug
cd C:/xup/SDSoC/labs/lab3a/SDDebug/_sds/.llvm
xsltproc  --output C:/xup/SDSoC/labs/lab3a/SDDebug/_sds/.llvm/sharpen_filter.hlsmap1.xml  --stringparam P_CLKID 1  --stringparam P_HLS_TYPE hls  C:/Xilinx/SDSoC/2015.4/scripts/xsd/xdHlsmapRenameAttr.xsl  C:/xup/SDSoC/labs/lab3a/SDDebug/_sds/.llvm/sharpen_filter_auxiliary.xml
xsltproc  --output C:/xup/SDSoC/labs/lab3a/SDDebug/_sds/.llvm/sharpen_filter.hlsmap.xml  C:/Xilinx/SDSoC/2015.4/scripts/xsd/xdHlsmapAdapter.xsl  C:/xup/SDSoC/labs/lab3a/SDDebug/_sds/.llvm/sharpen_filter.hlsmap1.xml
xsltproc    --output C:/xup/SDSoC/labs/lab3a/SDDebug/_sds/.llvm/sharpen_filter.fcnmap.xml  C:/Xilinx/SDSoC/2015.4/scripts/xsd/xdHlsmapAxi4.xsl  C:/xup/SDSoC/labs/lab3a/SDDebug/_sds/.llvm/sharpen_filter.hlsmap.xml
xsltproc  --output C:/xup/SDSoC/labs/lab3a/SDDebug/_sds/.llvm/sharpen_filter_if.xml  C:/Xilinx/SDSoC/2015.4/scripts/xsd/xdHlsAdapterComp.xsl  C:/xup/SDSoC/labs/lab3a/SDDebug/_sds/.llvm/sharpen_filter.fcnmap.xml
cd C:/xup/SDSoC/labs/lab3a/SDDebug
arm-xilinx-eabi-objcopy --add-section .xddata=C:/xup/SDSoC/labs/lab3a/SDDebug/_sds/swstubs/sharpen_filter.xml C:/xup/SDSoC/labs/lab3a/SDDebug/_sds/swstubs/sharpen.o
arm-xilinx-eabi-objcopy --add-section .xdasm=C:/xup/SDSoC/labs/lab3a/SDDebug/_sds/.llvm/src/sharpen.s C:/xup/SDSoC/labs/lab3a/SDDebug/_sds/swstubs/sharpen.o
arm-xilinx-eabi-gcc -E -I../src -DTIME_SHARPEN -DTIME_EDGE_DETECT -Wall -O0 -g -fmessage-length=0 -MMD -MP -D __SDSCC__ -MTC:/xup/SDSoC/labs/lab3a/SDDebug/src/sharpen.o -MFC:/xup/SDSoC/labs/lab3a/SDDebug/src/sharpen.d -MTC:/xup/SDSoC/labs/lab3a/SDDebug/src/sharpen.d   -I C:/Xilinx/SDSoC/2015.4/arm-xilinx-eabi/include  -I C:/Xilinx/SDSoC/2015.4/Vivado_HLS/2015.4/include C:/xup/SDSoC/labs/lab3a/src/sharpen.c -o C:/xup/SDSoC/labs/lab3a/SDDebug/_sds/.pp/sharpen.i
arm-xilinx-eabi-objcopy --add-section .xdpp=C:/xup/SDSoC/labs/lab3a/SDDebug/_sds/.pp/sharpen.i C:/xup/SDSoC/labs/lab3a/SDDebug/_sds/swstubs/sharpen.o
arm-xilinx-eabi-objcopy --add-section .xdfcnmap=C:/xup/SDSoC/labs/lab3a/SDDebug/_sds/.llvm/sharpen_filter.fcnmap.xml C:/xup/SDSoC/labs/lab3a/SDDebug/_sds/swstubs/sharpen.o
arm-xilinx-eabi-objcopy --add-section .xdhlscore=C:/xup/SDSoC/labs/lab3a/SDDebug/_sds/vhls/sharpen_filter/solution/impl/ip/xilinx_com_hls_sharpen_filter_1_0.zip C:/xup/SDSoC/labs/lab3a/SDDebug/_sds/swstubs/sharpen.o
arm-xilinx-eabi-objcopy --add-section .xdif=C:/xup/SDSoC/labs/lab3a/SDDebug/_sds/.llvm/sharpen_filter_if.xml C:/xup/SDSoC/labs/lab3a/SDDebug/_sds/swstubs/sharpen.o
# sdscc completed at Fri Jan 01 05:51:05 -0800 2016
